{"run": "runs/20260911T020021-87fd99b4/run.json", "exit_code": 0}
{"run": "runs/20260911T020022-b9226b11/run.json", "exit_code": 0}
{"run": "runs/20260911T020024-03ccebe5/run.json", "exit_code": 0}
{"run": "runs/20260911T020051-8259cad0/run.json", "exit_code": 0}
{"run": "runs/20260911T020054-6802316b/run.json", "exit_code": 0}
{"run": "runs/20260911T020101-e5c5474c/run.json", "exit_code": 0}
{"run": "runs/20260911T020108-d572268e/run.json", "exit_code": 0}
{"run": "runs/20260911T020116-9aa51ef5/run.json", "exit_code": 0}
{"run": "runs/20260911T020118-8ba2338e/run.json", "exit_code": 0}
{
  "schema_version": "0.1",
  "extractor_build": {
    "argv": [
      "lake",
      "build",
      "LemmaWeave.Audit.Extract"
    ],
    "exit_code": 0,
    "run": "runs/20260911T020021-87fd99b4/run.json"
  },
  "variants": [
    {
      "proof_variant_id": "JP-DNC-CT-2026-MAIN-M1-Q01-S01-01-V1",
      "build": {
        "argv": [
          "lake",
          "build",
          "LemmaWeave.Problems.DNC2026M1.ProofInequalities"
        ],
        "exit_code": 0,
        "run": "runs/20260911T020022-b9226b11/run.json"
      },
      "audit": {
        "argv": [
          "lake",
          "env",
          "lean",
          "work/audit_JP-DNC-CT-2026-MAIN-M1-Q01-S01-01-V1.lean"
        ],
        "exit_code": 0,
        "run": "runs/20260911T020024-03ccebe5/run.json"
      },
      "graphs": {
        "LemmaWeave.Problems.DNC2026M1.inequalities_solution": "work/LemmaWeave.Problems.DNC2026M1.inequalities_solution-graph.json"
      }
    },
    {
      "proof_variant_id": "JP-DNC-CT-2026-MAIN-M1-Q01-S02-01-V1",
      "build": {
        "argv": [
          "lake",
          "build",
          "LemmaWeave.Problems.DNC2026M1.ProofSets"
        ],
        "exit_code": 0,
        "run": "runs/20260911T020051-8259cad0/run.json"
      },
      "audit": {
        "argv": [
          "lake",
          "env",
          "lean",
          "work/audit_JP-DNC-CT-2026-MAIN-M1-Q01-S02-01-V1.lean"
        ],
        "exit_code": 0,
        "run": "runs/20260911T020054-6802316b/run.json"
      },
      "graphs": {
        "LemmaWeave.Problems.DNC2026M1.sets_solution": "work/LemmaWeave.Problems.DNC2026M1.sets_solution-graph.json"
      }
    },
    {
      "proof_variant_id": "JP-DNC-CT-2026-MAIN-M1-Q01-S02-02I-V1",
      "build": {
        "argv": [
          "lake",
          "build",
          "LemmaWeave.Problems.DNC2026M1.ProofSets"
        ],
        "exit_code": 0,
        "run": "runs/20260911T020051-8259cad0/run.json"
      },
      "audit": {
        "argv": [
          "lake",
          "env",
          "lean",
          "work/audit_JP-DNC-CT-2026-MAIN-M1-Q01-S02-02I-V1.lean"
        ],
        "exit_code": 0,
        "run": "runs/20260911T020101-e5c5474c/run.json"
      },
      "graphs": {
        "LemmaWeave.Problems.DNC2026M1.parameter_solution": "work/LemmaWeave.Problems.DNC2026M1.parameter_solution-graph.json"
      }
    },
    {
      "proof_variant_id": "JP-DNC-CT-2026-MAIN-M1-Q01-S02-02II-V1",
      "build": {
        "argv": [
          "lake",
          "build",
          "LemmaWeave.Problems.DNC2026M1.ProofSets"
        ],
        "exit_code": 0,
        "run": "runs/20260911T020051-8259cad0/run.json"
      },
      "audit": {
        "argv": [
          "lake",
          "env",
          "lean",
          "work/audit_JP-DNC-CT-2026-MAIN-M1-Q01-S02-02II-V1.lean"
        ],
        "exit_code": 0,
        "run": "runs/20260911T020108-d572268e/run.json"
      },
      "graphs": {
        "LemmaWeave.Problems.DNC2026M1.pair_solution": "work/LemmaWeave.Problems.DNC2026M1.pair_solution-graph.json"
      }
    },
    {
      "proof_variant_id": "JP-DNC-CT-2026-MAIN-M1-Q03-S02-01-V1",
      "build": {
        "argv": [
          "lake",
          "build",
          "LemmaWeave.Problems.DNC2026M1.ProofExtrema"
        ],
        "exit_code": 0,
        "run": "runs/20260911T020116-9aa51ef5/run.json"
      },
      "audit": {
        "argv": [
          "lake",
          "env",
          "lean",
          "work/audit_JP-DNC-CT-2026-MAIN-M1-Q03-S02-01-V1.lean"
        ],
        "exit_code": 0,
        "run": "runs/20260911T020118-8ba2338e/run.json"
      },
      "graphs": {
        "LemmaWeave.Problems.DNC2026M1.extrema_solution": "work/LemmaWeave.Problems.DNC2026M1.extrema_solution-graph.json"
      }
    }
  ],
  "does_not_promote_ledger": true
}
