{"run": "runs/20260911T232651-5dcee539/run.json", "exit_code": 0}
{"run": "runs/20260911T232652-266918f1/run.json", "exit_code": 0}
{"run": "runs/20260911T232653-6e73828b/run.json", "exit_code": 0}
{"run": "runs/20260911T232716-5c31fc3d/run.json", "exit_code": 0}
{"run": "runs/20260911T232719-10dc6b6e/run.json", "exit_code": 0}
{"run": "runs/20260911T232725-7b0ad01e/run.json", "exit_code": 0}
{"run": "runs/20260911T232732-4c3d2e75/run.json", "exit_code": 0}
{"run": "runs/20260911T232739-439b4b54/run.json", "exit_code": 0}
{"run": "runs/20260911T232741-b05bd59a/run.json", "exit_code": 0}
{
  "schema_version": "0.1",
  "extractor_build": {
    "argv": [
      "lake",
      "build",
      "LemmaWeave.Audit.Extract"
    ],
    "exit_code": 0,
    "run": "runs/20260911T232651-5dcee539/run.json"
  },
  "variants": [
    {
      "proof_variant_id": "JP-DNC-CT-2026-MAIN-M1-Q01-S01-01-V1",
      "build": {
        "argv": [
          "lake",
          "build",
          "LemmaWeave.Problems.DNC2026M1.ProofInequalities"
        ],
        "exit_code": 0,
        "run": "runs/20260911T232652-266918f1/run.json"
      },
      "audit": {
        "argv": [
          "lake",
          "env",
          "lean",
          "work/audit_JP-DNC-CT-2026-MAIN-M1-Q01-S01-01-V1.lean"
        ],
        "exit_code": 0,
        "run": "runs/20260911T232653-6e73828b/run.json"
      },
      "graphs": {
        "LemmaWeave.Problems.DNC2026M1.inequalities_solution": "work/LemmaWeave.Problems.DNC2026M1.inequalities_solution-graph.json"
      }
    },
    {
      "proof_variant_id": "JP-DNC-CT-2026-MAIN-M1-Q01-S02-01-V1",
      "build": {
        "argv": [
          "lake",
          "build",
          "LemmaWeave.Problems.DNC2026M1.ProofSets"
        ],
        "exit_code": 0,
        "run": "runs/20260911T232716-5c31fc3d/run.json"
      },
      "audit": {
        "argv": [
          "lake",
          "env",
          "lean",
          "work/audit_JP-DNC-CT-2026-MAIN-M1-Q01-S02-01-V1.lean"
        ],
        "exit_code": 0,
        "run": "runs/20260911T232719-10dc6b6e/run.json"
      },
      "graphs": {
        "LemmaWeave.Problems.DNC2026M1.sets_solution": "work/LemmaWeave.Problems.DNC2026M1.sets_solution-graph.json"
      }
    },
    {
      "proof_variant_id": "JP-DNC-CT-2026-MAIN-M1-Q01-S02-02I-V1",
      "build": {
        "argv": [
          "lake",
          "build",
          "LemmaWeave.Problems.DNC2026M1.ProofSets"
        ],
        "exit_code": 0,
        "run": "runs/20260911T232716-5c31fc3d/run.json"
      },
      "audit": {
        "argv": [
          "lake",
          "env",
          "lean",
          "work/audit_JP-DNC-CT-2026-MAIN-M1-Q01-S02-02I-V1.lean"
        ],
        "exit_code": 0,
        "run": "runs/20260911T232725-7b0ad01e/run.json"
      },
      "graphs": {
        "LemmaWeave.Problems.DNC2026M1.parameter_solution": "work/LemmaWeave.Problems.DNC2026M1.parameter_solution-graph.json"
      }
    },
    {
      "proof_variant_id": "JP-DNC-CT-2026-MAIN-M1-Q01-S02-02II-V1",
      "build": {
        "argv": [
          "lake",
          "build",
          "LemmaWeave.Problems.DNC2026M1.ProofSets"
        ],
        "exit_code": 0,
        "run": "runs/20260911T232716-5c31fc3d/run.json"
      },
      "audit": {
        "argv": [
          "lake",
          "env",
          "lean",
          "work/audit_JP-DNC-CT-2026-MAIN-M1-Q01-S02-02II-V1.lean"
        ],
        "exit_code": 0,
        "run": "runs/20260911T232732-4c3d2e75/run.json"
      },
      "graphs": {
        "LemmaWeave.Problems.DNC2026M1.pair_solution": "work/LemmaWeave.Problems.DNC2026M1.pair_solution-graph.json"
      }
    },
    {
      "proof_variant_id": "JP-DNC-CT-2026-MAIN-M1-Q03-S02-01-V1",
      "build": {
        "argv": [
          "lake",
          "build",
          "LemmaWeave.Problems.DNC2026M1.ProofExtrema"
        ],
        "exit_code": 0,
        "run": "runs/20260911T232739-439b4b54/run.json"
      },
      "audit": {
        "argv": [
          "lake",
          "env",
          "lean",
          "work/audit_JP-DNC-CT-2026-MAIN-M1-Q03-S02-01-V1.lean"
        ],
        "exit_code": 0,
        "run": "runs/20260911T232741-b05bd59a/run.json"
      },
      "graphs": {
        "LemmaWeave.Problems.DNC2026M1.extrema_solution": "work/LemmaWeave.Problems.DNC2026M1.extrema_solution-graph.json"
      }
    }
  ],
  "does_not_promote_ledger": true
}
