info: mathlib: cloning https://github.com/leanprover-community/mathlib4.git
info: mathlib: checking out revision '0df444a360eaa60ab8c11dca51a86af692955474'
info: plausible: cloning https://github.com/leanprover-community/plausible
info: plausible: checking out revision 'b7eb3304aeae834b12dda98993a37f6a41f6f0bb'
info: LeanSearchClient: cloning https://github.com/leanprover-community/LeanSearchClient
info: LeanSearchClient: checking out revision '5f4d51b81cbd3f6b32b156bfad9056621a040404'
info: importGraph: cloning https://github.com/leanprover-community/import-graph
info: importGraph: checking out revision '16f02aa7642864af59f1ff0e384a015994db9118'
info: proofwidgets: cloning https://github.com/leanprover-community/ProofWidgets4
info: proofwidgets: checking out revision '4be2e3d5087eeb272cf5a8853b8f9dd025ef5957'
info: aesop: cloning https://github.com/leanprover-community/aesop
info: aesop: checking out revision '3448c0bcc5ce01b2d1546e483ec3620e32df3d0e'
info: Qq: cloning https://github.com/leanprover-community/quote4
info: Qq: checking out revision '92c15be17b7caf78c2ad767ec40f89052d908d81'
info: batteries: cloning https://github.com/leanprover-community/batteries
info: batteries: checking out revision '4488d40d070b9700d4d5a6aa342f0d40c31b2a2d'
info: Cli: cloning https://github.com/leanprover/lean4-cli
info: Cli: checking out revision '6130a47896ce867c6a4a55373441e59e565bad0f'
✔ [1/11] Built Cache.Cli (322ms)
✔ [2/11] Built Cache.Lean (369ms)
✔ [6/26] Built Cache.Cli:c.o (168ms)
✔ [7/26] Built Cache.Lean:c.o (259ms)
✔ [8/26] Built Cache.Infra (445ms)
✔ [9/26] Built Cache.Infra:c.o (198ms)
✔ [10/26] Built Batteries.Tactic.OpenPrivate (860ms)
✔ [11/26] Built Batteries.Tactic.OpenPrivate:c.o (1.2s)
✔ [12/26] Built Cache.IO (1.3s)
✔ [13/26] Built Cache.Hashing (677ms)
✔ [14/26] Built Cache.Hashing:c.o (576ms)
✔ [15/26] Built Cache.IO:c.o (1.6s)
✔ [16/26] Built Cache.Requests (1.0s)
✔ [17/26] Built Cache.Marker (494ms)
✔ [18/26] Built Cache.Marker:c.o (152ms)
✔ [19/26] Built Cache.Query (654ms)
✔ [20/26] Built Cache.Query:c.o (402ms)
✔ [21/26] Built Cache.Warning (713ms)
✔ [22/26] Built Cache.Warning:c.o (250ms)
✔ [23/26] Built Cache.Requests:c.o (2.9s)
✔ [24/26] Built Cache.Main (1.1s)
✔ [25/26] Built Cache.Main:c.o (932ms)
✔ [26/26] Built cache:exe (630ms)
Downloaded: 1 file(s) [attempted 1/2991 = 0%, 173 KB/s], Decompressed: 0Downloaded: 30 file(s) [attempted 30/2991 = 1%, 44 KB/s], Decompressed: 22Downloaded: 264 file(s) [attempted 264/2991 = 8%, 3018 KB/s], Decompressed: 30Downloaded: 451 file(s) [attempted 451/2991 = 15%, 1379 KB/s], Decompressed: 30Downloaded: 712 file(s) [attempted 712/2991 = 23%, 3818 KB/s], Decompressed: 91Downloaded: 978 file(s) [attempted 978/2991 = 32%, 3707 KB/s], Decompressed: 91Downloaded: 1237 file(s) [attempted 1237/2991 = 41%, 6896 KB/s], Decompressed: 91Downloaded: 1495 file(s) [attempted 1495/2991 = 49%, 1783 KB/s], Decompressed: 91Downloaded: 1703 file(s) [attempted 1703/2991 = 56%, 14015 KB/s], Decompressed: 91Downloaded: 1905 file(s) [attempted 1905/2991 = 63%, 12146 KB/s], Decompressed: 91Downloaded: 2124 file(s) [attempted 2124/2991 = 71%, 6864 KB/s], Decompressed: 91Downloaded: 2432 file(s) [attempted 2432/2991 = 81%, 29223 KB/s], Decompressed: 91Downloaded: 2733 file(s) [attempted 2733/2991 = 91%, 65197 KB/s], Decompressed: 91Downloaded: 2989 file(s) [attempted 2989/2991 = 99%, 17948 KB/s], Decompressed: 91Downloaded: 2991 file(s) [attempted 2991/2991 = 100%, 17948 KB/s], Decompressed: 91
