test_cached_axiom_disagreement_is_partial (test_graph_annotation.GraphAnnotation.test_cached_axiom_disagreement_is_partial) ... ok
test_formal_mutual_cycle_preserved (test_graph_annotation.GraphAnnotation.test_formal_mutual_cycle_preserved) ... ok
test_allowed_axiom_is_reported (test_guards.GraphGuards.test_allowed_axiom_is_reported) ... ok
test_allowlist_does_not_allow_unknown_axiom (test_guards.GraphGuards.test_allowlist_does_not_allow_unknown_axiom) ... ok
test_alternative_learning_variants_do_not_form_false_cycle (test_guards.GraphGuards.test_alternative_learning_variants_do_not_form_false_cycle) ... ok
test_cas_command_cannot_substitute_for_lake (test_guards.GraphGuards.test_cas_command_cannot_substitute_for_lake) ... ok
test_erased_body_is_partial (test_guards.GraphGuards.test_erased_body_is_partial) ... ok
test_formal_cycle_terminates (test_guards.GraphGuards.test_formal_cycle_terminates) ... ok
test_hidden_custom_axiom (test_guards.GraphGuards.test_hidden_custom_axiom) ... ok
test_hidden_sorry (test_guards.GraphGuards.test_hidden_sorry) ... ok
test_limit_is_partial (test_guards.GraphGuards.test_limit_is_partial) ... ok
test_missing_reference_is_partial (test_guards.GraphGuards.test_missing_reference_is_partial) ... ok
test_no_empty_freeze (test_guards.GraphGuards.test_no_empty_freeze) ... ok
test_stale_run_is_rejected (test_guards.GraphGuards.test_stale_run_is_rejected) ... ok
test_unrelated_learning_edges_do_not_constrain_order (test_guards.GraphGuards.test_unrelated_learning_edges_do_not_constrain_order) ... ok
test_changed_type_invalidates_mapping (test_inventory.InventoryEvidence.test_changed_type_invalidates_mapping) ... ok
test_exact_evidence_is_mapped (test_inventory.InventoryEvidence.test_exact_evidence_is_mapped) ... ok
test_mathematics_cannot_be_blanket_implementation (test_inventory.InventoryEvidence.test_mathematics_cannot_be_blanket_implementation) ... ok
test_missing_japanese_card_is_not_coverage (test_inventory.InventoryEvidence.test_missing_japanese_card_is_not_coverage) ... ok
test_modified_or_self_reviewed_rule_is_rejected (test_inventory.InventoryEvidence.test_modified_or_self_reviewed_rule_is_rejected) ... ok
test_name_alone_does_not_count (test_inventory.InventoryEvidence.test_name_alone_does_not_count) ... ok
test_reproducible_reports_keep_unclassified_statement (test_inventory.InventoryEvidence.test_reproducible_reports_keep_unclassified_statement) ... ok
test_reviewed_syntax_rule_cannot_cover_mathematical_theorems (test_inventory.InventoryEvidence.test_reviewed_syntax_rule_cannot_cover_mathematical_theorems) ... ok
test_unknown_prerequisite_is_rejected (test_inventory.InventoryEvidence.test_unknown_prerequisite_is_rejected) ... ok
test_wrong_backlink_is_rejected (test_inventory.InventoryEvidence.test_wrong_backlink_is_rejected) ... ok
test_evidence_import_rejects_paths_outside_output_roots (test_inventory.SemanticEvidence.test_evidence_import_rejects_paths_outside_output_roots) ... ok
test_imported_local_lemma_is_required_evidence (test_inventory.SemanticEvidence.test_imported_local_lemma_is_required_evidence) ... ok
test_incomplete_replay_does_not_promote_or_write (test_inventory.SemanticEvidence.test_incomplete_replay_does_not_promote_or_write) ... ok
test_location_sidecar_cannot_omit_or_substitute_a_declaration (test_inventory.SemanticEvidence.test_location_sidecar_cannot_omit_or_substitute_a_declaration) ... ok
test_pilot_requires_diversity_and_modeling_not_just_counts (test_inventory.SemanticEvidence.test_pilot_requires_diversity_and_modeling_not_just_counts) ... ok
test_review_cannot_cross_source_spec_or_session (test_inventory.SemanticEvidence.test_review_cannot_cross_source_spec_or_session) ... ok

----------------------------------------------------------------------
Ran 31 tests in 0.017s

OK
