info: mathlib: cloning https://github.com/leanprover-community/mathlib4.git
info: mathlib: checking out revision '0df444a360eaa60ab8c11dca51a86af692955474'
info: plausible: cloning https://github.com/leanprover-community/plausible
info: plausible: checking out revision 'b7eb3304aeae834b12dda98993a37f6a41f6f0bb'
info: LeanSearchClient: cloning https://github.com/leanprover-community/LeanSearchClient
info: LeanSearchClient: checking out revision '5f4d51b81cbd3f6b32b156bfad9056621a040404'
info: importGraph: cloning https://github.com/leanprover-community/import-graph
info: importGraph: checking out revision '16f02aa7642864af59f1ff0e384a015994db9118'
info: proofwidgets: cloning https://github.com/leanprover-community/ProofWidgets4
info: proofwidgets: checking out revision '4be2e3d5087eeb272cf5a8853b8f9dd025ef5957'
info: aesop: cloning https://github.com/leanprover-community/aesop
info: aesop: checking out revision '3448c0bcc5ce01b2d1546e483ec3620e32df3d0e'
info: Qq: cloning https://github.com/leanprover-community/quote4
info: Qq: checking out revision '92c15be17b7caf78c2ad767ec40f89052d908d81'
info: batteries: cloning https://github.com/leanprover-community/batteries
info: batteries: checking out revision '4488d40d070b9700d4d5a6aa342f0d40c31b2a2d'
info: Cli: cloning https://github.com/leanprover/lean4-cli
info: Cli: checking out revision '6130a47896ce867c6a4a55373441e59e565bad0f'
✔ [1/5] Built Cache.Cli (271ms)
✔ [2/5] Built Cache.Lean (280ms)
✔ [6/26] Built Cache.Cli:c.o (137ms)
✔ [7/26] Built Cache.Lean:c.o (186ms)
✔ [8/26] Built Cache.Infra (382ms)
✔ [9/26] Built Cache.Infra:c.o (157ms)
✔ [10/26] Built Batteries.Tactic.OpenPrivate (721ms)
✔ [11/26] Built Cache.IO (1.1s)
✔ [12/26] Built Batteries.Tactic.OpenPrivate:c.o (1.0s)
✔ [13/26] Built Cache.Hashing (569ms)
✔ [14/26] Built Cache.Hashing:c.o (463ms)
✔ [15/26] Built Cache.IO:c.o (1.3s)
✔ [16/26] Built Cache.Requests (1.6s)
✔ [17/26] Built Cache.Marker (409ms)
✔ [18/26] Built Cache.Marker:c.o (134ms)
✔ [19/26] Built Cache.Query (491ms)
✔ [20/26] Built Cache.Query:c.o (318ms)
✔ [21/26] Built Cache.Warning (569ms)
✔ [22/26] Built Cache.Warning:c.o (210ms)
✔ [23/26] Built Cache.Main (916ms)
✔ [24/26] Built Cache.Requests:c.o (2.4s)
✔ [25/26] Built Cache.Main:c.o (736ms)
✔ [26/26] Built cache:exe (589ms)
Downloaded: 1 file(s) [attempted 1/2991 = 0%, 131 KB/s], Decompressed: 0Downloaded: 336 file(s) [attempted 336/2991 = 11%, 813 KB/s], Decompressed: 1Downloaded: 639 file(s) [attempted 639/2991 = 21%, 9769 KB/s], Decompressed: 44Downloaded: 882 file(s) [attempted 882/2991 = 29%, 11297 KB/s], Decompressed: 44Downloaded: 1127 file(s) [attempted 1127/2991 = 37%, 15017 KB/s], Decompressed: 44Downloaded: 1441 file(s) [attempted 1441/2991 = 48%, 12285 KB/s], Decompressed: 44Downloaded: 1776 file(s) [attempted 1776/2991 = 59%, 8903 KB/s], Decompressed: 44Downloaded: 2156 file(s) [attempted 2156/2991 = 72%, 1930 KB/s], Decompressed: 44Downloaded: 2410 file(s) [attempted 2410/2991 = 80%, 3448 KB/s], Decompressed: 44Downloaded: 2649 file(s) [attempted 2649/2991 = 88%, 10769 KB/s], Decompressed: 44Downloaded: 2938 file(s) [attempted 2938/2991 = 98%, 19176 KB/s], Decompressed: 44Downloaded: 2987 file(s) [attempted 2987/2991 = 99%, 2915 KB/s], Decompressed: 44Downloaded: 2991 file(s) [attempted 2991/2991 = 100%, 2915 KB/s], Decompressed: 44
