test_cached_axiom_disagreement_is_partial (test_graph_annotation.GraphAnnotation.test_cached_axiom_disagreement_is_partial) ... ok
test_formal_mutual_cycle_preserved (test_graph_annotation.GraphAnnotation.test_formal_mutual_cycle_preserved) ... ok
test_allowed_axiom_is_reported (test_guards.GraphGuards.test_allowed_axiom_is_reported) ... ok
test_allowlist_does_not_allow_unknown_axiom (test_guards.GraphGuards.test_allowlist_does_not_allow_unknown_axiom) ... ok
test_alternative_learning_variants_do_not_form_false_cycle (test_guards.GraphGuards.test_alternative_learning_variants_do_not_form_false_cycle) ... ok
test_cas_command_cannot_substitute_for_lake (test_guards.GraphGuards.test_cas_command_cannot_substitute_for_lake) ... ok
test_erased_body_is_partial (test_guards.GraphGuards.test_erased_body_is_partial) ... ok
test_formal_cycle_terminates (test_guards.GraphGuards.test_formal_cycle_terminates) ... ok
test_hidden_custom_axiom (test_guards.GraphGuards.test_hidden_custom_axiom) ... ok
test_hidden_sorry (test_guards.GraphGuards.test_hidden_sorry) ... ok
test_limit_is_partial (test_guards.GraphGuards.test_limit_is_partial) ... ok
test_missing_reference_is_partial (test_guards.GraphGuards.test_missing_reference_is_partial) ... ok
test_no_empty_freeze (test_guards.GraphGuards.test_no_empty_freeze) ... ok
test_stale_run_is_rejected (test_guards.GraphGuards.test_stale_run_is_rejected) ... ok
test_unrelated_learning_edges_do_not_constrain_order (test_guards.GraphGuards.test_unrelated_learning_edges_do_not_constrain_order) ... ok
test_changed_type_invalidates_mapping (test_inventory.InventoryEvidence.test_changed_type_invalidates_mapping) ... ok
test_exact_evidence_is_mapped (test_inventory.InventoryEvidence.test_exact_evidence_is_mapped) ... ok
test_mathematics_cannot_be_blanket_implementation (test_inventory.InventoryEvidence.test_mathematics_cannot_be_blanket_implementation) ... ok
test_missing_japanese_card_is_not_coverage (test_inventory.InventoryEvidence.test_missing_japanese_card_is_not_coverage) ... ok
test_modified_or_self_reviewed_rule_is_rejected (test_inventory.InventoryEvidence.test_modified_or_self_reviewed_rule_is_rejected) ... ok
test_name_alone_does_not_count (test_inventory.InventoryEvidence.test_name_alone_does_not_count) ... ok
test_reproducible_reports_keep_unclassified_statement (test_inventory.InventoryEvidence.test_reproducible_reports_keep_unclassified_statement) ... ok
test_reviewed_syntax_rule_cannot_cover_mathematical_theorems (test_inventory.InventoryEvidence.test_reviewed_syntax_rule_cannot_cover_mathematical_theorems) ... ok
test_unknown_prerequisite_is_rejected (test_inventory.InventoryEvidence.test_unknown_prerequisite_is_rejected) ... ok
test_wrong_backlink_is_rejected (test_inventory.InventoryEvidence.test_wrong_backlink_is_rejected) ... ok
test_evidence_import_rejects_paths_outside_output_roots (test_inventory.SemanticEvidence.test_evidence_import_rejects_paths_outside_output_roots) ... ok
test_imported_local_lemma_is_required_evidence (test_inventory.SemanticEvidence.test_imported_local_lemma_is_required_evidence) ... ok
test_incomplete_replay_does_not_promote_or_write (test_inventory.SemanticEvidence.test_incomplete_replay_does_not_promote_or_write) ... ok
test_location_sidecar_cannot_omit_or_substitute_a_declaration (test_inventory.SemanticEvidence.test_location_sidecar_cannot_omit_or_substitute_a_declaration) ... ok
test_pilot_requires_diversity_and_modeling_not_just_counts (test_inventory.SemanticEvidence.test_pilot_requires_diversity_and_modeling_not_just_counts) ... ok
test_review_cannot_cross_source_spec_or_session (test_inventory.SemanticEvidence.test_review_cannot_cross_source_spec_or_session) ... ok
test_stale_input_or_modified_graph_cannot_promote_proof (test_method_recipes.MethodProofEvidence.test_stale_input_or_modified_graph_cannot_promote_proof) ... ok
test_actual_dependencies_and_review_status_are_separate (test_method_recipes.MethodRecipes.test_actual_dependencies_and_review_status_are_separate) ... ok
test_cycle_in_recipe_is_rejected (test_method_recipes.MethodRecipes.test_cycle_in_recipe_is_rejected) ... ok
test_dependency_from_another_root_is_rejected (test_method_recipes.MethodRecipes.test_dependency_from_another_root_is_rejected) ... ok
test_earlier_line_must_be_used_in_claimed_followup (test_method_recipes.MethodRecipes.test_earlier_line_must_be_used_in_claimed_followup) ... ok
test_empty_steps_are_rejected (test_method_recipes.MethodRecipes.test_empty_steps_are_rejected) ... ok
test_forbidden_axiom_is_rejected (test_method_recipes.MethodRecipes.test_forbidden_axiom_is_rejected) ... ok
test_method_in_final_proof_but_not_in_written_line_is_rejected (test_method_recipes.MethodRecipes.test_method_in_final_proof_but_not_in_written_line_is_rejected) ... ok
test_method_without_declaration_is_rejected (test_method_recipes.MethodRecipes.test_method_without_declaration_is_rejected) ... ok
test_self_review_and_unclassified_dependencies_do_not_block_individual_solution (test_method_recipes.MethodRecipes.test_self_review_and_unclassified_dependencies_do_not_block_individual_solution) ... ok
test_step_without_method_is_rejected (test_method_recipes.MethodRecipes.test_step_without_method_is_rejected) ... ok
test_unproved_written_line_is_rejected (test_method_recipes.MethodRecipes.test_unproved_written_line_is_rejected) ... ok
test_unused_named_lemma_is_rejected (test_method_recipes.MethodRecipes.test_unused_named_lemma_is_rejected) ... ok
test_failed_problem_is_deferred_without_blocking_the_rest (test_solve_queue.SolveQueue.test_failed_problem_is_deferred_without_blocking_the_rest) ... ok
test_fixed_scope_forecast_and_partial_last_day (test_solve_queue.SolveQueue.test_fixed_scope_forecast_and_partial_last_day) ... ok
test_zero_days_are_not_omitted_and_duplicates_do_not_inflate_rate (test_solve_queue.SolveQueue.test_zero_days_are_not_omitted_and_duplicates_do_not_inflate_rate) ... ok

----------------------------------------------------------------------
Ran 47 tests in 0.024s

OK
