{
  "validated_cases": [
    {
      "fixture": "wrapper",
      "nodes": 34,
      "edges": 137,
      "observed_audit": "passed",
      "expectation_passed": true
    },
    {
      "fixture": "type-only",
      "nodes": 8,
      "edges": 15,
      "observed_audit": "passed",
      "expectation_passed": true
    },
    {
      "fixture": "class",
      "nodes": 381,
      "edges": 2829,
      "observed_audit": "passed",
      "expectation_passed": true
    },
    {
      "fixture": "simp",
      "nodes": 43,
      "edges": 151,
      "observed_audit": "passed",
      "expectation_passed": true
    },
    {
      "fixture": "forbidden",
      "nodes": 3,
      "edges": 3,
      "observed_audit": "failed",
      "expectation_passed": true
    },
    {
      "fixture": "shared",
      "nodes": 34,
      "edges": 137,
      "observed_audit": "passed",
      "expectation_passed": true
    },
    {
      "fixture": "mutual",
      "nodes": 29,
      "edges": 135,
      "observed_audit": "passed",
      "expectation_passed": true
    },
    {
      "fixture": "hole",
      "nodes": 324,
      "edges": 2598,
      "observed_audit": "failed",
      "expectation_passed": true
    },
    {
      "fixture": "cutoff",
      "nodes": 1,
      "edges": 9,
      "observed_audit": "partial",
      "expectation_passed": true
    },
    {
      "fixture": "exported-body",
      "nodes": 31,
      "edges": 110,
      "observed_audit": "failed",
      "expectation_passed": true
    }
  ],
  "suite_status": "passed",
  "remaining_real_lean_fixtures": [],
  "imported_body_boundary": {
    "fixture": "exported-body",
    "declaration": "LemmaWeave.Audit.Fixtures.exported_add_zero",
    "cause": "Lean module exported .olean replaces theorem body by an axiom signature",
    "handling": "Rejected by the unchanged axiom allowlist; never silently counted as a full proof-term closure",
    "recovery": "Reimport full/private module data or re-elaborate pinned source before extracting the proof",
    "source": "Lean v4.33.1 Lean/AddDecl.lean addDeclCore and Lean/Environment.lean importModules"
  },
  "not_exam_proofs": true
}
