2026-09-05T05:00:00.1857991Z Current runner version: '2.337.0'
2026-09-05T05:00:00.1878154Z ##[group]Runner Image Provisioner
2026-09-05T05:00:00.1879217Z Hosted Compute Agent
2026-09-05T05:00:00.1879884Z Version: 20260828.587
2026-09-05T05:00:00.1880743Z Commit: abac92662cab4cc7352de4f9f9d2e2419aad9c29
2026-09-05T05:00:00.1881732Z Build Date: 2026-08-28T16:44:25Z
2026-09-05T05:00:00.1882529Z Worker ID: {5d2491b5-0d0c-417c-bd5d-2715c04349d2}
2026-09-05T05:00:00.1883477Z Azure Region: centralus
2026-09-05T05:00:00.1884107Z ##[endgroup]
2026-09-05T05:00:00.1885748Z ##[group]Operating System
2026-09-05T05:00:00.1886314Z Ubuntu
2026-09-05T05:00:00.1886751Z 24.04.4
2026-09-05T05:00:00.1887199Z LTS
2026-09-05T05:00:00.1887712Z ##[endgroup]
2026-09-05T05:00:00.1888263Z ##[group]Runner Image
2026-09-05T05:00:00.1889271Z Image: ubuntu-24.04
2026-09-05T05:00:00.1889743Z Version: 20260831.293.1
2026-09-05T05:00:00.1890802Z Included Software: https://github.com/actions/runner-images/blob/ubuntu24/20260831.293/images/ubuntu/Ubuntu2404-Readme.md
2026-09-05T05:00:00.1892034Z Image Release: https://github.com/actions/runner-images/releases/tag/ubuntu24%2F20260831.293
2026-09-05T05:00:00.1892856Z ##[endgroup]
2026-09-05T05:00:00.1893835Z ##[group]GITHUB_TOKEN Permissions
2026-09-05T05:00:00.1896440Z Contents: read
2026-09-05T05:00:00.1896930Z Metadata: read
2026-09-05T05:00:00.1897408Z ##[endgroup]
2026-09-05T05:00:00.1899503Z Secret source: Actions
2026-09-05T05:00:00.1900370Z Prepare workflow directory
2026-09-05T05:00:00.2163845Z Prepare all required actions
2026-09-05T05:00:00.2204025Z Getting action download info
2026-09-05T05:00:00.4351525Z Download action repository 'actions/checkout@11bd71901bbe5b1630ceea73d27597364c9af683' (SHA:11bd71901bbe5b1630ceea73d27597364c9af683)
2026-09-05T05:00:00.5441175Z Download action repository 'actions/upload-artifact@ea165f8d65b6e75b540449e92b4886f43607fa02' (SHA:ea165f8d65b6e75b540449e92b4886f43607fa02)
2026-09-05T05:00:00.7867374Z Complete job name: lean
2026-09-05T05:00:00.8522622Z Node 20 is being deprecated. This workflow is running with Node 24 by default. If you need to temporarily use Node 20, you can set the ACTIONS_ALLOW_USE_UNSECURE_NODE_VERSION=true environment variable. For more information see: https://github.blog/changelog/2025-09-19-deprecation-of-node-20-on-github-actions-runners/
2026-09-05T05:00:00.8530997Z ##[group]Run actions/checkout@11bd71901bbe5b1630ceea73d27597364c9af683
2026-09-05T05:00:00.8532253Z with:
2026-09-05T05:00:00.8532853Z   persist-credentials: false
2026-09-05T05:00:00.8533492Z   repository: tsuji-tomonori/LemmaWeave
2026-09-05T05:00:00.8537845Z   token: ***
2026-09-05T05:00:00.8538367Z   ssh-strict: true
2026-09-05T05:00:00.8538876Z   ssh-user: git
2026-09-05T05:00:00.8539385Z   clean: true
2026-09-05T05:00:00.8539929Z   sparse-checkout-cone-mode: true
2026-09-05T05:00:00.8540505Z   fetch-depth: 1
2026-09-05T05:00:00.8541072Z   fetch-tags: false
2026-09-05T05:00:00.8541586Z   show-progress: true
2026-09-05T05:00:00.8542245Z   lfs: false
2026-09-05T05:00:00.8542731Z   submodules: false
2026-09-05T05:00:00.8543278Z   set-safe-directory: true
2026-09-05T05:00:00.8544058Z ##[endgroup]
2026-09-05T05:00:00.9592119Z Syncing repository: tsuji-tomonori/LemmaWeave
2026-09-05T05:00:00.9593801Z ##[group]Getting Git version info
2026-09-05T05:00:00.9594641Z Working directory is '/home/runner/work/LemmaWeave/LemmaWeave'
2026-09-05T05:00:00.9596318Z [command]/usr/bin/git version
2026-09-05T05:00:00.9666974Z git version 2.55.0
2026-09-05T05:00:00.9686557Z ##[endgroup]
2026-09-05T05:00:00.9698277Z Temporarily overriding HOME='/home/runner/work/_temp/5e05924c-2fa6-4919-a3ca-049c7c67420e' before making global git config changes
2026-09-05T05:00:00.9700149Z Adding repository directory to the temporary git global config as a safe directory
2026-09-05T05:00:00.9703252Z [command]/usr/bin/git config --global --add safe.directory /home/runner/work/LemmaWeave/LemmaWeave
2026-09-05T05:00:00.9763951Z Deleting the contents of '/home/runner/work/LemmaWeave/LemmaWeave'
2026-09-05T05:00:00.9767515Z ##[group]Initializing the repository
2026-09-05T05:00:00.9771409Z [command]/usr/bin/git init /home/runner/work/LemmaWeave/LemmaWeave
2026-09-05T05:00:00.9867894Z hint: Using 'master' as the name for the initial branch. This default branch name
2026-09-05T05:00:00.9869126Z hint: will change to "main" in Git 3.0. To configure the initial branch name
2026-09-05T05:00:00.9870175Z hint: to use in all of your new repositories, which will suppress this warning,
2026-09-05T05:00:00.9870848Z hint: call:
2026-09-05T05:00:00.9871265Z hint:
2026-09-05T05:00:00.9871769Z hint: 	git config --global init.defaultBranch <name>
2026-09-05T05:00:00.9872353Z hint:
2026-09-05T05:00:00.9872901Z hint: Names commonly chosen instead of 'master' are 'main', 'trunk' and
2026-09-05T05:00:00.9873739Z hint: 'development'. The just-created branch can be renamed via this command:
2026-09-05T05:00:00.9874401Z hint:
2026-09-05T05:00:00.9874822Z hint: 	git branch -m <name>
2026-09-05T05:00:00.9875550Z hint:
2026-09-05T05:00:00.9878378Z hint: Disable this message with "git config set advice.defaultBranchName false"
2026-09-05T05:00:00.9879551Z Initialized empty Git repository in /home/runner/work/LemmaWeave/LemmaWeave/.git/
2026-09-05T05:00:00.9887126Z [command]/usr/bin/git remote add origin https://github.com/tsuji-tomonori/LemmaWeave
2026-09-05T05:00:00.9933599Z ##[endgroup]
2026-09-05T05:00:00.9934800Z ##[group]Disabling automatic garbage collection
2026-09-05T05:00:00.9936283Z [command]/usr/bin/git config --local gc.auto 0
2026-09-05T05:00:00.9958836Z ##[endgroup]
2026-09-05T05:00:00.9959924Z ##[group]Setting up auth
2026-09-05T05:00:00.9963741Z [command]/usr/bin/git config --local --name-only --get-regexp core\.sshCommand
2026-09-05T05:00:00.9989097Z [command]/usr/bin/git submodule foreach --recursive sh -c "git config --local --name-only --get-regexp 'core\.sshCommand' && git config --local --unset-all 'core.sshCommand' || :"
2026-09-05T05:00:01.0298146Z [command]/usr/bin/git config --local --name-only --get-regexp http\.https\:\/\/github\.com\/\.extraheader
2026-09-05T05:00:01.0323146Z [command]/usr/bin/git submodule foreach --recursive sh -c "git config --local --name-only --get-regexp 'http\.https\:\/\/github\.com\/\.extraheader' && git config --local --unset-all 'http.https://github.com/.extraheader' || :"
2026-09-05T05:00:01.0484037Z [command]/usr/bin/git config --local http.https://github.com/.extraheader AUTHORIZATION: basic ***
2026-09-05T05:00:01.0510100Z ##[endgroup]
2026-09-05T05:00:01.0511319Z ##[group]Fetching the repository
2026-09-05T05:00:01.0518007Z [command]/usr/bin/git -c protocol.version=2 fetch --no-tags --prune --no-recurse-submodules --depth=1 origin +415816aed56de497c91865cb839557daf5ad63ac:refs/remotes/origin/main
2026-09-05T05:00:01.4941224Z From https://github.com/tsuji-tomonori/LemmaWeave
2026-09-05T05:00:01.4942296Z  * [new ref]         415816aed56de497c91865cb839557daf5ad63ac -> origin/main
2026-09-05T05:00:01.4946835Z ##[endgroup]
2026-09-05T05:00:01.4947766Z ##[group]Determining the checkout info
2026-09-05T05:00:01.4949436Z ##[endgroup]
2026-09-05T05:00:01.4954540Z [command]/usr/bin/git sparse-checkout disable
2026-09-05T05:00:01.4994670Z [command]/usr/bin/git config --local --unset-all extensions.worktreeConfig
2026-09-05T05:00:01.5018748Z ##[group]Checking out the ref
2026-09-05T05:00:01.5022091Z [command]/usr/bin/git checkout --progress --force -B main refs/remotes/origin/main
2026-09-05T05:00:01.5086613Z Switched to a new branch 'main'
2026-09-05T05:00:01.5090691Z branch 'main' set up to track 'origin/main'.
2026-09-05T05:00:01.5094764Z ##[endgroup]
2026-09-05T05:00:01.5130061Z [command]/usr/bin/git log -1 --format=%H
2026-09-05T05:00:01.5148669Z 415816aed56de497c91865cb839557daf5ad63ac
2026-09-05T05:00:01.5163710Z ##[group]Removing auth
2026-09-05T05:00:01.5167992Z [command]/usr/bin/git config --local --name-only --get-regexp core\.sshCommand
2026-09-05T05:00:01.5191549Z [command]/usr/bin/git submodule foreach --recursive sh -c "git config --local --name-only --get-regexp 'core\.sshCommand' && git config --local --unset-all 'core.sshCommand' || :"
2026-09-05T05:00:01.5347604Z [command]/usr/bin/git config --local --name-only --get-regexp http\.https\:\/\/github\.com\/\.extraheader
2026-09-05T05:00:01.5368037Z http.https://github.com/.extraheader
2026-09-05T05:00:01.5372373Z [command]/usr/bin/git config --local --unset-all http.https://github.com/.extraheader
2026-09-05T05:00:01.5396112Z [command]/usr/bin/git submodule foreach --recursive sh -c "git config --local --name-only --get-regexp 'http\.https\:\/\/github\.com\/\.extraheader' && git config --local --unset-all 'http.https://github.com/.extraheader' || :"
2026-09-05T05:00:01.5545527Z ##[endgroup]
2026-09-05T05:00:01.5710872Z ##[group]Run mkdir -p "$RUNNER_TEMP/lemmaweave-elan"
2026-09-05T05:00:01.5711743Z [36;1mmkdir -p "$RUNNER_TEMP/lemmaweave-elan"[0m
2026-09-05T05:00:01.5713285Z [36;1mcurl --fail --location --retry 2 --max-time 120 --output "$RUNNER_TEMP/lemmaweave-elan/elan.tar.gz" https://github.com/leanprover/elan/releases/download/v4.1.2/elan-x86_64-unknown-linux-gnu.tar.gz[0m
2026-09-05T05:00:01.5714924Z [36;1msha256sum "$RUNNER_TEMP/lemmaweave-elan/elan.tar.gz"[0m
2026-09-05T05:00:01.5716250Z [36;1mtar -xzf "$RUNNER_TEMP/lemmaweave-elan/elan.tar.gz" -C "$RUNNER_TEMP/lemmaweave-elan"[0m
2026-09-05T05:00:01.5717377Z [36;1m"$RUNNER_TEMP/lemmaweave-elan/elan-init" -y --default-toolchain none[0m
2026-09-05T05:00:01.5718200Z [36;1mecho "$HOME/.elan/bin" >> "$GITHUB_PATH"[0m
2026-09-05T05:00:01.5742747Z shell: /usr/bin/bash -e {0}
2026-09-05T05:00:01.5743355Z ##[endgroup]
2026-09-05T05:00:01.5880297Z   % Total    % Received % Xferd  Average Speed   Time    Time     Time  Current
2026-09-05T05:00:01.5881822Z                                  Dload  Upload   Total   Spent    Left  Speed
2026-09-05T05:00:01.5882711Z 
2026-09-05T05:00:01.7522355Z   0     0    0     0    0     0      0      0 --:--:-- --:--:-- --:--:--     0
2026-09-05T05:00:01.7523414Z   0     0    0     0    0     0      0      0 --:--:-- --:--:-- --:--:--     0
2026-09-05T05:00:01.7524507Z   0     0    0     0    0     0      0      0 --:--:-- --:--:-- --:--:--     0
2026-09-05T05:00:01.9959531Z 
2026-09-05T05:00:01.9960989Z 100 4869k  100 4869k    0     0  11.6M      0 --:--:-- --:--:-- --:--:-- 11.6M
2026-09-05T05:00:02.0034363Z f81c2e48c1588d4612cd2c8851947898a45ac8d72748a07dff3a5694f1cf589b  /home/runner/work/_temp/lemmaweave-elan/elan.tar.gz
2026-09-05T05:00:02.1315637Z ##[group]Run python3 scripts/run.py --timeout 600 -- lean --version
2026-09-05T05:00:02.1317781Z [36;1mpython3 scripts/run.py --timeout 600 -- lean --version[0m
2026-09-05T05:00:02.1319633Z [36;1mpython3 scripts/run.py -- lake --version[0m
2026-09-05T05:00:02.1344520Z shell: /usr/bin/bash -e {0}
2026-09-05T05:00:02.1346366Z ##[endgroup]
2026-09-05T05:00:18.7137789Z {"run": "runs/20260905T050002-0193ddf3/run.json", "exit_code": 0}
2026-09-05T05:00:18.9162829Z {"run": "runs/20260905T050018-113143c4/run.json", "exit_code": 0}
2026-09-05T05:00:18.9251012Z ##[group]Run python3 scripts/run.py --timeout 900 -- lake exe cache get Mathlib/Data/Nat/Basic.lean Mathlib/Algebra/Group/Basic.lean
2026-09-05T05:00:18.9251866Z [36;1mpython3 scripts/run.py --timeout 900 -- lake exe cache get Mathlib/Data/Nat/Basic.lean Mathlib/Algebra/Group/Basic.lean[0m
2026-09-05T05:00:18.9274725Z shell: /usr/bin/bash -e {0}
2026-09-05T05:00:18.9275278Z ##[endgroup]
2026-09-05T05:01:15.2424047Z {"run": "runs/20260905T050019-2f587732/run.json", "exit_code": 1}
2026-09-05T05:01:15.2491406Z ##[error]Process completed with exit code 1.
2026-09-05T05:01:15.2558984Z ##[group]Run python3 - <<'PY'
2026-09-05T05:01:15.2559357Z [36;1mpython3 - <<'PY'[0m
2026-09-05T05:01:15.2559637Z [36;1mfrom pathlib import Path[0m
2026-09-05T05:01:15.2560023Z [36;1mfor p in sorted(Path('runs').glob('*/*.log')):[0m
2026-09-05T05:01:15.2560380Z [36;1m    print(str(p))[0m
2026-09-05T05:01:15.2560660Z [36;1m    print(p.read_text(errors='replace'))[0m
2026-09-05T05:01:15.2561001Z [36;1mPY[0m
2026-09-05T05:01:15.2582238Z shell: /usr/bin/bash -e {0}
2026-09-05T05:01:15.2582536Z ##[endgroup]
2026-09-05T05:01:15.2811008Z runs/20260905T043709-6dffee78/stderr.log
2026-09-05T05:01:15.2811996Z [Errno 2] No such file or directory: 'lake'
2026-09-05T05:01:15.2812342Z 
2026-09-05T05:01:15.2812592Z runs/20260905T043709-6dffee78/stdout.log
2026-09-05T05:01:15.2812886Z 
2026-09-05T05:01:15.2813123Z runs/20260905T043709-e1c5ffa9/stderr.log
2026-09-05T05:01:15.2813652Z [Errno 2] No such file or directory: 'lean'
2026-09-05T05:01:15.2814021Z 
2026-09-05T05:01:15.2814371Z runs/20260905T043709-e1c5ffa9/stdout.log
2026-09-05T05:01:15.2814627Z 
2026-09-05T05:01:15.2814819Z runs/20260905T043709-e7f6ce34/stderr.log
2026-09-05T05:01:15.2815637Z test_allowed_axiom_is_reported (test_guards.GraphGuards.test_allowed_axiom_is_reported) ... ok
2026-09-05T05:01:15.2816342Z test_allowlist_does_not_allow_unknown_axiom (test_guards.GraphGuards.test_allowlist_does_not_allow_unknown_axiom) ... ok
2026-09-05T05:01:15.2817163Z test_alternative_learning_variants_do_not_form_false_cycle (test_guards.GraphGuards.test_alternative_learning_variants_do_not_form_false_cycle) ... ok
2026-09-05T05:01:15.2818025Z test_cas_command_cannot_substitute_for_lake (test_guards.GraphGuards.test_cas_command_cannot_substitute_for_lake) ... ok
2026-09-05T05:01:15.2818683Z test_erased_body_is_partial (test_guards.GraphGuards.test_erased_body_is_partial) ... ok
2026-09-05T05:01:15.2819245Z test_formal_cycle_terminates (test_guards.GraphGuards.test_formal_cycle_terminates) ... ok
2026-09-05T05:01:15.2819823Z test_hidden_custom_axiom (test_guards.GraphGuards.test_hidden_custom_axiom) ... ok
2026-09-05T05:01:15.2820325Z test_hidden_sorry (test_guards.GraphGuards.test_hidden_sorry) ... ok
2026-09-05T05:01:15.2820782Z test_limit_is_partial (test_guards.GraphGuards.test_limit_is_partial) ... ok
2026-09-05T05:01:15.2821387Z test_missing_reference_is_partial (test_guards.GraphGuards.test_missing_reference_is_partial) ... ok
2026-09-05T05:01:15.2821945Z test_no_empty_freeze (test_guards.GraphGuards.test_no_empty_freeze) ... ok
2026-09-05T05:01:15.2822461Z test_stale_run_is_rejected (test_guards.GraphGuards.test_stale_run_is_rejected) ... ok
2026-09-05T05:01:15.2823158Z test_unrelated_learning_edges_do_not_constrain_order (test_guards.GraphGuards.test_unrelated_learning_edges_do_not_constrain_order) ... ok
2026-09-05T05:01:15.2823593Z 
2026-09-05T05:01:15.2823748Z ----------------------------------------------------------------------
2026-09-05T05:01:15.2824160Z Ran 13 tests in 0.003s
2026-09-05T05:01:15.2824337Z 
2026-09-05T05:01:15.2824449Z OK
2026-09-05T05:01:15.2824578Z 
2026-09-05T05:01:15.2824756Z runs/20260905T043709-e7f6ce34/stdout.log
2026-09-05T05:01:15.2824924Z 
2026-09-05T05:01:15.2825096Z runs/20260905T043733-143703e8/stderr.log
2026-09-05T05:01:15.2825454Z 
2026-09-05T05:01:15.2825598Z runs/20260905T043733-143703e8/stdout.log
2026-09-05T05:01:15.2826025Z Ledger structure and claimed-state guards passed; no Lean proof inferred.
2026-09-05T05:01:15.2826350Z 
2026-09-05T05:01:15.2826470Z runs/20260905T043733-dd46eccc/stderr.log
2026-09-05T05:01:15.2826650Z 
2026-09-05T05:01:15.2826788Z runs/20260905T043733-dd46eccc/stdout.log
2026-09-05T05:01:15.2827112Z AGENTS.md: OK
2026-09-05T05:01:15.2827386Z PACKAGE_CHECK.json: OK
2026-09-05T05:01:15.2827693Z PROMPTS.md: OK
2026-09-05T05:01:15.2827953Z PROMPT_START.md: OK
2026-09-05T05:01:15.2828212Z README.md: OK
2026-09-05T05:01:15.2828492Z REQUIREMENTS.md: OK
2026-09-05T05:01:15.2828763Z docs/ACCEPTANCE.md: OK
2026-09-05T05:01:15.2829048Z docs/DATA_CONTRACT.md: OK
2026-09-05T05:01:15.2829588Z docs/MIGRATION.md: OK
2026-09-05T05:01:15.2829847Z docs/REFERENCES.md: OK
2026-09-05T05:01:15.2830165Z docs/ROADMAP.md: OK
2026-09-05T05:01:15.2830441Z prompts/00-bootstrap.md: OK
2026-09-05T05:01:15.2830778Z prompts/01-collect.md: OK
2026-09-05T05:01:15.2831060Z prompts/02-formalize.md: OK
2026-09-05T05:01:15.2831330Z prompts/03-prove.md: OK
2026-09-05T05:01:15.2831653Z prompts/04-audit.md: OK
2026-09-05T05:01:15.2831926Z prompts/05-extract.md: OK
2026-09-05T05:01:15.2832208Z prompts/06-close-batch.md: OK
2026-09-05T05:01:15.2832504Z prompts/07-resume.md: OK
2026-09-05T05:01:15.2832851Z prompts/08-baseline.md: OK
2026-09-05T05:01:15.2833169Z templates/batch.yaml: OK
2026-09-05T05:01:15.2833455Z templates/learning_node.yaml: OK
2026-09-05T05:01:15.2833785Z templates/problem.yaml: OK
2026-09-05T05:01:15.2834076Z templates/proof_run.yaml: OK
2026-09-05T05:01:15.2834381Z templates/review.yaml: OK
2026-09-05T05:01:15.2834692Z templates/source.yaml: OK
2026-09-05T05:01:15.2834917Z 
2026-09-05T05:01:15.2835045Z runs/20260905T043734-470e82e6/stderr.log
2026-09-05T05:01:15.2835416Z 
2026-09-05T05:01:15.2835525Z runs/20260905T043734-470e82e6/stdout.log
2026-09-05T05:01:15.2835968Z {
2026-09-05T05:01:15.2836240Z   "candidate_problems": 5,
2026-09-05T05:01:15.2836538Z   "located_sources": 3,
2026-09-05T05:01:15.2836807Z   "fetched_papers": 0,
2026-09-05T05:01:15.2837052Z   "collected_problems": 0,
2026-09-05T05:01:15.2837465Z   "semantic_checked_problems": 0,
2026-09-05T05:01:15.2837789Z   "kernel_checked_problems": 0,
2026-09-05T05:01:15.2838088Z   "axiom_audit_passed_problems": 0,
2026-09-05T05:01:15.2838398Z   "audited_proofs": 0,
2026-09-05T05:01:15.2838676Z   "phase1_complete_problems": 0,
2026-09-05T05:01:15.2839188Z   "phase1_complete_policy": "disabled until AC01-AC12 evidence checker and Lean fixtures are validated",
2026-09-05T05:01:15.2839665Z   "learning_nodes": 0,
2026-09-05T05:01:15.2839949Z   "unclassified_dependencies": null,
2026-09-05T05:01:15.2840412Z   "unclassified_dependencies_reason": "No proof-term extraction executed; not a measured zero.",
2026-09-05T05:01:15.2840890Z   "educational_frontier_status": "not_extracted",
2026-09-05T05:01:15.2841229Z   "target_first_batch": 5,
2026-09-05T05:01:15.2841618Z   "target_first_batch_complete_minimum": 1,
2026-09-05T05:01:15.2842027Z   "target_pilot_collected": 50,
2026-09-05T05:01:15.2842492Z   "target_pilot_complete": 10,
2026-09-05T05:01:15.2842915Z   "overall_verdict": "INCONCLUSIVE"
2026-09-05T05:01:15.2843397Z }
2026-09-05T05:01:15.2843549Z 
2026-09-05T05:01:15.2843738Z runs/20260905T043734-89784ae5/stderr.log
2026-09-05T05:01:15.2844051Z [Errno 2] No such file or directory: 'lake'
2026-09-05T05:01:15.2844299Z 
2026-09-05T05:01:15.2844413Z runs/20260905T043734-89784ae5/stdout.log
2026-09-05T05:01:15.2844604Z 
2026-09-05T05:01:15.2844722Z runs/20260905T043735-42b302b1/stderr.log
2026-09-05T05:01:15.2844901Z 
2026-09-05T05:01:15.2845038Z runs/20260905T043735-42b302b1/stdout.log
2026-09-05T05:01:15.2845523Z {
2026-09-05T05:01:15.2845778Z   "accepted": false,
2026-09-05T05:01:15.2846378Z   "reason": "M0/M1 gates incomplete",
2026-09-05T05:01:15.2846710Z   "metrics": {
2026-09-05T05:01:15.2847085Z     "candidate_problems": 5,
2026-09-05T05:01:15.2847453Z     "located_sources": 3,
2026-09-05T05:01:15.2847775Z     "fetched_papers": 0,
2026-09-05T05:01:15.2848069Z     "collected_problems": 0,
2026-09-05T05:01:15.2848377Z     "semantic_checked_problems": 0,
2026-09-05T05:01:15.2848732Z     "kernel_checked_problems": 0,
2026-09-05T05:01:15.2849060Z     "axiom_audit_passed_problems": 0,
2026-09-05T05:01:15.2849406Z     "audited_proofs": 0,
2026-09-05T05:01:15.2849700Z     "phase1_complete_problems": 0,
2026-09-05T05:01:15.2850203Z     "phase1_complete_policy": "disabled until AC01-AC12 evidence checker and Lean fixtures are validated",
2026-09-05T05:01:15.2850783Z     "learning_nodes": 0,
2026-09-05T05:01:15.2851101Z     "unclassified_dependencies": null,
2026-09-05T05:01:15.2851734Z     "unclassified_dependencies_reason": "No proof-term extraction executed; not a measured zero.",
2026-09-05T05:01:15.2852299Z     "educational_frontier_status": "not_extracted",
2026-09-05T05:01:15.2852654Z     "target_first_batch": 5,
2026-09-05T05:01:15.2852987Z     "target_first_batch_complete_minimum": 1,
2026-09-05T05:01:15.2853356Z     "target_pilot_collected": 50,
2026-09-05T05:01:15.2853691Z     "target_pilot_complete": 10,
2026-09-05T05:01:15.2854012Z     "overall_verdict": "INCONCLUSIVE"
2026-09-05T05:01:15.2854292Z   }
2026-09-05T05:01:15.2854551Z }
2026-09-05T05:01:15.2854712Z 
2026-09-05T05:01:15.2854846Z runs/20260905T050002-0193ddf3/stderr.log
2026-09-05T05:01:15.2855593Z info: Version 4.2.4 of elan is available! Use `elan self update` to update.
2026-09-05T05:01:15.2856223Z info: downloading https://releases.lean-lang.org/lean4/v4.33.1/lean-4.33.1-linux.tar.zst
2026-09-05T05:01:15.2856786Z info: installing /home/runner/.elan/toolchains/leanprover--lean4---v4.33.1
2026-09-05T05:01:15.2857072Z 
2026-09-05T05:01:15.2857271Z runs/20260905T050002-0193ddf3/stdout.log
2026-09-05T05:01:15.2857803Z Lean (version 4.33.1, x86_64-unknown-linux-gnu, commit 819816b2e0a3bf405af45ae5c7af2491d8f5bee6, Release)
2026-09-05T05:01:15.2858170Z 
2026-09-05T05:01:15.2858317Z runs/20260905T050018-113143c4/stderr.log
2026-09-05T05:01:15.2858532Z 
2026-09-05T05:01:15.2858664Z runs/20260905T050018-113143c4/stdout.log
2026-09-05T05:01:15.2859266Z Lake version 5.0.0-src+819816b (Lean version 4.33.1)
2026-09-05T05:01:15.2859486Z 
2026-09-05T05:01:15.2859684Z runs/20260905T050019-2f587732/stderr.log
2026-09-05T05:01:15.2860147Z info: mathlib: cloning https://github.com/leanprover-community/mathlib4.git
2026-09-05T05:01:15.2860715Z info: mathlib: checking out revision '0df444a360eaa60ab8c11dca51a86af692955474'
2026-09-05T05:01:15.2861310Z info: plausible: cloning https://github.com/leanprover-community/plausible
2026-09-05T05:01:15.2861873Z info: plausible: checking out revision 'b7eb3304aeae834b12dda98993a37f6a41f6f0bb'
2026-09-05T05:01:15.2862554Z info: LeanSearchClient: cloning https://github.com/leanprover-community/LeanSearchClient
2026-09-05T05:01:15.2863189Z info: LeanSearchClient: checking out revision '5f4d51b81cbd3f6b32b156bfad9056621a040404'
2026-09-05T05:01:15.2863829Z info: importGraph: cloning https://github.com/leanprover-community/import-graph
2026-09-05T05:01:15.2864429Z info: importGraph: checking out revision '16f02aa7642864af59f1ff0e384a015994db9118'
2026-09-05T05:01:15.2865033Z info: proofwidgets: cloning https://github.com/leanprover-community/ProofWidgets4
2026-09-05T05:01:15.2865909Z info: proofwidgets: checking out revision '4be2e3d5087eeb272cf5a8853b8f9dd025ef5957'
2026-09-05T05:01:15.2866466Z info: aesop: cloning https://github.com/leanprover-community/aesop
2026-09-05T05:01:15.2866979Z info: aesop: checking out revision '3448c0bcc5ce01b2d1546e483ec3620e32df3d0e'
2026-09-05T05:01:15.2867534Z info: Qq: cloning https://github.com/leanprover-community/quote4
2026-09-05T05:01:15.2868058Z info: Qq: checking out revision '92c15be17b7caf78c2ad767ec40f89052d908d81'
2026-09-05T05:01:15.2868644Z info: batteries: cloning https://github.com/leanprover-community/batteries
2026-09-05T05:01:15.2869177Z info: batteries: checking out revision '4488d40d070b9700d4d5a6aa342f0d40c31b2a2d'
2026-09-05T05:01:15.2869651Z info: Cli: cloning https://github.com/leanprover/lean4-cli
2026-09-05T05:01:15.2870155Z info: Cli: checking out revision '6130a47896ce867c6a4a55373441e59e565bad0f'
2026-09-05T05:01:15.2870783Z ✔ [1/5] Built Cache.Cli (290ms)
2026-09-05T05:01:15.2871154Z ✔ [2/15] Built Cache.Lean (309ms)
2026-09-05T05:01:15.2871512Z ✔ [6/26] Built Cache.Cli:c.o (143ms)
2026-09-05T05:01:15.2871895Z ✔ [7/26] Built Cache.Lean:c.o (170ms)
2026-09-05T05:01:15.2872279Z ✔ [8/26] Built Cache.Infra (367ms)
2026-09-05T05:01:15.2872626Z ✔ [9/26] Built Cache.Infra:c.o (172ms)
2026-09-05T05:01:15.2873059Z ✔ [10/26] Built Batteries.Tactic.OpenPrivate (718ms)
2026-09-05T05:01:15.2873478Z ✔ [11/26] Built Cache.IO (1.0s)
2026-09-05T05:01:15.2873867Z ✔ [12/26] Built Batteries.Tactic.OpenPrivate:c.o (1.0s)
2026-09-05T05:01:15.2874359Z ✔ [13/26] Built Cache.Hashing (586ms)
2026-09-05T05:01:15.2874713Z ✔ [14/26] Built Cache.Hashing:c.o (443ms)
2026-09-05T05:01:15.2875075Z ✔ [15/26] Built Cache.IO:c.o (1.3s)
2026-09-05T05:01:15.2875656Z ✔ [16/26] Built Cache.Requests (1.6s)
2026-09-05T05:01:15.2876003Z ✔ [17/26] Built Cache.Marker (414ms)
2026-09-05T05:01:15.2876372Z ✔ [18/26] Built Cache.Marker:c.o (118ms)
2026-09-05T05:01:15.2876722Z ✔ [19/26] Built Cache.Query (513ms)
2026-09-05T05:01:15.2877079Z ✔ [20/26] Built Cache.Query:c.o (313ms)
2026-09-05T05:01:15.2877448Z ✔ [21/26] Built Cache.Warning (560ms)
2026-09-05T05:01:15.2877865Z ✔ [22/26] Built Cache.Warning:c.o (274ms)
2026-09-05T05:01:15.2878229Z ✔ [23/26] Built Cache.Requests:c.o (2.3s)
2026-09-05T05:01:15.2879129Z ✔ [24/26] Built Cache.Main (927ms)
2026-09-05T05:01:15.2879493Z ✔ [25/26] Built Cache.Main:c.o (735ms)
2026-09-05T05:01:15.2879867Z ✔ [26/26] Built cache:exe (545ms)
2026-09-05T05:01:15.2880258Z Invalid argument: non-existing path Mathlib/Data/Nat/Basic.lean
2026-09-05T05:01:15.2880518Z 
2026-09-05T05:01:15.2880686Z runs/20260905T050019-2f587732/stdout.log
2026-09-05T05:01:15.2880903Z 
2026-09-05T05:01:15.2954174Z Node 20 is being deprecated. This workflow is running with Node 24 by default. If you need to temporarily use Node 20, you can set the ACTIONS_ALLOW_USE_UNSECURE_NODE_VERSION=true environment variable. For more information see: https://github.blog/changelog/2025-09-19-deprecation-of-node-20-on-github-actions-runners/
2026-09-05T05:01:15.2955932Z ##[group]Run actions/upload-artifact@ea165f8d65b6e75b540449e92b4886f43607fa02
2026-09-05T05:01:15.2956421Z with:
2026-09-05T05:01:15.2956750Z   name: lean-evidence-415816aed56de497c91865cb839557daf5ad63ac
2026-09-05T05:01:15.2957162Z   path: runs/
work/*-graph.json

2026-09-05T05:01:15.2957483Z   retention-days: 14
2026-09-05T05:01:15.2957763Z   if-no-files-found: warn
2026-09-05T05:01:15.2958053Z   compression-level: 6
2026-09-05T05:01:15.2958321Z   overwrite: false
2026-09-05T05:01:15.2958598Z   include-hidden-files: false
2026-09-05T05:01:15.2959049Z ##[endgroup]
2026-09-05T05:01:15.4347682Z (node:2465) [DEP0040] DeprecationWarning: The `punycode` module is deprecated. Please use a userland alternative instead.
2026-09-05T05:01:15.4348802Z (Use `node --trace-deprecation ...` to show where the warning was created)
2026-09-05T05:01:15.4471597Z Multiple search paths detected. Calculating the least common ancestor of all paths
2026-09-05T05:01:15.4473515Z The least common ancestor is /home/runner/work/LemmaWeave/LemmaWeave. This will be the root directory of the artifact
2026-09-05T05:01:15.4474525Z With the provided path, there will be 33 files uploaded
2026-09-05T05:01:15.4477332Z Artifact name is valid!
2026-09-05T05:01:15.4477899Z Root directory input is valid!
2026-09-05T05:01:15.7325676Z Beginning upload of artifact content to blob storage
2026-09-05T05:01:15.7794560Z (node:2465) [DEP0169] DeprecationWarning: `url.parse()` behavior is not standardized and prone to errors that have security implications. Use the WHATWG URL API instead. CVEs are not issued for `url.parse()` vulnerabilities.
2026-09-05T05:01:15.9854464Z Uploaded bytes 50888
2026-09-05T05:01:16.0276166Z Finished uploading artifact content to blob storage!
2026-09-05T05:01:16.0276995Z SHA256 digest of uploaded artifact zip is def69ee1e75cf96e17f1838770b1f734e249bdeb790b928bf40cfabeab63a1f5
2026-09-05T05:01:16.0278806Z Finalizing artifact upload
2026-09-05T05:01:16.2763421Z Artifact lean-evidence-415816aed56de497c91865cb839557daf5ad63ac.zip successfully finalized. Artifact ID 9963365241
2026-09-05T05:01:16.2764441Z Artifact lean-evidence-415816aed56de497c91865cb839557daf5ad63ac has been successfully uploaded! Final size is 50888 bytes. Artifact ID is 9963365241
2026-09-05T05:01:16.2769925Z Artifact download URL: https://github.com/tsuji-tomonori/LemmaWeave/actions/runs/33946026085/artifacts/9963365241
2026-09-05T05:01:16.2937540Z Node 20 is being deprecated. This workflow is running with Node 24 by default. If you need to temporarily use Node 20, you can set the ACTIONS_ALLOW_USE_UNSECURE_NODE_VERSION=true environment variable. For more information see: https://github.blog/changelog/2025-09-19-deprecation-of-node-20-on-github-actions-runners/
2026-09-05T05:01:16.2938590Z Post job cleanup.
2026-09-05T05:01:16.3624053Z [command]/usr/bin/git version
2026-09-05T05:01:16.3656175Z git version 2.55.0
2026-09-05T05:01:16.3685344Z Temporarily overriding HOME='/home/runner/work/_temp/4ec14bb8-a493-4a84-bf01-93cf5cd63c93' before making global git config changes
2026-09-05T05:01:16.3688341Z Adding repository directory to the temporary git global config as a safe directory
2026-09-05T05:01:16.3689824Z [command]/usr/bin/git config --global --add safe.directory /home/runner/work/LemmaWeave/LemmaWeave
2026-09-05T05:01:16.3719947Z [command]/usr/bin/git config --local --name-only --get-regexp core\.sshCommand
2026-09-05T05:01:16.3747538Z [command]/usr/bin/git submodule foreach --recursive sh -c "git config --local --name-only --get-regexp 'core\.sshCommand' && git config --local --unset-all 'core.sshCommand' || :"
2026-09-05T05:01:16.3926811Z [command]/usr/bin/git config --local --name-only --get-regexp http\.https\:\/\/github\.com\/\.extraheader
2026-09-05T05:01:16.3953215Z [command]/usr/bin/git submodule foreach --recursive sh -c "git config --local --name-only --get-regexp 'http\.https\:\/\/github\.com\/\.extraheader' && git config --local --unset-all 'http.https://github.com/.extraheader' || :"
2026-09-05T05:01:16.4228626Z Cleaning up orphan processes
2026-09-05T05:01:16.4468884Z ##[warning]Node.js 20 is deprecated. The following actions target Node.js 20 but are being forced to run on Node.js 24: actions/checkout@11bd71901bbe5b1630ceea73d27597364c9af683, actions/upload-artifact@ea165f8d65b6e75b540449e92b4886f43607fa02. For more information see: https://github.blog/changelog/2025-09-19-deprecation-of-node-20-on-github-actions-runners/

