info: mathlib: cloning https://github.com/leanprover-community/mathlib4.git
info: mathlib: checking out revision '0df444a360eaa60ab8c11dca51a86af692955474'
info: plausible: cloning https://github.com/leanprover-community/plausible
info: plausible: checking out revision 'b7eb3304aeae834b12dda98993a37f6a41f6f0bb'
info: LeanSearchClient: cloning https://github.com/leanprover-community/LeanSearchClient
info: LeanSearchClient: checking out revision '5f4d51b81cbd3f6b32b156bfad9056621a040404'
info: importGraph: cloning https://github.com/leanprover-community/import-graph
info: importGraph: checking out revision '16f02aa7642864af59f1ff0e384a015994db9118'
info: proofwidgets: cloning https://github.com/leanprover-community/ProofWidgets4
info: proofwidgets: checking out revision '4be2e3d5087eeb272cf5a8853b8f9dd025ef5957'
info: aesop: cloning https://github.com/leanprover-community/aesop
info: aesop: checking out revision '3448c0bcc5ce01b2d1546e483ec3620e32df3d0e'
info: Qq: cloning https://github.com/leanprover-community/quote4
info: Qq: checking out revision '92c15be17b7caf78c2ad767ec40f89052d908d81'
info: batteries: cloning https://github.com/leanprover-community/batteries
info: batteries: checking out revision '4488d40d070b9700d4d5a6aa342f0d40c31b2a2d'
info: Cli: cloning https://github.com/leanprover/lean4-cli
info: Cli: checking out revision '6130a47896ce867c6a4a55373441e59e565bad0f'
✔ [1/5] Built Cache.Cli (240ms)
✔ [2/5] Built Cache.Lean (276ms)
✔ [6/26] Built Cache.Cli:c.o (127ms)
✔ [7/26] Built Cache.Lean:c.o (198ms)
✔ [8/26] Built Cache.Infra (290ms)
✔ [9/26] Built Cache.Infra:c.o (150ms)
✔ [10/26] Built Batteries.Tactic.OpenPrivate (651ms)
✔ [11/26] Built Batteries.Tactic.OpenPrivate:c.o (844ms)
✔ [12/26] Built Cache.IO (937ms)
✔ [13/26] Built Cache.Hashing (533ms)
✔ [14/26] Built Cache.Hashing:c.o (293ms)
✔ [15/26] Built Cache.IO:c.o (1.2s)
✔ [16/26] Built Cache.Requests (1.4s)
✔ [17/26] Built Cache.Marker (388ms)
✔ [18/26] Built Cache.Marker:c.o (104ms)
✔ [19/26] Built Cache.Query (475ms)
✔ [20/26] Built Cache.Query:c.o (262ms)
✔ [21/26] Built Cache.Warning (521ms)
✔ [22/26] Built Cache.Warning:c.o (235ms)
✔ [23/26] Built Cache.Requests:c.o (1.0s)
✔ [24/26] Built Cache.Main (774ms)
✔ [25/26] Built Cache.Main:c.o (641ms)
✔ [26/26] Built cache:exe (578ms)
Downloaded: 1 file(s) [attempted 1/2991 = 0%, 136 KB/s], Decompressed: 0Downloaded: 257 file(s) [attempted 257/2991 = 8%, 10222 KB/s], Decompressed: 1Downloaded: 574 file(s) [attempted 574/2991 = 19%, 6962 KB/s], Decompressed: 48Downloaded: 881 file(s) [attempted 881/2991 = 29%, 1733 KB/s], Decompressed: 48Downloaded: 1124 file(s) [attempted 1124/2991 = 37%, 12665 KB/s], Decompressed: 48Downloaded: 1405 file(s) [attempted 1405/2991 = 46%, 10435 KB/s], Decompressed: 48Downloaded: 1705 file(s) [attempted 1705/2991 = 57%, 9131 KB/s], Decompressed: 48Downloaded: 2059 file(s) [attempted 2059/2991 = 68%, 3983 KB/s], Decompressed: 48Downloaded: 2415 file(s) [attempted 2415/2991 = 80%, 1856 KB/s], Decompressed: 48Downloaded: 2748 file(s) [attempted 2748/2991 = 91%, 38730 KB/s], Decompressed: 48Downloaded: 2990 file(s) [attempted 2990/2991 = 99%, 17905 KB/s], Decompressed: 48Downloaded: 2991 file(s) [attempted 2991/2991 = 100%, 17905 KB/s], Decompressed: 48
