{
  "LemmaWeave.Problems.DNC2026M1.inequalities_solution": {
    "declarations": 10813,
    "module_and_range": 7680,
    "module_only_no_recorded_range": 3133,
    "missing_modules": 0,
    "coverage": "passed",
    "limitations": "Generated declarations and primitives without a recorded range are explicitly retained.",
    "file": "work/LemmaWeave.Problems.DNC2026M1.inequalities_solution-locations.json",
    "sha256": "9a7d33d096eb8dd3c3a66ad87b2420810987ba28c99bd2dd1d3ebd3a3f448a0f"
  },
  "LemmaWeave.Problems.DNC2026M1.sets_solution": {
    "declarations": 2795,
    "module_and_range": 1988,
    "module_only_no_recorded_range": 807,
    "missing_modules": 0,
    "coverage": "passed",
    "limitations": "Generated declarations and primitives without a recorded range are explicitly retained.",
    "file": "work/LemmaWeave.Problems.DNC2026M1.sets_solution-locations.json",
    "sha256": "b41be46e8885e5600e1ab3a69fe316533856d8b58902c076f87bf430d60f933a"
  },
  "LemmaWeave.Problems.DNC2026M1.parameter_solution": {
    "declarations": 2747,
    "module_and_range": 1953,
    "module_only_no_recorded_range": 794,
    "missing_modules": 0,
    "coverage": "passed",
    "limitations": "Generated declarations and primitives without a recorded range are explicitly retained.",
    "file": "work/LemmaWeave.Problems.DNC2026M1.parameter_solution-locations.json",
    "sha256": "1a026feb9a57d4773e77c44c08ccd60ceb857abaee0926329caef1d363d3cdfe"
  },
  "LemmaWeave.Problems.DNC2026M1.pair_solution": {
    "declarations": 2988,
    "module_and_range": 2169,
    "module_only_no_recorded_range": 819,
    "missing_modules": 0,
    "coverage": "passed",
    "limitations": "Generated declarations and primitives without a recorded range are explicitly retained.",
    "file": "work/LemmaWeave.Problems.DNC2026M1.pair_solution-locations.json",
    "sha256": "545f55db0ba9228476a91cb5aa0ad151f00dcd2c5d389b27b58682a8510600cd"
  },
  "LemmaWeave.Problems.DNC2026M1.extrema_solution": {
    "declarations": 7026,
    "module_and_range": 5104,
    "module_only_no_recorded_range": 1922,
    "missing_modules": 0,
    "coverage": "passed",
    "limitations": "Generated declarations and primitives without a recorded range are explicitly retained.",
    "file": "work/LemmaWeave.Problems.DNC2026M1.extrema_solution-locations.json",
    "sha256": "df20b0ac4c83217d09da7cfc0c6525e09965990b6095048f764365a607cb3972"
  }
}
