info: mathlib: cloning https://github.com/leanprover-community/mathlib4.git
info: mathlib: checking out revision '0df444a360eaa60ab8c11dca51a86af692955474'
info: plausible: cloning https://github.com/leanprover-community/plausible
info: plausible: checking out revision 'b7eb3304aeae834b12dda98993a37f6a41f6f0bb'
info: LeanSearchClient: cloning https://github.com/leanprover-community/LeanSearchClient
info: LeanSearchClient: checking out revision '5f4d51b81cbd3f6b32b156bfad9056621a040404'
info: importGraph: cloning https://github.com/leanprover-community/import-graph
info: importGraph: checking out revision '16f02aa7642864af59f1ff0e384a015994db9118'
info: proofwidgets: cloning https://github.com/leanprover-community/ProofWidgets4
info: proofwidgets: checking out revision '4be2e3d5087eeb272cf5a8853b8f9dd025ef5957'
info: aesop: cloning https://github.com/leanprover-community/aesop
info: aesop: checking out revision '3448c0bcc5ce01b2d1546e483ec3620e32df3d0e'
info: Qq: cloning https://github.com/leanprover-community/quote4
info: Qq: checking out revision '92c15be17b7caf78c2ad767ec40f89052d908d81'
info: batteries: cloning https://github.com/leanprover-community/batteries
info: batteries: checking out revision '4488d40d070b9700d4d5a6aa342f0d40c31b2a2d'
info: Cli: cloning https://github.com/leanprover/lean4-cli
info: Cli: checking out revision '6130a47896ce867c6a4a55373441e59e565bad0f'
✔ [1/10] Built Cache.Cli (337ms)
✔ [5/26] Built Cache.Lean (444ms)
✔ [6/26] Built Cache.Cli:c.o (214ms)
✔ [7/26] Built Cache.Lean:c.o (263ms)
✔ [8/26] Built Cache.Infra (539ms)
✔ [9/26] Built Cache.Infra:c.o (240ms)
✔ [10/26] Built Batteries.Tactic.OpenPrivate (1.0s)
✔ [11/26] Built Batteries.Tactic.OpenPrivate:c.o (1.4s)
✔ [12/26] Built Cache.IO (1.6s)
✔ [13/26] Built Cache.Hashing (823ms)
✔ [14/26] Built Cache.Hashing:c.o (473ms)
✔ [15/26] Built Cache.IO:c.o (1.0s)
✔ [16/26] Built Cache.Requests (2.2s)
✔ [17/26] Built Cache.Marker (561ms)
✔ [18/26] Built Cache.Marker:c.o (150ms)
✔ [19/26] Built Cache.Query (786ms)
✔ [20/26] Built Cache.Query:c.o (341ms)
✔ [21/26] Built Cache.Warning (805ms)
✔ [22/26] Built Cache.Warning:c.o (425ms)
✔ [23/26] Built Cache.Requests:c.o (3.3s)
✔ [24/26] Built Cache.Main (1.3s)
✔ [25/26] Built Cache.Main:c.o (990ms)
✔ [26/26] Built cache:exe (739ms)
Downloaded: 1 file(s) [attempted 1/2991 = 0%, 274 KB/s], Decompressed: 0Downloaded: 19 file(s) [attempted 19/2991 = 0%, 609 KB/s], Decompressed: 14Downloaded: 140 file(s) [attempted 140/2991 = 4%, 3755 KB/s], Decompressed: 19Downloaded: 303 file(s) [attempted 303/2991 = 10%, 492 KB/s], Decompressed: 19Downloaded: 492 file(s) [attempted 492/2991 = 16%, 5981 KB/s], Decompressed: 55Downloaded: 693 file(s) [attempted 693/2991 = 23%, 1384 KB/s], Decompressed: 55Downloaded: 879 file(s) [attempted 879/2991 = 29%, 6808 KB/s], Decompressed: 55Downloaded: 1073 file(s) [attempted 1073/2991 = 35%, 3308 KB/s], Decompressed: 55Downloaded: 1263 file(s) [attempted 1263/2991 = 42%, 5884 KB/s], Decompressed: 55Downloaded: 1480 file(s) [attempted 1480/2991 = 49%, 7167 KB/s], Decompressed: 55Downloaded: 1703 file(s) [attempted 1703/2991 = 56%, 8261 KB/s], Decompressed: 55Downloaded: 1887 file(s) [attempted 1887/2991 = 63%, 990 KB/s], Decompressed: 55Downloaded: 2064 file(s) [attempted 2064/2991 = 69%, 1323 KB/s], Decompressed: 55Downloaded: 2229 file(s) [attempted 2229/2991 = 74%, 335 KB/s], Decompressed: 55Downloaded: 2378 file(s) [attempted 2378/2991 = 79%, 1067 KB/s], Decompressed: 55Downloaded: 2532 file(s) [attempted 2532/2991 = 84%, 1758 KB/s], Decompressed: 55Downloaded: 2692 file(s) [attempted 2692/2991 = 90%, 1060 KB/s], Decompressed: 55Downloaded: 2875 file(s) [attempted 2875/2991 = 96%, 2302 KB/s], Decompressed: 55Downloaded: 2990 file(s) [attempted 2990/2991 = 99%, 796 KB/s], Decompressed: 55Downloaded: 2991 file(s) [attempted 2991/2991 = 100%, 796 KB/s], Decompressed: 55
