AGENTS.md: OK
PACKAGE_CHECK.json: OK
PROMPTS.md: OK
PROMPT_START.md: OK
README.md: OK
REQUIREMENTS.md: OK
docs/ACCEPTANCE.md: OK
docs/DATA_CONTRACT.md: OK
docs/MIGRATION.md: OK
docs/REFERENCES.md: OK
docs/ROADMAP.md: OK
prompts/00-bootstrap.md: OK
prompts/01-collect.md: OK
prompts/02-formalize.md: OK
prompts/03-prove.md: OK
prompts/04-audit.md: OK
prompts/05-extract.md: OK
prompts/06-close-batch.md: OK
prompts/07-resume.md: OK
prompts/08-baseline.md: OK
templates/batch.yaml: OK
templates/learning_node.yaml: OK
templates/problem.yaml: OK
templates/proof_run.yaml: OK
templates/review.yaml: OK
templates/source.yaml: OK
