info: mathlib: cloning https://github.com/leanprover-community/mathlib4.git
info: mathlib: checking out revision '0df444a360eaa60ab8c11dca51a86af692955474'
info: plausible: cloning https://github.com/leanprover-community/plausible
info: plausible: checking out revision 'b7eb3304aeae834b12dda98993a37f6a41f6f0bb'
info: LeanSearchClient: cloning https://github.com/leanprover-community/LeanSearchClient
info: LeanSearchClient: checking out revision '5f4d51b81cbd3f6b32b156bfad9056621a040404'
info: importGraph: cloning https://github.com/leanprover-community/import-graph
info: importGraph: checking out revision '16f02aa7642864af59f1ff0e384a015994db9118'
info: proofwidgets: cloning https://github.com/leanprover-community/ProofWidgets4
info: proofwidgets: checking out revision '4be2e3d5087eeb272cf5a8853b8f9dd025ef5957'
info: aesop: cloning https://github.com/leanprover-community/aesop
info: aesop: checking out revision '3448c0bcc5ce01b2d1546e483ec3620e32df3d0e'
info: Qq: cloning https://github.com/leanprover-community/quote4
info: Qq: checking out revision '92c15be17b7caf78c2ad767ec40f89052d908d81'
info: batteries: cloning https://github.com/leanprover-community/batteries
info: batteries: checking out revision '4488d40d070b9700d4d5a6aa342f0d40c31b2a2d'
info: Cli: cloning https://github.com/leanprover/lean4-cli
info: Cli: checking out revision '6130a47896ce867c6a4a55373441e59e565bad0f'
✔ [3/11] Built Cache.Cli (402ms)
✔ [5/26] Built Cache.Lean (503ms)
✔ [6/26] Built Cache.Cli:c.o (203ms)
✔ [7/26] Built Cache.Lean:c.o (208ms)
✔ [8/26] Built Cache.Infra (503ms)
✔ [9/26] Built Cache.Infra:c.o (224ms)
✔ [10/26] Built Batteries.Tactic.OpenPrivate (1.0s)
✔ [11/26] Built Batteries.Tactic.OpenPrivate:c.o (1.3s)
✔ [12/26] Built Cache.IO (1.4s)
✔ [13/26] Built Cache.Hashing (790ms)
✔ [14/26] Built Cache.Hashing:c.o (425ms)
✔ [15/26] Built Cache.IO:c.o (1.7s)
✔ [16/26] Built Cache.Requests (1.0s)
✔ [17/26] Built Cache.Marker (581ms)
✔ [18/26] Built Cache.Marker:c.o (159ms)
✔ [19/26] Built Cache.Query (727ms)
✔ [20/26] Built Cache.Query:c.o (302ms)
✔ [21/26] Built Cache.Warning (784ms)
✔ [22/26] Built Cache.Warning:c.o (367ms)
✔ [23/26] Built Cache.Requests:c.o (3.0s)
✔ [24/26] Built Cache.Main (1.2s)
✔ [25/26] Built Cache.Main:c.o (899ms)
✔ [26/26] Built cache:exe (737ms)

Downloaded: 1 file(s) [attempted 1/2991 = 0%, 104 KB/s], Decompressed: 0
Downloaded: 101 file(s) [attempted 101/2991 = 3%, 1301 KB/s], Decompressed: 1
Downloaded: 217 file(s) [attempted 217/2991 = 7%, 1937 KB/s], Decompressed: 35
Downloaded: 355 file(s) [attempted 355/2991 = 11%, 2888 KB/s], Decompressed: 35
Downloaded: 476 file(s) [attempted 476/2991 = 15%, 121 KB/s], Decompressed: 35
Downloaded: 583 file(s) [attempted 583/2991 = 19%, 1839 KB/s], Decompressed: 127
Downloaded: 730 file(s) [attempted 730/2991 = 24%, 626 KB/s], Decompressed: 127
Downloaded: 872 file(s) [attempted 872/2991 = 29%, 959 KB/s], Decompressed: 127
Downloaded: 1015 file(s) [attempted 1015/2991 = 33%, 2046 KB/s], Decompressed: 127
Downloaded: 1124 file(s) [attempted 1124/2991 = 37%, 953 KB/s], Decompressed: 127
Downloaded: 1271 file(s) [attempted 1271/2991 = 42%, 909 KB/s], Decompressed: 127
Downloaded: 1389 file(s) [attempted 1389/2991 = 46%, 432 KB/s], Decompressed: 127
Downloaded: 1521 file(s) [attempted 1521/2991 = 50%, 296 KB/s], Decompressed: 127
Downloaded: 1647 file(s) [attempted 1647/2991 = 55%, 1418 KB/s], Decompressed: 127
Downloaded: 1766 file(s) [attempted 1766/2991 = 59%, 4334 KB/s], Decompressed: 127
Downloaded: 1916 file(s) [attempted 1916/2991 = 64%, 1495 KB/s], Decompressed: 127
Downloaded: 2043 file(s) [attempted 2043/2991 = 68%, 1834 KB/s], Decompressed: 127
Downloaded: 2162 file(s) [attempted 2162/2991 = 72%, 1665 KB/s], Decompressed: 127
Downloaded: 2304 file(s) [attempted 2304/2991 = 77%, 302 KB/s], Decompressed: 127
Downloaded: 2407 file(s) [attempted 2407/2991 = 80%, 574 KB/s], Decompressed: 127
Downloaded: 2528 file(s) [attempted 2528/2991 = 84%, 1765 KB/s], Decompressed: 537
Downloaded: 2677 file(s) [attempted 2677/2991 = 89%, 2146 KB/s], Decompressed: 537
Downloaded: 2816 file(s) [attempted 2816/2991 = 94%, 187 KB/s], Decompressed: 537
Downloaded: 2951 file(s) [attempted 2951/2991 = 98%, 474 KB/s], Decompressed: 537
Downloaded: 2989 file(s) [attempted 2989/2991 = 99%, 3622 KB/s], Decompressed: 537
Downloaded: 2991 file(s) [attempted 2991/2991 = 100%, 3622 KB/s], Decompressed: 537
