info: mathlib: cloning https://github.com/leanprover-community/mathlib4.git
info: mathlib: checking out revision '0df444a360eaa60ab8c11dca51a86af692955474'
info: plausible: cloning https://github.com/leanprover-community/plausible
info: plausible: checking out revision 'b7eb3304aeae834b12dda98993a37f6a41f6f0bb'
info: LeanSearchClient: cloning https://github.com/leanprover-community/LeanSearchClient
info: LeanSearchClient: checking out revision '5f4d51b81cbd3f6b32b156bfad9056621a040404'
info: importGraph: cloning https://github.com/leanprover-community/import-graph
info: importGraph: checking out revision '16f02aa7642864af59f1ff0e384a015994db9118'
info: proofwidgets: cloning https://github.com/leanprover-community/ProofWidgets4
info: proofwidgets: checking out revision '4be2e3d5087eeb272cf5a8853b8f9dd025ef5957'
info: aesop: cloning https://github.com/leanprover-community/aesop
info: aesop: checking out revision '3448c0bcc5ce01b2d1546e483ec3620e32df3d0e'
info: Qq: cloning https://github.com/leanprover-community/quote4
info: Qq: checking out revision '92c15be17b7caf78c2ad767ec40f89052d908d81'
info: batteries: cloning https://github.com/leanprover-community/batteries
info: batteries: checking out revision '4488d40d070b9700d4d5a6aa342f0d40c31b2a2d'
info: Cli: cloning https://github.com/leanprover/lean4-cli
info: Cli: checking out revision '6130a47896ce867c6a4a55373441e59e565bad0f'
✔ [2/26] Built Cache.Cli (329ms)
✔ [5/26] Built Cache.Lean (506ms)
✔ [6/26] Built Cache.Cli:c.o (240ms)
✔ [7/26] Built Cache.Lean:c.o (224ms)
✔ [8/26] Built Cache.Infra (552ms)
✔ [9/26] Built Cache.Infra:c.o (220ms)
✔ [10/26] Built Batteries.Tactic.OpenPrivate (974ms)
✔ [11/26] Built Cache.IO (1.4s)
✔ [12/26] Built Batteries.Tactic.OpenPrivate:c.o (1.4s)
✔ [13/26] Built Cache.Hashing (766ms)
✔ [14/26] Built Cache.Hashing:c.o (648ms)
✔ [15/26] Built Cache.IO:c.o (1.7s)
✔ [16/26] Built Cache.Requests (2.1s)
✔ [17/26] Built Cache.Marker (563ms)
✔ [18/26] Built Cache.Marker:c.o (188ms)
✔ [19/26] Built Cache.Query (748ms)
✔ [20/26] Built Cache.Query:c.o (477ms)
✔ [21/26] Built Cache.Warning (840ms)
✔ [22/26] Built Cache.Warning:c.o (290ms)
✔ [23/26] Built Cache.Requests:c.o (3.2s)
✔ [24/26] Built Cache.Main (1.2s)
✔ [25/26] Built Cache.Main:c.o (965ms)
✔ [26/26] Built cache:exe (708ms)

Downloaded: 1 file(s) [attempted 1/2991 = 0%, 98 KB/s], Decompressed: 0
Downloaded: 91 file(s) [attempted 91/2991 = 3%, 1135 KB/s], Decompressed: 1
Downloaded: 203 file(s) [attempted 203/2991 = 6%, 777 KB/s], Decompressed: 31
Downloaded: 325 file(s) [attempted 325/2991 = 10%, 355 KB/s], Decompressed: 31
Downloaded: 434 file(s) [attempted 434/2991 = 14%, 1999 KB/s], Decompressed: 31
Downloaded: 553 file(s) [attempted 553/2991 = 18%, 2191 KB/s], Decompressed: 112
Downloaded: 688 file(s) [attempted 688/2991 = 23%, 182 KB/s], Decompressed: 112
Downloaded: 816 file(s) [attempted 816/2991 = 27%, 2251 KB/s], Decompressed: 112
Downloaded: 959 file(s) [attempted 959/2991 = 32%, 587 KB/s], Decompressed: 112
Downloaded: 1087 file(s) [attempted 1087/2991 = 36%, 799 KB/s], Decompressed: 112
Downloaded: 1231 file(s) [attempted 1231/2991 = 41%, 592 KB/s], Decompressed: 112
Downloaded: 1371 file(s) [attempted 1371/2991 = 45%, 5416 KB/s], Decompressed: 112
Downloaded: 1499 file(s) [attempted 1499/2991 = 50%, 1072 KB/s], Decompressed: 112
Downloaded: 1615 file(s) [attempted 1615/2991 = 53%, 84 KB/s], Decompressed: 112
Downloaded: 1757 file(s) [attempted 1757/2991 = 58%, 6194 KB/s], Decompressed: 112
Downloaded: 1890 file(s) [attempted 1890/2991 = 63%, 273 KB/s], Decompressed: 112
Downloaded: 2023 file(s) [attempted 2023/2991 = 67%, 5100 KB/s], Decompressed: 112
Downloaded: 2158 file(s) [attempted 2158/2991 = 72%, 328 KB/s], Decompressed: 112
Downloaded: 2304 file(s) [attempted 2304/2991 = 77%, 509 KB/s], Decompressed: 112
Downloaded: 2430 file(s) [attempted 2430/2991 = 81%, 299 KB/s], Decompressed: 483
Downloaded: 2567 file(s) [attempted 2567/2991 = 85%, 344 KB/s], Decompressed: 483
Downloaded: 2698 file(s) [attempted 2698/2991 = 90%, 3593 KB/s], Decompressed: 483
Downloaded: 2807 file(s) [attempted 2807/2991 = 93%, 1396 KB/s], Decompressed: 483
Downloaded: 2931 file(s) [attempted 2931/2991 = 97%, 4691 KB/s], Decompressed: 483
Downloaded: 2991 file(s) [attempted 2991/2991 = 100%, 2405 KB/s], Decompressed: 483
Downloaded: 2991 file(s) [attempted 2991/2991 = 100%, 2405 KB/s], Decompressed: 483
