2026-09-05T06:19:53.1520893Z Current runner version: '2.337.0'
2026-09-05T06:19:53.1539431Z ##[group]Runner Image Provisioner
2026-09-05T06:19:53.1540200Z Hosted Compute Agent
2026-09-05T06:19:53.1540738Z Version: 20260828.587
2026-09-05T06:19:53.1541272Z Commit: abac92662cab4cc7352de4f9f9d2e2419aad9c29
2026-09-05T06:19:53.1541950Z Build Date: 2026-08-28T16:44:25Z
2026-09-05T06:19:53.1542527Z Worker ID: {1cf17aa4-c981-470b-ae13-cad90bb26716}
2026-09-05T06:19:53.1543169Z Azure Region: westus3
2026-09-05T06:19:53.1543665Z ##[endgroup]
2026-09-05T06:19:53.1545138Z ##[group]Operating System
2026-09-05T06:19:53.1545664Z Ubuntu
2026-09-05T06:19:53.1546131Z 24.04.4
2026-09-05T06:19:53.1546553Z LTS
2026-09-05T06:19:53.1547257Z ##[endgroup]
2026-09-05T06:19:53.1547744Z ##[group]Runner Image
2026-09-05T06:19:53.1548276Z Image: ubuntu-24.04
2026-09-05T06:19:53.1548768Z Version: 20260831.293.1
2026-09-05T06:19:53.1549781Z Included Software: https://github.com/actions/runner-images/blob/ubuntu24/20260831.293/images/ubuntu/Ubuntu2404-Readme.md
2026-09-05T06:19:53.1551033Z Image Release: https://github.com/actions/runner-images/releases/tag/ubuntu24%2F20260831.293
2026-09-05T06:19:53.1551822Z ##[endgroup]
2026-09-05T06:19:53.1552720Z ##[group]GITHUB_TOKEN Permissions
2026-09-05T06:19:53.1554801Z Contents: read
2026-09-05T06:19:53.1555332Z Metadata: read
2026-09-05T06:19:53.1555810Z ##[endgroup]
2026-09-05T06:19:53.1557507Z Secret source: Actions
2026-09-05T06:19:53.1558387Z Prepare workflow directory
2026-09-05T06:19:53.2286593Z Prepare all required actions
2026-09-05T06:19:53.2326991Z Getting action download info
2026-09-05T06:19:53.5096796Z Download action repository 'actions/checkout@11bd71901bbe5b1630ceea73d27597364c9af683' (SHA:11bd71901bbe5b1630ceea73d27597364c9af683)
2026-09-05T06:19:53.6437116Z Download action repository 'actions/upload-artifact@ea165f8d65b6e75b540449e92b4886f43607fa02' (SHA:ea165f8d65b6e75b540449e92b4886f43607fa02)
2026-09-05T06:19:53.8485858Z Complete job name: lean
2026-09-05T06:19:53.9089822Z Node 20 is being deprecated. This workflow is running with Node 24 by default. If you need to temporarily use Node 20, you can set the ACTIONS_ALLOW_USE_UNSECURE_NODE_VERSION=true environment variable. For more information see: https://github.blog/changelog/2025-09-19-deprecation-of-node-20-on-github-actions-runners/
2026-09-05T06:19:53.9097423Z ##[group]Run actions/checkout@11bd71901bbe5b1630ceea73d27597364c9af683
2026-09-05T06:19:53.9098206Z with:
2026-09-05T06:19:53.9098642Z   persist-credentials: false
2026-09-05T06:19:53.9099205Z   repository: tsuji-tomonori/LemmaWeave
2026-09-05T06:19:53.9102303Z   token: ***
2026-09-05T06:19:53.9102764Z   ssh-strict: true
2026-09-05T06:19:53.9103201Z   ssh-user: git
2026-09-05T06:19:53.9103619Z   clean: true
2026-09-05T06:19:53.9104094Z   sparse-checkout-cone-mode: true
2026-09-05T06:19:53.9104738Z   fetch-depth: 1
2026-09-05T06:19:53.9105156Z   fetch-tags: false
2026-09-05T06:19:53.9105623Z   show-progress: true
2026-09-05T06:19:53.9106160Z   lfs: false
2026-09-05T06:19:53.9106612Z   submodules: false
2026-09-05T06:19:53.9107064Z   set-safe-directory: true
2026-09-05T06:19:53.9107666Z ##[endgroup]
2026-09-05T06:19:53.9952990Z Syncing repository: tsuji-tomonori/LemmaWeave
2026-09-05T06:19:53.9954911Z ##[group]Getting Git version info
2026-09-05T06:19:53.9955567Z Working directory is '/home/runner/work/LemmaWeave/LemmaWeave'
2026-09-05T06:19:53.9956614Z [command]/usr/bin/git version
2026-09-05T06:19:54.0020355Z git version 2.55.0
2026-09-05T06:19:54.0044004Z ##[endgroup]
2026-09-05T06:19:54.0052750Z Temporarily overriding HOME='/home/runner/work/_temp/0df888b3-6277-42fb-96b0-6ca9375efb60' before making global git config changes
2026-09-05T06:19:54.0054878Z Adding repository directory to the temporary git global config as a safe directory
2026-09-05T06:19:54.0057570Z [command]/usr/bin/git config --global --add safe.directory /home/runner/work/LemmaWeave/LemmaWeave
2026-09-05T06:19:54.0104265Z Deleting the contents of '/home/runner/work/LemmaWeave/LemmaWeave'
2026-09-05T06:19:54.0107914Z ##[group]Initializing the repository
2026-09-05T06:19:54.0111996Z [command]/usr/bin/git init /home/runner/work/LemmaWeave/LemmaWeave
2026-09-05T06:19:54.0210304Z hint: Using 'master' as the name for the initial branch. This default branch name
2026-09-05T06:19:54.0211826Z hint: will change to "main" in Git 3.0. To configure the initial branch name
2026-09-05T06:19:54.0213285Z hint: to use in all of your new repositories, which will suppress this warning,
2026-09-05T06:19:54.0214510Z hint: call:
2026-09-05T06:19:54.0215127Z hint:
2026-09-05T06:19:54.0215887Z hint: 	git config --global init.defaultBranch <name>
2026-09-05T06:19:54.0216844Z hint:
2026-09-05T06:19:54.0217793Z hint: Names commonly chosen instead of 'master' are 'main', 'trunk' and
2026-09-05T06:19:54.0219072Z hint: 'development'. The just-created branch can be renamed via this command:
2026-09-05T06:19:54.0220049Z hint:
2026-09-05T06:19:54.0220640Z hint: 	git branch -m <name>
2026-09-05T06:19:54.0221452Z hint:
2026-09-05T06:19:54.0222296Z hint: Disable this message with "git config set advice.defaultBranchName false"
2026-09-05T06:19:54.0223610Z Initialized empty Git repository in /home/runner/work/LemmaWeave/LemmaWeave/.git/
2026-09-05T06:19:54.0226831Z [command]/usr/bin/git remote add origin https://github.com/tsuji-tomonori/LemmaWeave
2026-09-05T06:19:54.0261206Z ##[endgroup]
2026-09-05T06:19:54.0262523Z ##[group]Disabling automatic garbage collection
2026-09-05T06:19:54.0263916Z [command]/usr/bin/git config --local gc.auto 0
2026-09-05T06:19:54.0287872Z ##[endgroup]
2026-09-05T06:19:54.0289250Z ##[group]Setting up auth
2026-09-05T06:19:54.0293086Z [command]/usr/bin/git config --local --name-only --get-regexp core\.sshCommand
2026-09-05T06:19:54.0316616Z [command]/usr/bin/git submodule foreach --recursive sh -c "git config --local --name-only --get-regexp 'core\.sshCommand' && git config --local --unset-all 'core.sshCommand' || :"
2026-09-05T06:19:54.0603063Z [command]/usr/bin/git config --local --name-only --get-regexp http\.https\:\/\/github\.com\/\.extraheader
2026-09-05T06:19:54.0631535Z [command]/usr/bin/git submodule foreach --recursive sh -c "git config --local --name-only --get-regexp 'http\.https\:\/\/github\.com\/\.extraheader' && git config --local --unset-all 'http.https://github.com/.extraheader' || :"
2026-09-05T06:19:54.0802773Z [command]/usr/bin/git config --local http.https://github.com/.extraheader AUTHORIZATION: basic ***
2026-09-05T06:19:54.0830478Z ##[endgroup]
2026-09-05T06:19:54.0831264Z ##[group]Fetching the repository
2026-09-05T06:19:54.0839075Z [command]/usr/bin/git -c protocol.version=2 fetch --no-tags --prune --no-recurse-submodules --depth=1 origin +7fd73a8c30711ef70ac1332d0351eba87b13c26d:refs/remotes/origin/main
2026-09-05T06:19:55.6664355Z From https://github.com/tsuji-tomonori/LemmaWeave
2026-09-05T06:19:55.6666850Z  * [new ref]         7fd73a8c30711ef70ac1332d0351eba87b13c26d -> origin/main
2026-09-05T06:19:55.6671788Z ##[endgroup]
2026-09-05T06:19:55.6673993Z ##[group]Determining the checkout info
2026-09-05T06:19:55.6677920Z ##[endgroup]
2026-09-05T06:19:55.6679693Z [command]/usr/bin/git sparse-checkout disable
2026-09-05T06:19:55.6719314Z [command]/usr/bin/git config --local --unset-all extensions.worktreeConfig
2026-09-05T06:19:55.6743238Z ##[group]Checking out the ref
2026-09-05T06:19:55.6746310Z [command]/usr/bin/git checkout --progress --force -B main refs/remotes/origin/main
2026-09-05T06:19:55.7313247Z Switched to a new branch 'main'
2026-09-05T06:19:55.7315953Z branch 'main' set up to track 'origin/main'.
2026-09-05T06:19:55.7324469Z ##[endgroup]
2026-09-05T06:19:55.7357453Z [command]/usr/bin/git log -1 --format=%H
2026-09-05T06:19:55.7378266Z 7fd73a8c30711ef70ac1332d0351eba87b13c26d
2026-09-05T06:19:55.7384823Z ##[group]Removing auth
2026-09-05T06:19:55.7389023Z [command]/usr/bin/git config --local --name-only --get-regexp core\.sshCommand
2026-09-05T06:19:55.7414364Z [command]/usr/bin/git submodule foreach --recursive sh -c "git config --local --name-only --get-regexp 'core\.sshCommand' && git config --local --unset-all 'core.sshCommand' || :"
2026-09-05T06:19:55.7575117Z [command]/usr/bin/git config --local --name-only --get-regexp http\.https\:\/\/github\.com\/\.extraheader
2026-09-05T06:19:55.7598423Z http.https://github.com/.extraheader
2026-09-05T06:19:55.7605129Z [command]/usr/bin/git config --local --unset-all http.https://github.com/.extraheader
2026-09-05T06:19:55.7631062Z [command]/usr/bin/git submodule foreach --recursive sh -c "git config --local --name-only --get-regexp 'http\.https\:\/\/github\.com\/\.extraheader' && git config --local --unset-all 'http.https://github.com/.extraheader' || :"
2026-09-05T06:19:55.7783588Z ##[endgroup]
2026-09-05T06:19:55.7984067Z ##[group]Run mkdir -p "$RUNNER_TEMP/lemmaweave-elan"
2026-09-05T06:19:55.7986249Z [36;1mmkdir -p "$RUNNER_TEMP/lemmaweave-elan"[0m
2026-09-05T06:19:55.7989822Z [36;1mcurl --fail --location --retry 2 --max-time 120 --output "$RUNNER_TEMP/lemmaweave-elan/elan.tar.gz" https://github.com/leanprover/elan/releases/download/v4.1.2/elan-x86_64-unknown-linux-gnu.tar.gz[0m
2026-09-05T06:19:55.7993468Z [36;1msha256sum "$RUNNER_TEMP/lemmaweave-elan/elan.tar.gz"[0m
2026-09-05T06:19:55.7995848Z [36;1mtar -xzf "$RUNNER_TEMP/lemmaweave-elan/elan.tar.gz" -C "$RUNNER_TEMP/lemmaweave-elan"[0m
2026-09-05T06:19:55.7998218Z [36;1m"$RUNNER_TEMP/lemmaweave-elan/elan-init" -y --default-toolchain none[0m
2026-09-05T06:19:55.8000065Z [36;1mecho "$HOME/.elan/bin" >> "$GITHUB_PATH"[0m
2026-09-05T06:19:55.8026626Z shell: /usr/bin/bash -e {0}
2026-09-05T06:19:55.8027866Z ##[endgroup]
2026-09-05T06:19:55.8166076Z   % Total    % Received % Xferd  Average Speed   Time    Time     Time  Current
2026-09-05T06:19:55.8168648Z                                  Dload  Upload   Total   Spent    Left  Speed
2026-09-05T06:19:55.8170148Z 
2026-09-05T06:19:56.0809262Z   0     0    0     0    0     0      0      0 --:--:-- --:--:-- --:--:--     0
2026-09-05T06:19:56.0810778Z   0     0    0     0    0     0      0      0 --:--:-- --:--:-- --:--:--     0
2026-09-05T06:19:56.0812331Z   0     0    0     0    0     0      0      0 --:--:-- --:--:-- --:--:--     0
2026-09-05T06:19:56.2872160Z 
2026-09-05T06:19:56.2873797Z 100 4869k  100 4869k    0     0  10.1M      0 --:--:-- --:--:-- --:--:-- 10.1M
2026-09-05T06:19:56.2953131Z f81c2e48c1588d4612cd2c8851947898a45ac8d72748a07dff3a5694f1cf589b  /home/runner/work/_temp/lemmaweave-elan/elan.tar.gz
2026-09-05T06:19:56.4009171Z ##[group]Run python3 scripts/run.py --timeout 600 -- lean --version
2026-09-05T06:19:56.4009733Z [36;1mpython3 scripts/run.py --timeout 600 -- lean --version[0m
2026-09-05T06:19:56.4010220Z [36;1mpython3 scripts/run.py -- lake --version[0m
2026-09-05T06:19:56.4033560Z shell: /usr/bin/bash -e {0}
2026-09-05T06:19:56.4033958Z ##[endgroup]
2026-09-05T06:20:13.1536577Z {"run": "runs/20260905T061956-d0f053da/run.json", "exit_code": 0}
2026-09-05T06:20:13.3045668Z {"run": "runs/20260905T062013-3e8d5238/run.json", "exit_code": 0}
2026-09-05T06:20:13.3122576Z ##[group]Run python3 scripts/run.py --timeout 900 -- lake exe cache get Mathlib.Data.Nat.Basic Mathlib.Algebra.Group.Basic Mathlib.Data.Real.Sqrt Mathlib.Tactic
2026-09-05T06:20:13.3123625Z [36;1mpython3 scripts/run.py --timeout 900 -- lake exe cache get Mathlib.Data.Nat.Basic Mathlib.Algebra.Group.Basic Mathlib.Data.Real.Sqrt Mathlib.Tactic[0m
2026-09-05T06:20:13.3147773Z shell: /usr/bin/bash -e {0}
2026-09-05T06:20:13.3148196Z ##[endgroup]
2026-09-05T06:21:24.1856544Z {"run": "runs/20260905T062013-c2472b11/run.json", "exit_code": 0}
2026-09-05T06:21:24.1939368Z ##[group]Run python3 scripts/run.py -- python3 scripts/check_pins.py
2026-09-05T06:21:24.1939910Z [36;1mpython3 scripts/run.py -- python3 scripts/check_pins.py[0m
2026-09-05T06:21:24.1961609Z shell: /usr/bin/bash -e {0}
2026-09-05T06:21:24.1961972Z ##[endgroup]
2026-09-05T06:21:24.4015331Z {"run": "runs/20260905T062124-03546fa2/run.json", "exit_code": 0}
2026-09-05T06:21:24.4096880Z ##[group]Run python3 scripts/run.py --timeout 600 -- lake build
2026-09-05T06:21:24.4097433Z [36;1mpython3 scripts/run.py --timeout 600 -- lake build[0m
2026-09-05T06:21:24.4118597Z shell: /usr/bin/bash -e {0}
2026-09-05T06:21:24.4118936Z ##[endgroup]
2026-09-05T06:21:36.9115050Z {"run": "runs/20260905T062124-1974500a/run.json", "exit_code": 0}
2026-09-05T06:21:36.9215610Z ##[group]Run python3 scripts/run_targets.py
2026-09-05T06:21:36.9216001Z [36;1mpython3 scripts/run_targets.py[0m
2026-09-05T06:21:36.9236476Z shell: /usr/bin/bash -e {0}
2026-09-05T06:21:36.9236789Z ##[endgroup]
2026-09-05T06:21:37.8887573Z {"run": "runs/20260905T062137-5e62776b/run.json", "exit_code": 0}
2026-09-05T06:21:39.0137743Z {"run": "runs/20260905T062137-4f20a469/run.json", "exit_code": 0}
2026-09-05T06:22:00.8585915Z {"run": "runs/20260905T062139-5b3c37ff/run.json", "exit_code": 0}
2026-09-05T06:22:02.4707192Z {"run": "runs/20260905T062200-4c65e193/run.json", "exit_code": 0}
2026-09-05T06:22:07.8991792Z {"run": "runs/20260905T062202-ac7cca2e/run.json", "exit_code": 0}
2026-09-05T06:22:13.2479015Z {"run": "runs/20260905T062207-980edbcd/run.json", "exit_code": 0}
2026-09-05T06:22:18.8648616Z {"run": "runs/20260905T062213-6955cf71/run.json", "exit_code": 0}
2026-09-05T06:22:20.1768568Z {"run": "runs/20260905T062218-da7aec63/run.json", "exit_code": 0}
2026-09-05T06:22:33.4111142Z {"run": "runs/20260905T062220-c76ade4c/run.json", "exit_code": 0}
2026-09-05T06:22:33.4185081Z {
2026-09-05T06:22:33.4185695Z   "schema_version": "0.1",
2026-09-05T06:22:33.4186223Z   "extractor_build": {
2026-09-05T06:22:33.4186640Z     "argv": [
2026-09-05T06:22:33.4186930Z       "lake",
2026-09-05T06:22:33.4187182Z       "build",
2026-09-05T06:22:33.4187465Z       "LemmaWeave.Audit.Extract"
2026-09-05T06:22:33.4187773Z     ],
2026-09-05T06:22:33.4188053Z     "exit_code": 0,
2026-09-05T06:22:33.4188332Z     "run": "runs/20260905T062137-5e62776b/run.json"
2026-09-05T06:22:33.4188678Z   },
2026-09-05T06:22:33.4188912Z   "variants": [
2026-09-05T06:22:33.4189172Z     {
2026-09-05T06:22:33.4189552Z       "proof_variant_id": "JP-DNC-CT-2026-MAIN-M1-Q01-S01-01-V1",
2026-09-05T06:22:33.4189937Z       "build": {
2026-09-05T06:22:33.4190269Z         "argv": [
2026-09-05T06:22:33.4190520Z           "lake",
2026-09-05T06:22:33.4190772Z           "build",
2026-09-05T06:22:33.4191151Z           "LemmaWeave.Problems.DNC2026M1.ProofInequalities"
2026-09-05T06:22:33.4191503Z         ],
2026-09-05T06:22:33.4191763Z         "exit_code": 0,
2026-09-05T06:22:33.4192081Z         "run": "runs/20260905T062137-4f20a469/run.json"
2026-09-05T06:22:33.4192380Z       },
2026-09-05T06:22:33.4192669Z       "audit": {
2026-09-05T06:22:33.4192953Z         "argv": [
2026-09-05T06:22:33.4193221Z           "lake",
2026-09-05T06:22:33.4193469Z           "env",
2026-09-05T06:22:33.4193702Z           "lean",
2026-09-05T06:22:33.4194067Z           "work/audit_JP-DNC-CT-2026-MAIN-M1-Q01-S01-01-V1.lean"
2026-09-05T06:22:33.4194614Z         ],
2026-09-05T06:22:33.4194875Z         "exit_code": 0,
2026-09-05T06:22:33.4195191Z         "run": "runs/20260905T062139-5b3c37ff/run.json"
2026-09-05T06:22:33.4195506Z       },
2026-09-05T06:22:33.4195777Z       "graphs": {
2026-09-05T06:22:33.4196383Z         "LemmaWeave.Problems.DNC2026M1.inequalities_solution": "work/LemmaWeave.Problems.DNC2026M1.inequalities_solution-graph.json"
2026-09-05T06:22:33.4196943Z       }
2026-09-05T06:22:33.4197186Z     },
2026-09-05T06:22:33.4197424Z     {
2026-09-05T06:22:33.4197805Z       "proof_variant_id": "JP-DNC-CT-2026-MAIN-M1-Q01-S02-01-V1",
2026-09-05T06:22:33.4198167Z       "build": {
2026-09-05T06:22:33.4198412Z         "argv": [
2026-09-05T06:22:33.4198683Z           "lake",
2026-09-05T06:22:33.4198934Z           "build",
2026-09-05T06:22:33.4199310Z           "LemmaWeave.Problems.DNC2026M1.ProofSets"
2026-09-05T06:22:33.4199637Z         ],
2026-09-05T06:22:33.4199870Z         "exit_code": 0,
2026-09-05T06:22:33.4200205Z         "run": "runs/20260905T062200-4c65e193/run.json"
2026-09-05T06:22:33.4200525Z       },
2026-09-05T06:22:33.4200777Z       "audit": {
2026-09-05T06:22:33.4201028Z         "argv": [
2026-09-05T06:22:33.4201266Z           "lake",
2026-09-05T06:22:33.4201733Z           "env",
2026-09-05T06:22:33.4201975Z           "lean",
2026-09-05T06:22:33.4202298Z           "work/audit_JP-DNC-CT-2026-MAIN-M1-Q01-S02-01-V1.lean"
2026-09-05T06:22:33.4202813Z         ],
2026-09-05T06:22:33.4203056Z         "exit_code": 0,
2026-09-05T06:22:33.4203372Z         "run": "runs/20260905T062202-ac7cca2e/run.json"
2026-09-05T06:22:33.4203695Z       },
2026-09-05T06:22:33.4203919Z       "graphs": {
2026-09-05T06:22:33.4204591Z         "LemmaWeave.Problems.DNC2026M1.sets_solution": "work/LemmaWeave.Problems.DNC2026M1.sets_solution-graph.json"
2026-09-05T06:22:33.4205086Z       }
2026-09-05T06:22:33.4205708Z     },
2026-09-05T06:22:33.4205985Z     {
2026-09-05T06:22:33.4206351Z       "proof_variant_id": "JP-DNC-CT-2026-MAIN-M1-Q01-S02-02I-V1",
2026-09-05T06:22:33.4206757Z       "build": {
2026-09-05T06:22:33.4207051Z         "argv": [
2026-09-05T06:22:33.4207293Z           "lake",
2026-09-05T06:22:33.4207574Z           "build",
2026-09-05T06:22:33.4207868Z           "LemmaWeave.Problems.DNC2026M1.ProofSets"
2026-09-05T06:22:33.4208203Z         ],
2026-09-05T06:22:33.4208478Z         "exit_code": 0,
2026-09-05T06:22:33.4208774Z         "run": "runs/20260905T062200-4c65e193/run.json"
2026-09-05T06:22:33.4209106Z       },
2026-09-05T06:22:33.4209335Z       "audit": {
2026-09-05T06:22:33.4209587Z         "argv": [
2026-09-05T06:22:33.4209826Z           "lake",
2026-09-05T06:22:33.4210053Z           "env",
2026-09-05T06:22:33.4210338Z           "lean",
2026-09-05T06:22:33.4210653Z           "work/audit_JP-DNC-CT-2026-MAIN-M1-Q01-S02-02I-V1.lean"
2026-09-05T06:22:33.4211000Z         ],
2026-09-05T06:22:33.4211285Z         "exit_code": 0,
2026-09-05T06:22:33.4211564Z         "run": "runs/20260905T062207-980edbcd/run.json"
2026-09-05T06:22:33.4211908Z       },
2026-09-05T06:22:33.4212140Z       "graphs": {
2026-09-05T06:22:33.4212679Z         "LemmaWeave.Problems.DNC2026M1.parameter_solution": "work/LemmaWeave.Problems.DNC2026M1.parameter_solution-graph.json"
2026-09-05T06:22:33.4213210Z       }
2026-09-05T06:22:33.4213440Z     },
2026-09-05T06:22:33.4213700Z     {
2026-09-05T06:22:33.4214017Z       "proof_variant_id": "JP-DNC-CT-2026-MAIN-M1-Q01-S02-02II-V1",
2026-09-05T06:22:33.4214955Z       "build": {
2026-09-05T06:22:33.4215272Z         "argv": [
2026-09-05T06:22:33.4215519Z           "lake",
2026-09-05T06:22:33.4215794Z           "build",
2026-09-05T06:22:33.4216090Z           "LemmaWeave.Problems.DNC2026M1.ProofSets"
2026-09-05T06:22:33.4216392Z         ],
2026-09-05T06:22:33.4216655Z         "exit_code": 0,
2026-09-05T06:22:33.4216946Z         "run": "runs/20260905T062200-4c65e193/run.json"
2026-09-05T06:22:33.4217248Z       },
2026-09-05T06:22:33.4217517Z       "audit": {
2026-09-05T06:22:33.4217761Z         "argv": [
2026-09-05T06:22:33.4218039Z           "lake",
2026-09-05T06:22:33.4218277Z           "env",
2026-09-05T06:22:33.4218533Z           "lean",
2026-09-05T06:22:33.4218860Z           "work/audit_JP-DNC-CT-2026-MAIN-M1-Q01-S02-02II-V1.lean"
2026-09-05T06:22:33.4219198Z         ],
2026-09-05T06:22:33.4219448Z         "exit_code": 0,
2026-09-05T06:22:33.4219745Z         "run": "runs/20260905T062213-6955cf71/run.json"
2026-09-05T06:22:33.4220030Z       },
2026-09-05T06:22:33.4220319Z       "graphs": {
2026-09-05T06:22:33.4220808Z         "LemmaWeave.Problems.DNC2026M1.pair_solution": "work/LemmaWeave.Problems.DNC2026M1.pair_solution-graph.json"
2026-09-05T06:22:33.4221387Z       }
2026-09-05T06:22:33.4221640Z     },
2026-09-05T06:22:33.4221905Z     {
2026-09-05T06:22:33.4222320Z       "proof_variant_id": "JP-DNC-CT-2026-MAIN-M1-Q03-S02-01-V1",
2026-09-05T06:22:33.4222701Z       "build": {
2026-09-05T06:22:33.4222969Z         "argv": [
2026-09-05T06:22:33.4223263Z           "lake",
2026-09-05T06:22:33.4223578Z           "build",
2026-09-05T06:22:33.4223997Z           "LemmaWeave.Problems.DNC2026M1.ProofExtrema"
2026-09-05T06:22:33.4224514Z         ],
2026-09-05T06:22:33.4224807Z         "exit_code": 0,
2026-09-05T06:22:33.4225130Z         "run": "runs/20260905T062218-da7aec63/run.json"
2026-09-05T06:22:33.4225623Z       },
2026-09-05T06:22:33.4225874Z       "audit": {
2026-09-05T06:22:33.4226126Z         "argv": [
2026-09-05T06:22:33.4226390Z           "lake",
2026-09-05T06:22:33.4226719Z           "env",
2026-09-05T06:22:33.4226966Z           "lean",
2026-09-05T06:22:33.4227269Z           "work/audit_JP-DNC-CT-2026-MAIN-M1-Q03-S02-01-V1.lean"
2026-09-05T06:22:33.4227602Z         ],
2026-09-05T06:22:33.4227854Z         "exit_code": 0,
2026-09-05T06:22:33.4228176Z         "run": "runs/20260905T062220-c76ade4c/run.json"
2026-09-05T06:22:33.4228487Z       },
2026-09-05T06:22:33.4228715Z       "graphs": {
2026-09-05T06:22:33.4229256Z         "LemmaWeave.Problems.DNC2026M1.extrema_solution": "work/LemmaWeave.Problems.DNC2026M1.extrema_solution-graph.json"
2026-09-05T06:22:33.4229844Z       }
2026-09-05T06:22:33.4230073Z     }
2026-09-05T06:22:33.4230307Z   ],
2026-09-05T06:22:33.4230550Z   "does_not_promote_ledger": true
2026-09-05T06:22:33.4230853Z }
2026-09-05T06:22:33.4283241Z ##[group]Run python3 scripts/run.py --timeout 300 -- lake env lean tests/lean/Smoke.lean
2026-09-05T06:22:33.4283853Z [36;1mpython3 scripts/run.py --timeout 300 -- lake env lean tests/lean/Smoke.lean[0m
2026-09-05T06:22:33.4304730Z shell: /usr/bin/bash -e {0}
2026-09-05T06:22:33.4305049Z ##[endgroup]
2026-09-05T06:22:34.8760703Z {"run": "runs/20260905T062233-9a381799/run.json", "exit_code": 0}
2026-09-05T06:22:34.8844869Z ##[group]Run python3 scripts/run.py --timeout 300 -- lake build LemmaWeave.Audit.Fixtures.Shared
2026-09-05T06:22:34.8845561Z [36;1mpython3 scripts/run.py --timeout 300 -- lake build LemmaWeave.Audit.Fixtures.Shared[0m
2026-09-05T06:22:34.8846155Z [36;1mpython3 scripts/run.py --timeout 300 -- lake env lean tests/lean/DependencyFixtures.lean[0m
2026-09-05T06:22:34.8846748Z [36;1mpython3 scripts/run.py -- python3 scripts/check_extractor.py[0m
2026-09-05T06:22:34.8867555Z shell: /usr/bin/bash -e {0}
2026-09-05T06:22:34.8867900Z ##[endgroup]
2026-09-05T06:22:36.4329868Z {"run": "runs/20260905T062234-e28e7720/run.json", "exit_code": 0}
2026-09-05T06:22:38.7817012Z {"run": "runs/20260905T062236-d5c774f6/run.json", "exit_code": 0}
2026-09-05T06:22:39.1802285Z {"run": "runs/20260905T062238-1b188b57/run.json", "exit_code": 0}
2026-09-05T06:22:39.1886891Z ##[group]Run python3 scripts/run.py -- python3 -m unittest discover -s tests -v
2026-09-05T06:22:39.1887430Z [36;1mpython3 scripts/run.py -- python3 -m unittest discover -s tests -v[0m
2026-09-05T06:22:39.1908566Z shell: /usr/bin/bash -e {0}
2026-09-05T06:22:39.1908939Z ##[endgroup]
2026-09-05T06:22:39.5931366Z {"run": "runs/20260905T062239-c8d706e0/run.json", "exit_code": 0}
2026-09-05T06:22:39.6018459Z ##[group]Run python3 scripts/run.py -- python3 scripts/lw.py validate
2026-09-05T06:22:39.6019022Z [36;1mpython3 scripts/run.py -- python3 scripts/lw.py validate[0m
2026-09-05T06:22:39.6039361Z shell: /usr/bin/bash -e {0}
2026-09-05T06:22:39.6039672Z ##[endgroup]
2026-09-05T06:22:41.4535050Z {"run": "runs/20260905T062239-5a5e6e00/run.json", "exit_code": 0}
2026-09-05T06:22:41.4625176Z ##[group]Run python3 - <<'PY'
2026-09-05T06:22:41.4625540Z [36;1mpython3 - <<'PY'[0m
2026-09-05T06:22:41.4625833Z [36;1mfrom pathlib import Path[0m
2026-09-05T06:22:41.4626176Z [36;1mimport json, os[0m
2026-09-05T06:22:41.4626546Z [36;1mfor record in sorted(Path('runs').glob('*/run.json')):[0m
2026-09-05T06:22:41.4626960Z [36;1m    data = json.loads(record.read_text())[0m
2026-09-05T06:22:41.4627465Z [36;1m    if data['environment'].get('github_run_id') == os.environ['GITHUB_RUN_ID']:[0m
2026-09-05T06:22:41.4627933Z [36;1m        for key in ['stdout_log', 'stderr_log']:[0m
2026-09-05T06:22:41.4628354Z [36;1m            p = Path(data[key])[0m
2026-09-05T06:22:41.4628676Z [36;1m            print(str(p))[0m
2026-09-05T06:22:41.4629025Z [36;1m            print(p.read_text(errors='replace'))[0m
2026-09-05T06:22:41.4629382Z [36;1mPY[0m
2026-09-05T06:22:41.4650118Z shell: /usr/bin/bash -e {0}
2026-09-05T06:22:41.4650443Z ##[endgroup]
2026-09-05T06:22:41.4936064Z runs/20260905T061956-d0f053da/stdout.log
2026-09-05T06:22:41.4937283Z Lean (version 4.33.1, x86_64-unknown-linux-gnu, commit 819816b2e0a3bf405af45ae5c7af2491d8f5bee6, Release)
2026-09-05T06:22:41.4937881Z 
2026-09-05T06:22:41.4938077Z runs/20260905T061956-d0f053da/stderr.log
2026-09-05T06:22:41.4938806Z info: Version 4.2.4 of elan is available! Use `elan self update` to update.
2026-09-05T06:22:41.4939688Z info: downloading https://releases.lean-lang.org/lean4/v4.33.1/lean-4.33.1-linux.tar.zst
2026-09-05T06:22:41.4940530Z info: installing /home/runner/.elan/toolchains/leanprover--lean4---v4.33.1
2026-09-05T06:22:41.4941027Z 
2026-09-05T06:22:41.4941188Z runs/20260905T062013-3e8d5238/stdout.log
2026-09-05T06:22:41.4941698Z Lake version 5.0.0-src+819816b (Lean version 4.33.1)
2026-09-05T06:22:41.4942081Z 
2026-09-05T06:22:41.4942323Z runs/20260905T062013-3e8d5238/stderr.log
2026-09-05T06:22:41.4942582Z 
2026-09-05T06:22:41.4942768Z runs/20260905T062013-c2472b11/stdout.log
2026-09-05T06:22:41.4943685Z Current branch: HEAD
2026-09-05T06:22:41.4944406Z Using cache from origin: (some leanprover-community/mathlib4)
2026-09-05T06:22:41.4945446Z Attempting to download 2991 file(s) from leanprover-community/mathlib4 cache at https://lakecache.blob.core.windows.net/mathlib4-master
2026-09-05T06:22:41.4946443Z Decompressed 2991 file(s)
2026-09-05T06:22:41.4946871Z Already decompressed 2991 file(s)
2026-09-05T06:22:41.4947169Z 
2026-09-05T06:22:41.4947372Z runs/20260905T062013-c2472b11/stderr.log
2026-09-05T06:22:41.4947980Z info: mathlib: cloning https://github.com/leanprover-community/mathlib4.git
2026-09-05T06:22:41.4948933Z info: mathlib: checking out revision '0df444a360eaa60ab8c11dca51a86af692955474'
2026-09-05T06:22:41.4949924Z info: plausible: cloning https://github.com/leanprover-community/plausible
2026-09-05T06:22:41.4950682Z info: plausible: checking out revision 'b7eb3304aeae834b12dda98993a37f6a41f6f0bb'
2026-09-05T06:22:41.4951592Z info: LeanSearchClient: cloning https://github.com/leanprover-community/LeanSearchClient
2026-09-05T06:22:41.4952450Z info: LeanSearchClient: checking out revision '5f4d51b81cbd3f6b32b156bfad9056621a040404'
2026-09-05T06:22:41.4953310Z info: importGraph: cloning https://github.com/leanprover-community/import-graph
2026-09-05T06:22:41.4954537Z info: importGraph: checking out revision '16f02aa7642864af59f1ff0e384a015994db9118'
2026-09-05T06:22:41.4955341Z info: proofwidgets: cloning https://github.com/leanprover-community/ProofWidgets4
2026-09-05T06:22:41.4956199Z info: proofwidgets: checking out revision '4be2e3d5087eeb272cf5a8853b8f9dd025ef5957'
2026-09-05T06:22:41.4957165Z info: aesop: cloning https://github.com/leanprover-community/aesop
2026-09-05T06:22:41.4958081Z info: aesop: checking out revision '3448c0bcc5ce01b2d1546e483ec3620e32df3d0e'
2026-09-05T06:22:41.4958819Z info: Qq: cloning https://github.com/leanprover-community/quote4
2026-09-05T06:22:41.4959601Z info: Qq: checking out revision '92c15be17b7caf78c2ad767ec40f89052d908d81'
2026-09-05T06:22:41.4960664Z info: batteries: cloning https://github.com/leanprover-community/batteries
2026-09-05T06:22:41.4961419Z info: batteries: checking out revision '4488d40d070b9700d4d5a6aa342f0d40c31b2a2d'
2026-09-05T06:22:41.4962435Z info: Cli: cloning https://github.com/leanprover/lean4-cli
2026-09-05T06:22:41.4963163Z info: Cli: checking out revision '6130a47896ce867c6a4a55373441e59e565bad0f'
2026-09-05T06:22:41.4964102Z ✔ [1/5] Built Cache.Cli (262ms)
2026-09-05T06:22:41.4964806Z ✔ [2/5] Built Cache.Lean (291ms)
2026-09-05T06:22:41.4965363Z ✔ [6/26] Built Cache.Cli:c.o (170ms)
2026-09-05T06:22:41.4965923Z ✔ [7/26] Built Cache.Lean:c.o (158ms)
2026-09-05T06:22:41.4966507Z ✔ [8/26] Built Cache.Infra (381ms)
2026-09-05T06:22:41.4966993Z ✔ [9/26] Built Cache.Infra:c.o (165ms)
2026-09-05T06:22:41.4967603Z ✔ [10/26] Built Batteries.Tactic.OpenPrivate (754ms)
2026-09-05T06:22:41.4968258Z ✔ [11/26] Built Batteries.Tactic.OpenPrivate:c.o (1.0s)
2026-09-05T06:22:41.4968788Z ✔ [12/26] Built Cache.IO (1.1s)
2026-09-05T06:22:41.4969335Z ✔ [13/26] Built Cache.Hashing (587ms)
2026-09-05T06:22:41.4970016Z ✔ [14/26] Built Cache.Hashing:c.o (514ms)
2026-09-05T06:22:41.4970530Z ✔ [15/26] Built Cache.IO:c.o (1.5s)
2026-09-05T06:22:41.4971035Z ✔ [16/26] Built Cache.Requests (1.6s)
2026-09-05T06:22:41.4971564Z ✔ [17/26] Built Cache.Marker (407ms)
2026-09-05T06:22:41.4972106Z ✔ [18/26] Built Cache.Marker:c.o (120ms)
2026-09-05T06:22:41.4972580Z ✔ [19/26] Built Cache.Query (542ms)
2026-09-05T06:22:41.4973048Z ✔ [20/26] Built Cache.Query:c.o (246ms)
2026-09-05T06:22:41.4973539Z ✔ [21/26] Built Cache.Warning (590ms)
2026-09-05T06:22:41.4974278Z ✔ [22/26] Built Cache.Warning:c.o (214ms)
2026-09-05T06:22:41.4974808Z ✔ [23/26] Built Cache.Main (924ms)
2026-09-05T06:22:41.4975280Z ✔ [24/26] Built Cache.Requests:c.o (2.5s)
2026-09-05T06:22:41.4975746Z ✔ [25/26] Built Cache.Main:c.o (749ms)
2026-09-05T06:22:41.4976310Z ✔ [26/26] Built cache:exe (561ms)
2026-09-05T06:22:41.4976605Z 
2026-09-05T06:22:41.4976982Z Downloaded: 1 file(s) [attempted 1/2991 = 0%, 109 KB/s], Decompressed: 0
2026-09-05T06:22:41.4977772Z Downloaded: 65 file(s) [attempted 65/2991 = 2%, 59 KB/s], Decompressed: 33
2026-09-05T06:22:41.4978497Z Downloaded: 131 file(s) [attempted 131/2991 = 4%, 418 KB/s], Decompressed: 53
2026-09-05T06:22:41.4979178Z Downloaded: 217 file(s) [attempted 217/2991 = 7%, 212 KB/s], Decompressed: 53
2026-09-05T06:22:41.4979978Z Downloaded: 315 file(s) [attempted 315/2991 = 10%, 324 KB/s], Decompressed: 106
2026-09-05T06:22:41.4980720Z Downloaded: 409 file(s) [attempted 409/2991 = 13%, 289 KB/s], Decompressed: 106
2026-09-05T06:22:41.4981520Z Downloaded: 513 file(s) [attempted 513/2991 = 17%, 1332 KB/s], Decompressed: 106
2026-09-05T06:22:41.4982292Z Downloaded: 593 file(s) [attempted 593/2991 = 19%, 407 KB/s], Decompressed: 106
2026-09-05T06:22:41.4982978Z Downloaded: 690 file(s) [attempted 690/2991 = 23%, 3170 KB/s], Decompressed: 243
2026-09-05T06:22:41.4983728Z Downloaded: 795 file(s) [attempted 795/2991 = 26%, 227 KB/s], Decompressed: 243
2026-09-05T06:22:41.4984593Z Downloaded: 910 file(s) [attempted 910/2991 = 30%, 901 KB/s], Decompressed: 243
2026-09-05T06:22:41.4985329Z Downloaded: 1015 file(s) [attempted 1015/2991 = 33%, 4409 KB/s], Decompressed: 243
2026-09-05T06:22:41.4986077Z Downloaded: 1115 file(s) [attempted 1115/2991 = 37%, 386 KB/s], Decompressed: 243
2026-09-05T06:22:41.4986789Z Downloaded: 1215 file(s) [attempted 1215/2991 = 40%, 225 KB/s], Decompressed: 243
2026-09-05T06:22:41.4987557Z Downloaded: 1317 file(s) [attempted 1317/2991 = 44%, 2782 KB/s], Decompressed: 243
2026-09-05T06:22:41.4988322Z Downloaded: 1424 file(s) [attempted 1424/2991 = 47%, 405 KB/s], Decompressed: 243
2026-09-05T06:22:41.4988952Z Downloaded: 1531 file(s) [attempted 1531/2991 = 51%, 676 KB/s], Decompressed: 243
2026-09-05T06:22:41.4989573Z Downloaded: 1639 file(s) [attempted 1639/2991 = 54%, 507 KB/s], Decompressed: 243
2026-09-05T06:22:41.4990195Z Downloaded: 1743 file(s) [attempted 1743/2991 = 58%, 3712 KB/s], Decompressed: 616
2026-09-05T06:22:41.4991037Z Downloaded: 1850 file(s) [attempted 1850/2991 = 61%, 141 KB/s], Decompressed: 616
2026-09-05T06:22:41.4991741Z Downloaded: 1955 file(s) [attempted 1955/2991 = 65%, 2202 KB/s], Decompressed: 616
2026-09-05T06:22:41.4992505Z Downloaded: 2058 file(s) [attempted 2058/2991 = 68%, 96 KB/s], Decompressed: 616
2026-09-05T06:22:41.4993184Z Downloaded: 2165 file(s) [attempted 2165/2991 = 72%, 1124 KB/s], Decompressed: 616
2026-09-05T06:22:41.4993802Z Downloaded: 2269 file(s) [attempted 2269/2991 = 75%, 320 KB/s], Decompressed: 616
2026-09-05T06:22:41.4994515Z Downloaded: 2374 file(s) [attempted 2374/2991 = 79%, 647 KB/s], Decompressed: 616
2026-09-05T06:22:41.4995032Z Downloaded: 2488 file(s) [attempted 2488/2991 = 83%, 1895 KB/s], Decompressed: 616
2026-09-05T06:22:41.4995888Z Downloaded: 2602 file(s) [attempted 2602/2991 = 86%, 305 KB/s], Decompressed: 616
2026-09-05T06:22:41.4996455Z Downloaded: 2707 file(s) [attempted 2707/2991 = 90%, 3832 KB/s], Decompressed: 616
2026-09-05T06:22:41.4996957Z Downloaded: 2807 file(s) [attempted 2807/2991 = 93%, 340 KB/s], Decompressed: 616
2026-09-05T06:22:41.4997514Z Downloaded: 2912 file(s) [attempted 2912/2991 = 97%, 303 KB/s], Decompressed: 616
2026-09-05T06:22:41.4997985Z Downloaded: 2989 file(s) [attempted 2989/2991 = 99%, 343 KB/s], Decompressed: 616
2026-09-05T06:22:41.4998468Z Downloaded: 2991 file(s) [attempted 2991/2991 = 100%, 343 KB/s], Decompressed: 616
2026-09-05T06:22:41.4998769Z 
2026-09-05T06:22:41.4998884Z runs/20260905T062124-03546fa2/stdout.log
2026-09-05T06:22:41.4999287Z All nine dependency commits and toolchain file match their pins.
2026-09-05T06:22:41.4999577Z 
2026-09-05T06:22:41.4999722Z runs/20260905T062124-03546fa2/stderr.log
2026-09-05T06:22:41.4999890Z 
2026-09-05T06:22:41.5000023Z runs/20260905T062124-1974500a/stdout.log
2026-09-05T06:22:41.5000514Z ✔ [3007/3020] Built LemmaWeave.Audit.Extract (1.4s)
2026-09-05T06:22:41.5000943Z ✔ [3008/3020] Built LemmaWeave.Lemmas.CommonDivisor (1.3s)
2026-09-05T06:22:41.5001359Z ✔ [3009/3020] Built Mathlib.Order.Grade (1.4s)
2026-09-05T06:22:41.5001776Z ✔ [3010/3020] Built Mathlib.Data.Finset.Grade (875ms)
2026-09-05T06:22:41.5002180Z ✔ [3011/3020] Built Mathlib.Data.Finset.Interval (998ms)
2026-09-05T06:22:41.5002652Z ⚠ [3012/3020] Built LemmaWeave.Problems.DNC2026M1.Model (1.0s)
2026-09-05T06:22:41.5003274Z warning: LemmaWeave/Problems/DNC2026M1/Model.lean:1:0: 'Mathlib.Data.Real.Sqrt' has been deprecated: please replace this import by
2026-09-05T06:22:41.5003681Z 
2026-09-05T06:22:41.5003855Z import Mathlib.Analysis.Real.Sqrt
2026-09-05T06:22:41.5004728Z ✔ [3013/3020] Built LemmaWeave.Problems.DNC2026M1.Goals (987ms)
2026-09-05T06:22:41.5005414Z ✔ [3014/3020] Built LemmaWeave.Problems.DNC2026M1.ProofInequalities (1.2s)
2026-09-05T06:22:41.5005969Z ✔ [3015/3020] Built LemmaWeave.Problems.DNC2026M1.ProofExtrema (1.5s)
2026-09-05T06:22:41.5006465Z ✔ [3016/3020] Built LemmaWeave.Problems.DNC2026M1.ProofSets (2.6s)
2026-09-05T06:22:41.5006907Z ✔ [3017/3020] Built LemmaWeave.AllTargets (1.5s)
2026-09-05T06:22:41.5007362Z ✔ [3018/3020] Built LemmaWeave.AllVerified (1.5s)
2026-09-05T06:22:41.5007712Z ✔ [3019/3020] Built LemmaWeave (1.6s)
2026-09-05T06:22:41.5008035Z Build completed successfully (3020 jobs).
2026-09-05T06:22:41.5008213Z 
2026-09-05T06:22:41.5008353Z runs/20260905T062124-1974500a/stderr.log
2026-09-05T06:22:41.5008536Z 
2026-09-05T06:22:41.5008664Z runs/20260905T062137-4f20a469/stdout.log
2026-09-05T06:22:41.5009081Z ⚠ [1506/1508] Replayed LemmaWeave.Problems.DNC2026M1.Model
2026-09-05T06:22:41.5009652Z warning: LemmaWeave/Problems/DNC2026M1/Model.lean:1:0: 'Mathlib.Data.Real.Sqrt' has been deprecated: please replace this import by
2026-09-05T06:22:41.5010095Z 
2026-09-05T06:22:41.5010252Z import Mathlib.Analysis.Real.Sqrt
2026-09-05T06:22:41.5010678Z Build completed successfully (1508 jobs).
2026-09-05T06:22:41.5010867Z 
2026-09-05T06:22:41.5010990Z runs/20260905T062137-4f20a469/stderr.log
2026-09-05T06:22:41.5011212Z 
2026-09-05T06:22:41.5011313Z runs/20260905T062137-5e62776b/stdout.log
2026-09-05T06:22:41.5011632Z Build completed successfully (2 jobs).
2026-09-05T06:22:41.5011901Z 
2026-09-05T06:22:41.5012042Z runs/20260905T062137-5e62776b/stderr.log
2026-09-05T06:22:41.5012210Z 
2026-09-05T06:22:41.5012345Z runs/20260905T062139-5b3c37ff/stdout.log
2026-09-05T06:22:41.5012887Z 'LemmaWeave.Problems.DNC2026M1.inequalities_solution' depends on axioms: [propext, Classical.choice, Quot.sound]
2026-09-05T06:22:41.5013318Z 
2026-09-05T06:22:41.5013422Z runs/20260905T062139-5b3c37ff/stderr.log
2026-09-05T06:22:41.5013625Z 
2026-09-05T06:22:41.5013731Z runs/20260905T062200-4c65e193/stdout.log
2026-09-05T06:22:41.5014127Z ⚠ [1505/1900] Replayed LemmaWeave.Problems.DNC2026M1.Model
2026-09-05T06:22:41.5014920Z warning: LemmaWeave/Problems/DNC2026M1/Model.lean:1:0: 'Mathlib.Data.Real.Sqrt' has been deprecated: please replace this import by
2026-09-05T06:22:41.5015322Z 
2026-09-05T06:22:41.5015491Z import Mathlib.Analysis.Real.Sqrt
2026-09-05T06:22:41.5015814Z Build completed successfully (3013 jobs).
2026-09-05T06:22:41.5016024Z 
2026-09-05T06:22:41.5016137Z runs/20260905T062200-4c65e193/stderr.log
2026-09-05T06:22:41.5016395Z 
2026-09-05T06:22:41.5016512Z runs/20260905T062202-ac7cca2e/stdout.log
2026-09-05T06:22:41.5016986Z 'LemmaWeave.Problems.DNC2026M1.sets_solution' depends on axioms: [propext, Classical.choice, Quot.sound]
2026-09-05T06:22:41.5017459Z 
2026-09-05T06:22:41.5017586Z runs/20260905T062202-ac7cca2e/stderr.log
2026-09-05T06:22:41.5017789Z 
2026-09-05T06:22:41.5017893Z runs/20260905T062207-980edbcd/stdout.log
2026-09-05T06:22:41.5018369Z 'LemmaWeave.Problems.DNC2026M1.parameter_solution' depends on axioms: [propext, Classical.choice, Quot.sound]
2026-09-05T06:22:41.5018768Z 
2026-09-05T06:22:41.5018908Z runs/20260905T062207-980edbcd/stderr.log
2026-09-05T06:22:41.5019071Z 
2026-09-05T06:22:41.5019219Z runs/20260905T062213-6955cf71/stdout.log
2026-09-05T06:22:41.5019683Z 'LemmaWeave.Problems.DNC2026M1.pair_solution' depends on axioms: [propext, Classical.choice, Quot.sound]
2026-09-05T06:22:41.5020023Z 
2026-09-05T06:22:41.5020160Z runs/20260905T062213-6955cf71/stderr.log
2026-09-05T06:22:41.5020353Z 
2026-09-05T06:22:41.5020460Z runs/20260905T062218-da7aec63/stdout.log
2026-09-05T06:22:41.5020870Z ⚠ [1506/1508] Replayed LemmaWeave.Problems.DNC2026M1.Model
2026-09-05T06:22:41.5021447Z warning: LemmaWeave/Problems/DNC2026M1/Model.lean:1:0: 'Mathlib.Data.Real.Sqrt' has been deprecated: please replace this import by
2026-09-05T06:22:41.5021873Z 
2026-09-05T06:22:41.5022013Z import Mathlib.Analysis.Real.Sqrt
2026-09-05T06:22:41.5022321Z Build completed successfully (1508 jobs).
2026-09-05T06:22:41.5022497Z 
2026-09-05T06:22:41.5022628Z runs/20260905T062218-da7aec63/stderr.log
2026-09-05T06:22:41.5022777Z 
2026-09-05T06:22:41.5022937Z runs/20260905T062220-c76ade4c/stdout.log
2026-09-05T06:22:41.5023435Z 'LemmaWeave.Problems.DNC2026M1.extrema_solution' depends on axioms: [propext, Classical.choice, Quot.sound]
2026-09-05T06:22:41.5023825Z 
2026-09-05T06:22:41.5023918Z runs/20260905T062220-c76ade4c/stderr.log
2026-09-05T06:22:41.5024140Z 
2026-09-05T06:22:41.5024374Z runs/20260905T062233-9a381799/stdout.log
2026-09-05T06:22:41.5024782Z 'LemmaWeave.Tests.identityGoal' does not depend on any axioms
2026-09-05T06:22:41.5025007Z 
2026-09-05T06:22:41.5025173Z runs/20260905T062233-9a381799/stderr.log
2026-09-05T06:22:41.5025337Z 
2026-09-05T06:22:41.5025494Z runs/20260905T062234-e28e7720/stdout.log
2026-09-05T06:22:41.5025883Z ✔ [123/123] Built LemmaWeave.Audit.Fixtures.Shared (444ms)
2026-09-05T06:22:41.5026266Z Build completed successfully (123 jobs).
2026-09-05T06:22:41.5026472Z 
2026-09-05T06:22:41.5026578Z runs/20260905T062234-e28e7720/stderr.log
2026-09-05T06:22:41.5026765Z 
2026-09-05T06:22:41.5026885Z runs/20260905T062236-d5c774f6/stdout.log
2026-09-05T06:22:41.5027342Z tests/lean/DependencyFixtures.lean:22:8: warning: declaration uses `sorry`
2026-09-05T06:22:41.5027782Z 'LemmaWeave.Tests.wrapper' does not depend on any axioms
2026-09-05T06:22:41.5028245Z 'LemmaWeave.Tests.hiddenForbidden' depends on axioms: [forbiddenFixture]
2026-09-05T06:22:41.5028517Z 
2026-09-05T06:22:41.5028738Z runs/20260905T062236-d5c774f6/stderr.log
2026-09-05T06:22:41.5028927Z 
2026-09-05T06:22:41.5029051Z runs/20260905T062238-1b188b57/stdout.log
2026-09-05T06:22:41.5029370Z {
2026-09-05T06:22:41.5029608Z   "validated_cases": [
2026-09-05T06:22:41.5029876Z     {
2026-09-05T06:22:41.5030147Z       "fixture": "wrapper",
2026-09-05T06:22:41.5030421Z       "nodes": 34,
2026-09-05T06:22:41.5030694Z       "edges": 137,
2026-09-05T06:22:41.5030950Z       "observed_audit": "passed",
2026-09-05T06:22:41.5031251Z       "expectation_passed": true
2026-09-05T06:22:41.5031522Z     },
2026-09-05T06:22:41.5031733Z     {
2026-09-05T06:22:41.5032034Z       "fixture": "type-only",
2026-09-05T06:22:41.5032303Z       "nodes": 8,
2026-09-05T06:22:41.5032624Z       "edges": 15,
2026-09-05T06:22:41.5032918Z       "observed_audit": "passed",
2026-09-05T06:22:41.5033195Z       "expectation_passed": true
2026-09-05T06:22:41.5033507Z     },
2026-09-05T06:22:41.5033731Z     {
2026-09-05T06:22:41.5033959Z       "fixture": "class",
2026-09-05T06:22:41.5034510Z       "nodes": 381,
2026-09-05T06:22:41.5034787Z       "edges": 2829,
2026-09-05T06:22:41.5035060Z       "observed_audit": "passed",
2026-09-05T06:22:41.5035340Z       "expectation_passed": true
2026-09-05T06:22:41.5035594Z     },
2026-09-05T06:22:41.5035834Z     {
2026-09-05T06:22:41.5036117Z       "fixture": "simp",
2026-09-05T06:22:41.5036390Z       "nodes": 43,
2026-09-05T06:22:41.5036633Z       "edges": 151,
2026-09-05T06:22:41.5036875Z       "observed_audit": "passed",
2026-09-05T06:22:41.5037182Z       "expectation_passed": true
2026-09-05T06:22:41.5037469Z     },
2026-09-05T06:22:41.5037689Z     {
2026-09-05T06:22:41.5037931Z       "fixture": "forbidden",
2026-09-05T06:22:41.5038201Z       "nodes": 3,
2026-09-05T06:22:41.5038454Z       "edges": 3,
2026-09-05T06:22:41.5038757Z       "observed_audit": "failed",
2026-09-05T06:22:41.5039041Z       "expectation_passed": true
2026-09-05T06:22:41.5039311Z     },
2026-09-05T06:22:41.5039528Z     {
2026-09-05T06:22:41.5039764Z       "fixture": "shared",
2026-09-05T06:22:41.5040045Z       "nodes": 34,
2026-09-05T06:22:41.5040270Z       "edges": 137,
2026-09-05T06:22:41.5040542Z       "observed_audit": "passed",
2026-09-05T06:22:41.5040820Z       "expectation_passed": true
2026-09-05T06:22:41.5041085Z     },
2026-09-05T06:22:41.5041306Z     {
2026-09-05T06:22:41.5041567Z       "fixture": "mutual",
2026-09-05T06:22:41.5041842Z       "nodes": 29,
2026-09-05T06:22:41.5042077Z       "edges": 135,
2026-09-05T06:22:41.5042336Z       "observed_audit": "passed",
2026-09-05T06:22:41.5042637Z       "expectation_passed": true
2026-09-05T06:22:41.5042893Z     },
2026-09-05T06:22:41.5043119Z     {
2026-09-05T06:22:41.5043339Z       "fixture": "hole",
2026-09-05T06:22:41.5043578Z       "nodes": 324,
2026-09-05T06:22:41.5043838Z       "edges": 2598,
2026-09-05T06:22:41.5044135Z       "observed_audit": "failed",
2026-09-05T06:22:41.5044592Z       "expectation_passed": true
2026-09-05T06:22:41.5044854Z     },
2026-09-05T06:22:41.5045058Z     {
2026-09-05T06:22:41.5045342Z       "fixture": "cutoff",
2026-09-05T06:22:41.5045598Z       "nodes": 1,
2026-09-05T06:22:41.5045832Z       "edges": 9,
2026-09-05T06:22:41.5046083Z       "observed_audit": "partial",
2026-09-05T06:22:41.5046367Z       "expectation_passed": true
2026-09-05T06:22:41.5046640Z     }
2026-09-05T06:22:41.5046872Z   ],
2026-09-05T06:22:41.5047134Z   "suite_status": "partial",
2026-09-05T06:22:41.5047427Z   "remaining_real_lean_fixtures": [
2026-09-05T06:22:41.5048054Z     "naturally erased or unavailable imported proof body (explicitHole exercises same branch with a deliberate sorry, not an unavailable-import reproduction)"
2026-09-05T06:22:41.5048691Z   ],
2026-09-05T06:22:41.5048920Z   "not_exam_proofs": true
2026-09-05T06:22:41.5049165Z }
2026-09-05T06:22:41.5049322Z 
2026-09-05T06:22:41.5049431Z runs/20260905T062238-1b188b57/stderr.log
2026-09-05T06:22:41.5049627Z 
2026-09-05T06:22:41.5049730Z runs/20260905T062239-5a5e6e00/stdout.log
2026-09-05T06:22:41.5050267Z Ledger structure and claimed-state guards passed; no Lean proof inferred.
2026-09-05T06:22:41.5050536Z 
2026-09-05T06:22:41.5050669Z runs/20260905T062239-5a5e6e00/stderr.log
2026-09-05T06:22:41.5050842Z 
2026-09-05T06:22:41.5050968Z runs/20260905T062239-c8d706e0/stdout.log
2026-09-05T06:22:41.5051153Z 
2026-09-05T06:22:41.5051299Z runs/20260905T062239-c8d706e0/stderr.log
2026-09-05T06:22:41.5051850Z test_cached_axiom_disagreement_is_partial (test_graph_annotation.GraphAnnotation.test_cached_axiom_disagreement_is_partial) ... ok
2026-09-05T06:22:41.5052622Z test_formal_mutual_cycle_preserved (test_graph_annotation.GraphAnnotation.test_formal_mutual_cycle_preserved) ... ok
2026-09-05T06:22:41.5053325Z test_allowed_axiom_is_reported (test_guards.GraphGuards.test_allowed_axiom_is_reported) ... ok
2026-09-05T06:22:41.5053972Z test_allowlist_does_not_allow_unknown_axiom (test_guards.GraphGuards.test_allowlist_does_not_allow_unknown_axiom) ... ok
2026-09-05T06:22:41.5055059Z test_alternative_learning_variants_do_not_form_false_cycle (test_guards.GraphGuards.test_alternative_learning_variants_do_not_form_false_cycle) ... ok
2026-09-05T06:22:41.5055943Z test_cas_command_cannot_substitute_for_lake (test_guards.GraphGuards.test_cas_command_cannot_substitute_for_lake) ... ok
2026-09-05T06:22:41.5056597Z test_erased_body_is_partial (test_guards.GraphGuards.test_erased_body_is_partial) ... ok
2026-09-05T06:22:41.5057157Z test_formal_cycle_terminates (test_guards.GraphGuards.test_formal_cycle_terminates) ... ok
2026-09-05T06:22:41.5057723Z test_hidden_custom_axiom (test_guards.GraphGuards.test_hidden_custom_axiom) ... ok
2026-09-05T06:22:41.5058243Z test_hidden_sorry (test_guards.GraphGuards.test_hidden_sorry) ... ok
2026-09-05T06:22:41.5058728Z test_limit_is_partial (test_guards.GraphGuards.test_limit_is_partial) ... ok
2026-09-05T06:22:41.5059266Z test_missing_reference_is_partial (test_guards.GraphGuards.test_missing_reference_is_partial) ... ok
2026-09-05T06:22:41.5059813Z test_no_empty_freeze (test_guards.GraphGuards.test_no_empty_freeze) ... ok
2026-09-05T06:22:41.5060322Z test_stale_run_is_rejected (test_guards.GraphGuards.test_stale_run_is_rejected) ... ok
2026-09-05T06:22:41.5061012Z test_unrelated_learning_edges_do_not_constrain_order (test_guards.GraphGuards.test_unrelated_learning_edges_do_not_constrain_order) ... ok
2026-09-05T06:22:41.5061473Z 
2026-09-05T06:22:41.5061672Z ----------------------------------------------------------------------
2026-09-05T06:22:41.5062292Z Ran 15 tests in 0.002s
2026-09-05T06:22:41.5062454Z 
2026-09-05T06:22:41.5062576Z OK
2026-09-05T06:22:41.5062690Z 
2026-09-05T06:22:41.5130446Z Node 20 is being deprecated. This workflow is running with Node 24 by default. If you need to temporarily use Node 20, you can set the ACTIONS_ALLOW_USE_UNSECURE_NODE_VERSION=true environment variable. For more information see: https://github.blog/changelog/2025-09-19-deprecation-of-node-20-on-github-actions-runners/
2026-09-05T06:22:41.5131917Z ##[group]Run actions/upload-artifact@ea165f8d65b6e75b540449e92b4886f43607fa02
2026-09-05T06:22:41.5132308Z with:
2026-09-05T06:22:41.5132658Z   name: lean-evidence-7fd73a8c30711ef70ac1332d0351eba87b13c26d
2026-09-05T06:22:41.5133247Z   path: runs/
work/*-graph.json
work/audit_*.lean
reports/target-run-results.json
reports/extractor-fixtures.json

2026-09-05T06:22:41.5133745Z   retention-days: 14
2026-09-05T06:22:41.5134028Z   if-no-files-found: warn
2026-09-05T06:22:41.5134545Z   compression-level: 6
2026-09-05T06:22:41.5134800Z   overwrite: false
2026-09-05T06:22:41.5135083Z   include-hidden-files: false
2026-09-05T06:22:41.5135455Z ##[endgroup]
2026-09-05T06:22:41.6591897Z (node:3478) [DEP0040] DeprecationWarning: The `punycode` module is deprecated. Please use a userland alternative instead.
2026-09-05T06:22:41.6592599Z (Use `node --trace-deprecation ...` to show where the warning was created)
2026-09-05T06:22:41.7499982Z Multiple search paths detected. Calculating the least common ancestor of all paths
2026-09-05T06:22:41.7502165Z The least common ancestor is /home/runner/work/LemmaWeave/LemmaWeave. This will be the root directory of the artifact
2026-09-05T06:22:41.7503164Z With the provided path, there will be 329 files uploaded
2026-09-05T06:22:41.7503957Z Artifact name is valid!
2026-09-05T06:22:41.7504552Z Root directory input is valid!
2026-09-05T06:22:42.0816733Z Beginning upload of artifact content to blob storage
2026-09-05T06:22:43.5329250Z (node:3478) [DEP0169] DeprecationWarning: `url.parse()` behavior is not standardized and prone to errors that have security implications. Use the WHATWG URL API instead. CVEs are not issued for `url.parse()` vulnerabilities.
2026-09-05T06:22:44.2122827Z Uploaded bytes 8388608
2026-09-05T06:22:44.3007585Z Uploaded bytes 10955053
2026-09-05T06:22:44.3576656Z Finished uploading artifact content to blob storage!
2026-09-05T06:22:44.3578945Z SHA256 digest of uploaded artifact zip is 4f3a2e7692219388579536b57c34f5f9a34a7a53953190ee9d9d8fa161504719
2026-09-05T06:22:44.3580468Z Finalizing artifact upload
2026-09-05T06:22:44.6485791Z Artifact lean-evidence-7fd73a8c30711ef70ac1332d0351eba87b13c26d.zip successfully finalized. Artifact ID 9964389580
2026-09-05T06:22:44.6487965Z Artifact lean-evidence-7fd73a8c30711ef70ac1332d0351eba87b13c26d has been successfully uploaded! Final size is 10955053 bytes. Artifact ID is 9964389580
2026-09-05T06:22:44.6491732Z Artifact download URL: https://github.com/tsuji-tomonori/LemmaWeave/actions/runs/33949512590/artifacts/9964389580
2026-09-05T06:22:44.6695326Z Node 20 is being deprecated. This workflow is running with Node 24 by default. If you need to temporarily use Node 20, you can set the ACTIONS_ALLOW_USE_UNSECURE_NODE_VERSION=true environment variable. For more information see: https://github.blog/changelog/2025-09-19-deprecation-of-node-20-on-github-actions-runners/
2026-09-05T06:22:44.6696467Z Post job cleanup.
2026-09-05T06:22:44.7403925Z [command]/usr/bin/git version
2026-09-05T06:22:44.7436054Z git version 2.55.0
2026-09-05T06:22:44.7467195Z Temporarily overriding HOME='/home/runner/work/_temp/3c408f01-69e5-40d6-b8bb-ceb4c1729203' before making global git config changes
2026-09-05T06:22:44.7468650Z Adding repository directory to the temporary git global config as a safe directory
2026-09-05T06:22:44.7473631Z [command]/usr/bin/git config --global --add safe.directory /home/runner/work/LemmaWeave/LemmaWeave
2026-09-05T06:22:44.7504915Z [command]/usr/bin/git config --local --name-only --get-regexp core\.sshCommand
2026-09-05T06:22:44.7532108Z [command]/usr/bin/git submodule foreach --recursive sh -c "git config --local --name-only --get-regexp 'core\.sshCommand' && git config --local --unset-all 'core.sshCommand' || :"
2026-09-05T06:22:44.7720022Z [command]/usr/bin/git config --local --name-only --get-regexp http\.https\:\/\/github\.com\/\.extraheader
2026-09-05T06:22:44.7747930Z [command]/usr/bin/git submodule foreach --recursive sh -c "git config --local --name-only --get-regexp 'http\.https\:\/\/github\.com\/\.extraheader' && git config --local --unset-all 'http.https://github.com/.extraheader' || :"
2026-09-05T06:22:44.8089523Z Cleaning up orphan processes
2026-09-05T06:22:44.8376726Z ##[warning]Node.js 20 is deprecated. The following actions target Node.js 20 but are being forced to run on Node.js 24: actions/checkout@11bd71901bbe5b1630ceea73d27597364c9af683, actions/upload-artifact@ea165f8d65b6e75b540449e92b4886f43607fa02. For more information see: https://github.blog/changelog/2025-09-19-deprecation-of-node-20-on-github-actions-runners/

