{"run": "runs/20260906T173035-5254540b/run.json", "exit_code": 0}
{"run": "runs/20260906T173036-5db50e1e/run.json", "exit_code": 0}
{"run": "runs/20260906T173037-663c0b48/run.json", "exit_code": 0}
{"run": "runs/20260906T173103-cf4ba3b4/run.json", "exit_code": 0}
{"run": "runs/20260906T173105-e7a04c8e/run.json", "exit_code": 0}
{"run": "runs/20260906T173111-05f7c354/run.json", "exit_code": 0}
{"run": "runs/20260906T173117-c77eb38f/run.json", "exit_code": 0}
{"run": "runs/20260906T173124-f35c665b/run.json", "exit_code": 0}
{"run": "runs/20260906T173125-d22fb768/run.json", "exit_code": 0}
{
  "schema_version": "0.1",
  "extractor_build": {
    "argv": [
      "lake",
      "build",
      "LemmaWeave.Audit.Extract"
    ],
    "exit_code": 0,
    "run": "runs/20260906T173035-5254540b/run.json"
  },
  "variants": [
    {
      "proof_variant_id": "JP-DNC-CT-2026-MAIN-M1-Q01-S01-01-V1",
      "build": {
        "argv": [
          "lake",
          "build",
          "LemmaWeave.Problems.DNC2026M1.ProofInequalities"
        ],
        "exit_code": 0,
        "run": "runs/20260906T173036-5db50e1e/run.json"
      },
      "audit": {
        "argv": [
          "lake",
          "env",
          "lean",
          "work/audit_JP-DNC-CT-2026-MAIN-M1-Q01-S01-01-V1.lean"
        ],
        "exit_code": 0,
        "run": "runs/20260906T173037-663c0b48/run.json"
      },
      "graphs": {
        "LemmaWeave.Problems.DNC2026M1.inequalities_solution": "work/LemmaWeave.Problems.DNC2026M1.inequalities_solution-graph.json"
      }
    },
    {
      "proof_variant_id": "JP-DNC-CT-2026-MAIN-M1-Q01-S02-01-V1",
      "build": {
        "argv": [
          "lake",
          "build",
          "LemmaWeave.Problems.DNC2026M1.ProofSets"
        ],
        "exit_code": 0,
        "run": "runs/20260906T173103-cf4ba3b4/run.json"
      },
      "audit": {
        "argv": [
          "lake",
          "env",
          "lean",
          "work/audit_JP-DNC-CT-2026-MAIN-M1-Q01-S02-01-V1.lean"
        ],
        "exit_code": 0,
        "run": "runs/20260906T173105-e7a04c8e/run.json"
      },
      "graphs": {
        "LemmaWeave.Problems.DNC2026M1.sets_solution": "work/LemmaWeave.Problems.DNC2026M1.sets_solution-graph.json"
      }
    },
    {
      "proof_variant_id": "JP-DNC-CT-2026-MAIN-M1-Q01-S02-02I-V1",
      "build": {
        "argv": [
          "lake",
          "build",
          "LemmaWeave.Problems.DNC2026M1.ProofSets"
        ],
        "exit_code": 0,
        "run": "runs/20260906T173103-cf4ba3b4/run.json"
      },
      "audit": {
        "argv": [
          "lake",
          "env",
          "lean",
          "work/audit_JP-DNC-CT-2026-MAIN-M1-Q01-S02-02I-V1.lean"
        ],
        "exit_code": 0,
        "run": "runs/20260906T173111-05f7c354/run.json"
      },
      "graphs": {
        "LemmaWeave.Problems.DNC2026M1.parameter_solution": "work/LemmaWeave.Problems.DNC2026M1.parameter_solution-graph.json"
      }
    },
    {
      "proof_variant_id": "JP-DNC-CT-2026-MAIN-M1-Q01-S02-02II-V1",
      "build": {
        "argv": [
          "lake",
          "build",
          "LemmaWeave.Problems.DNC2026M1.ProofSets"
        ],
        "exit_code": 0,
        "run": "runs/20260906T173103-cf4ba3b4/run.json"
      },
      "audit": {
        "argv": [
          "lake",
          "env",
          "lean",
          "work/audit_JP-DNC-CT-2026-MAIN-M1-Q01-S02-02II-V1.lean"
        ],
        "exit_code": 0,
        "run": "runs/20260906T173117-c77eb38f/run.json"
      },
      "graphs": {
        "LemmaWeave.Problems.DNC2026M1.pair_solution": "work/LemmaWeave.Problems.DNC2026M1.pair_solution-graph.json"
      }
    },
    {
      "proof_variant_id": "JP-DNC-CT-2026-MAIN-M1-Q03-S02-01-V1",
      "build": {
        "argv": [
          "lake",
          "build",
          "LemmaWeave.Problems.DNC2026M1.ProofExtrema"
        ],
        "exit_code": 0,
        "run": "runs/20260906T173124-f35c665b/run.json"
      },
      "audit": {
        "argv": [
          "lake",
          "env",
          "lean",
          "work/audit_JP-DNC-CT-2026-MAIN-M1-Q03-S02-01-V1.lean"
        ],
        "exit_code": 0,
        "run": "runs/20260906T173125-d22fb768/run.json"
      },
      "graphs": {
        "LemmaWeave.Problems.DNC2026M1.extrema_solution": "work/LemmaWeave.Problems.DNC2026M1.extrema_solution-graph.json"
      }
    }
  ],
  "does_not_promote_ledger": true
}
