{
  "schema_version": "0.2",
  "declarations": 11131,
  "mapped": 182,
  "unclassified": 10949,
  "errors": [],
  "problems": {
    "JP-DNC-CT-2026-MAIN-M1-Q01-S01-01": {
      "declarations": 10813,
      "mapped": 174,
      "unclassified": 10639,
      "learning_nodes": [
        "bounded_divisor",
        "classical_choice",
        "decidable_reflection",
        "equality_commutation",
        "equality_substitution",
        "equality_symmetry",
        "equality_transitivity",
        "equality_transport",
        "excluded_middle",
        "finset_singleton_membership",
        "function_congruence",
        "iff_reflexivity",
        "iff_symmetry",
        "iff_transitivity",
        "logical_conjunction",
        "logical_decidability",
        "logical_disjunction",
        "logical_equivalence",
        "logical_existence",
        "logical_false",
        "logical_negation",
        "logical_true",
        "natural_add_associativity",
        "natural_add_cancellation",
        "natural_add_commutativity",
        "natural_addition",
        "natural_additive_identity",
        "natural_construction",
        "natural_distributivity",
        "natural_divisibility",
        "natural_divisibility_addition",
        "natural_divisibility_reflexivity",
        "natural_divisibility_transitivity",
        "natural_divisibility_unit_zero",
        "natural_mixed_order",
        "natural_mul_associativity",
        "natural_mul_commutativity",
        "natural_multiplication",
        "natural_multiplicative_identity",
        "natural_order",
        "natural_order_antisymmetry",
        "natural_order_reflexivity",
        "natural_order_totality",
        "natural_order_transitivity",
        "natural_power_recursion",
        "natural_product_positivity",
        "natural_quotient_special",
        "natural_remainder_bound",
        "natural_remainder_special",
        "natural_strict_order",
        "natural_sub_add_inverse",
        "natural_successor_separation",
        "natural_truncated_subtraction",
        "natural_zero_minimum",
        "natural_zero_product",
        "natural_zero_product_iff",
        "nonnegative_product",
        "proposition_equality_iff",
        "propositional_extensionality",
        "quotient_primitives",
        "quotient_soundness",
        "set_complement_membership",
        "set_empty_membership",
        "set_extensionality",
        "set_image_membership",
        "set_insert_membership",
        "set_intersection_membership",
        "set_preimage_membership",
        "set_range_membership",
        "set_singleton_membership",
        "set_union_membership",
        "set_universal_membership"
      ],
      "complete": false
    },
    "JP-DNC-CT-2026-MAIN-M1-Q01-S02-01": {
      "declarations": 2795,
      "mapped": 118,
      "unclassified": 2677,
      "learning_nodes": [
        "bounded_divisor",
        "classical_choice",
        "common_divisor_finite",
        "decidable_reflection",
        "equality_commutation",
        "equality_substitution",
        "equality_symmetry",
        "equality_transitivity",
        "equality_transport",
        "excluded_middle",
        "finite_table_lifting",
        "finset_closed_interval_membership",
        "finset_membership_insert",
        "finset_singleton_membership",
        "function_congruence",
        "iff_reflexivity",
        "iff_symmetry",
        "iff_transitivity",
        "logical_conjunction",
        "logical_decidability",
        "logical_disjunction",
        "logical_equivalence",
        "logical_existence",
        "logical_false",
        "logical_negation",
        "logical_true",
        "natural_add_associativity",
        "natural_add_cancellation",
        "natural_add_commutativity",
        "natural_addition",
        "natural_additive_identity",
        "natural_construction",
        "natural_distributivity",
        "natural_divisibility",
        "natural_divisibility_addition",
        "natural_divisibility_reflexivity",
        "natural_divisibility_transitivity",
        "natural_divisibility_unit_zero",
        "natural_mixed_order",
        "natural_mul_associativity",
        "natural_mul_commutativity",
        "natural_multiplication",
        "natural_multiplicative_identity",
        "natural_order",
        "natural_order_antisymmetry",
        "natural_order_reflexivity",
        "natural_order_totality",
        "natural_order_transitivity",
        "natural_product_positivity",
        "natural_quotient_special",
        "natural_remainder_bound",
        "natural_remainder_special",
        "natural_strict_order",
        "natural_sub_add_inverse",
        "natural_successor_separation",
        "natural_truncated_subtraction",
        "natural_zero_minimum",
        "natural_zero_product",
        "proposition_equality_iff",
        "propositional_extensionality",
        "quotient_primitives",
        "quotient_soundness",
        "relative_complement",
        "set_extensionality"
      ],
      "complete": false
    },
    "JP-DNC-CT-2026-MAIN-M1-Q01-S02-02I": {
      "declarations": 2747,
      "mapped": 115,
      "unclassified": 2632,
      "learning_nodes": [
        "bounded_divisor",
        "classical_choice",
        "common_divisor_finite",
        "decidable_reflection",
        "equality_commutation",
        "equality_substitution",
        "equality_symmetry",
        "equality_transitivity",
        "equality_transport",
        "excluded_middle",
        "finset_closed_interval_membership",
        "function_congruence",
        "iff_reflexivity",
        "iff_symmetry",
        "iff_transitivity",
        "logical_conjunction",
        "logical_decidability",
        "logical_disjunction",
        "logical_equivalence",
        "logical_existence",
        "logical_false",
        "logical_negation",
        "logical_true",
        "natural_add_associativity",
        "natural_add_cancellation",
        "natural_add_commutativity",
        "natural_addition",
        "natural_additive_identity",
        "natural_construction",
        "natural_distributivity",
        "natural_divisibility",
        "natural_divisibility_addition",
        "natural_divisibility_reflexivity",
        "natural_divisibility_transitivity",
        "natural_divisibility_unit_zero",
        "natural_mixed_order",
        "natural_mul_associativity",
        "natural_mul_commutativity",
        "natural_multiplication",
        "natural_multiplicative_identity",
        "natural_order",
        "natural_order_antisymmetry",
        "natural_order_reflexivity",
        "natural_order_totality",
        "natural_order_transitivity",
        "natural_product_positivity",
        "natural_quotient_special",
        "natural_remainder_bound",
        "natural_remainder_special",
        "natural_strict_order",
        "natural_sub_add_inverse",
        "natural_successor_separation",
        "natural_truncated_subtraction",
        "natural_zero_minimum",
        "natural_zero_product",
        "proposition_equality_iff",
        "propositional_extensionality",
        "quotient_primitives",
        "quotient_soundness",
        "relative_complement",
        "set_extensionality"
      ],
      "complete": false
    },
    "JP-DNC-CT-2026-MAIN-M1-Q01-S02-02II": {
      "declarations": 2988,
      "mapped": 121,
      "unclassified": 2867,
      "learning_nodes": [
        "bounded_divisor",
        "classical_choice",
        "common_divisor_finite",
        "decidable_reflection",
        "equality_commutation",
        "equality_substitution",
        "equality_symmetry",
        "equality_transitivity",
        "equality_transport",
        "excluded_middle",
        "finite_table_lifting",
        "finset_closed_interval_membership",
        "function_congruence",
        "iff_reflexivity",
        "iff_symmetry",
        "iff_transitivity",
        "logical_conjunction",
        "logical_decidability",
        "logical_disjunction",
        "logical_equivalence",
        "logical_existence",
        "logical_false",
        "logical_negation",
        "logical_true",
        "natural_add_associativity",
        "natural_add_cancellation",
        "natural_add_commutativity",
        "natural_addition",
        "natural_additive_identity",
        "natural_construction",
        "natural_distributivity",
        "natural_divisibility",
        "natural_divisibility_addition",
        "natural_divisibility_reflexivity",
        "natural_divisibility_transitivity",
        "natural_divisibility_unit_zero",
        "natural_mixed_order",
        "natural_mul_associativity",
        "natural_mul_commutativity",
        "natural_multiplication",
        "natural_multiplicative_identity",
        "natural_order",
        "natural_order_antisymmetry",
        "natural_order_reflexivity",
        "natural_order_totality",
        "natural_order_transitivity",
        "natural_power_recursion",
        "natural_product_positivity",
        "natural_quotient_special",
        "natural_remainder_bound",
        "natural_remainder_special",
        "natural_strict_order",
        "natural_sub_add_inverse",
        "natural_successor_separation",
        "natural_truncated_subtraction",
        "natural_zero_minimum",
        "natural_zero_product",
        "proposition_equality_iff",
        "propositional_extensionality",
        "quotient_primitives",
        "quotient_soundness",
        "relative_complement",
        "set_extensionality"
      ],
      "complete": false
    },
    "JP-DNC-CT-2026-MAIN-M1-Q03-S02-01": {
      "declarations": 7026,
      "mapped": 153,
      "unclassified": 6873,
      "learning_nodes": [
        "bounded_divisor",
        "classical_choice",
        "decidable_reflection",
        "equality_commutation",
        "equality_substitution",
        "equality_symmetry",
        "equality_transitivity",
        "equality_transport",
        "excluded_middle",
        "function_congruence",
        "iff_reflexivity",
        "iff_symmetry",
        "iff_transitivity",
        "logical_conjunction",
        "logical_decidability",
        "logical_disjunction",
        "logical_equivalence",
        "logical_existence",
        "logical_false",
        "logical_negation",
        "logical_true",
        "natural_add_associativity",
        "natural_add_cancellation",
        "natural_add_commutativity",
        "natural_addition",
        "natural_additive_identity",
        "natural_construction",
        "natural_distributivity",
        "natural_divisibility",
        "natural_divisibility_addition",
        "natural_divisibility_reflexivity",
        "natural_divisibility_transitivity",
        "natural_divisibility_unit_zero",
        "natural_mixed_order",
        "natural_mul_associativity",
        "natural_mul_commutativity",
        "natural_multiplication",
        "natural_multiplicative_identity",
        "natural_order",
        "natural_order_antisymmetry",
        "natural_order_reflexivity",
        "natural_order_totality",
        "natural_order_transitivity",
        "natural_power_recursion",
        "natural_product_positivity",
        "natural_quotient_special",
        "natural_remainder_bound",
        "natural_remainder_special",
        "natural_strict_order",
        "natural_sub_add_inverse",
        "natural_successor_separation",
        "natural_truncated_subtraction",
        "natural_zero_minimum",
        "natural_zero_product",
        "natural_zero_product_iff",
        "nonnegative_product",
        "proposition_equality_iff",
        "propositional_extensionality",
        "quotient_primitives",
        "quotient_soundness",
        "square_nonnegative"
      ],
      "complete": false
    }
  },
  "card_users": {
    "bounded_divisor": [
      "JP-DNC-CT-2026-MAIN-M1-Q01-S01-01",
      "JP-DNC-CT-2026-MAIN-M1-Q01-S02-01",
      "JP-DNC-CT-2026-MAIN-M1-Q01-S02-02I",
      "JP-DNC-CT-2026-MAIN-M1-Q01-S02-02II",
      "JP-DNC-CT-2026-MAIN-M1-Q03-S02-01"
    ],
    "classical_choice": [
      "JP-DNC-CT-2026-MAIN-M1-Q01-S01-01",
      "JP-DNC-CT-2026-MAIN-M1-Q01-S02-01",
      "JP-DNC-CT-2026-MAIN-M1-Q01-S02-02I",
      "JP-DNC-CT-2026-MAIN-M1-Q01-S02-02II",
      "JP-DNC-CT-2026-MAIN-M1-Q03-S02-01"
    ],
    "common_divisor_finite": [
      "JP-DNC-CT-2026-MAIN-M1-Q01-S02-01",
      "JP-DNC-CT-2026-MAIN-M1-Q01-S02-02I",
      "JP-DNC-CT-2026-MAIN-M1-Q01-S02-02II"
    ],
    "decidable_reflection": [
      "JP-DNC-CT-2026-MAIN-M1-Q01-S01-01",
      "JP-DNC-CT-2026-MAIN-M1-Q01-S02-01",
      "JP-DNC-CT-2026-MAIN-M1-Q01-S02-02I",
      "JP-DNC-CT-2026-MAIN-M1-Q01-S02-02II",
      "JP-DNC-CT-2026-MAIN-M1-Q03-S02-01"
    ],
    "equality_commutation": [
      "JP-DNC-CT-2026-MAIN-M1-Q01-S01-01",
      "JP-DNC-CT-2026-MAIN-M1-Q01-S02-01",
      "JP-DNC-CT-2026-MAIN-M1-Q01-S02-02I",
      "JP-DNC-CT-2026-MAIN-M1-Q01-S02-02II",
      "JP-DNC-CT-2026-MAIN-M1-Q03-S02-01"
    ],
    "equality_substitution": [
      "JP-DNC-CT-2026-MAIN-M1-Q01-S01-01",
      "JP-DNC-CT-2026-MAIN-M1-Q01-S02-01",
      "JP-DNC-CT-2026-MAIN-M1-Q01-S02-02I",
      "JP-DNC-CT-2026-MAIN-M1-Q01-S02-02II",
      "JP-DNC-CT-2026-MAIN-M1-Q03-S02-01"
    ],
    "equality_symmetry": [
      "JP-DNC-CT-2026-MAIN-M1-Q01-S01-01",
      "JP-DNC-CT-2026-MAIN-M1-Q01-S02-01",
      "JP-DNC-CT-2026-MAIN-M1-Q01-S02-02I",
      "JP-DNC-CT-2026-MAIN-M1-Q01-S02-02II",
      "JP-DNC-CT-2026-MAIN-M1-Q03-S02-01"
    ],
    "equality_transitivity": [
      "JP-DNC-CT-2026-MAIN-M1-Q01-S01-01",
      "JP-DNC-CT-2026-MAIN-M1-Q01-S02-01",
      "JP-DNC-CT-2026-MAIN-M1-Q01-S02-02I",
      "JP-DNC-CT-2026-MAIN-M1-Q01-S02-02II",
      "JP-DNC-CT-2026-MAIN-M1-Q03-S02-01"
    ],
    "equality_transport": [
      "JP-DNC-CT-2026-MAIN-M1-Q01-S01-01",
      "JP-DNC-CT-2026-MAIN-M1-Q01-S02-01",
      "JP-DNC-CT-2026-MAIN-M1-Q01-S02-02I",
      "JP-DNC-CT-2026-MAIN-M1-Q01-S02-02II",
      "JP-DNC-CT-2026-MAIN-M1-Q03-S02-01"
    ],
    "excluded_middle": [
      "JP-DNC-CT-2026-MAIN-M1-Q01-S01-01",
      "JP-DNC-CT-2026-MAIN-M1-Q01-S02-01",
      "JP-DNC-CT-2026-MAIN-M1-Q01-S02-02I",
      "JP-DNC-CT-2026-MAIN-M1-Q01-S02-02II",
      "JP-DNC-CT-2026-MAIN-M1-Q03-S02-01"
    ],
    "finite_table_lifting": [
      "JP-DNC-CT-2026-MAIN-M1-Q01-S02-01",
      "JP-DNC-CT-2026-MAIN-M1-Q01-S02-02II"
    ],
    "finset_closed_interval_membership": [
      "JP-DNC-CT-2026-MAIN-M1-Q01-S02-01",
      "JP-DNC-CT-2026-MAIN-M1-Q01-S02-02I",
      "JP-DNC-CT-2026-MAIN-M1-Q01-S02-02II"
    ],
    "finset_membership_insert": [
      "JP-DNC-CT-2026-MAIN-M1-Q01-S02-01"
    ],
    "finset_singleton_membership": [
      "JP-DNC-CT-2026-MAIN-M1-Q01-S01-01",
      "JP-DNC-CT-2026-MAIN-M1-Q01-S02-01"
    ],
    "function_congruence": [
      "JP-DNC-CT-2026-MAIN-M1-Q01-S01-01",
      "JP-DNC-CT-2026-MAIN-M1-Q01-S02-01",
      "JP-DNC-CT-2026-MAIN-M1-Q01-S02-02I",
      "JP-DNC-CT-2026-MAIN-M1-Q01-S02-02II",
      "JP-DNC-CT-2026-MAIN-M1-Q03-S02-01"
    ],
    "iff_reflexivity": [
      "JP-DNC-CT-2026-MAIN-M1-Q01-S01-01",
      "JP-DNC-CT-2026-MAIN-M1-Q01-S02-01",
      "JP-DNC-CT-2026-MAIN-M1-Q01-S02-02I",
      "JP-DNC-CT-2026-MAIN-M1-Q01-S02-02II",
      "JP-DNC-CT-2026-MAIN-M1-Q03-S02-01"
    ],
    "iff_symmetry": [
      "JP-DNC-CT-2026-MAIN-M1-Q01-S01-01",
      "JP-DNC-CT-2026-MAIN-M1-Q01-S02-01",
      "JP-DNC-CT-2026-MAIN-M1-Q01-S02-02I",
      "JP-DNC-CT-2026-MAIN-M1-Q01-S02-02II",
      "JP-DNC-CT-2026-MAIN-M1-Q03-S02-01"
    ],
    "iff_transitivity": [
      "JP-DNC-CT-2026-MAIN-M1-Q01-S01-01",
      "JP-DNC-CT-2026-MAIN-M1-Q01-S02-01",
      "JP-DNC-CT-2026-MAIN-M1-Q01-S02-02I",
      "JP-DNC-CT-2026-MAIN-M1-Q01-S02-02II",
      "JP-DNC-CT-2026-MAIN-M1-Q03-S02-01"
    ],
    "logical_conjunction": [
      "JP-DNC-CT-2026-MAIN-M1-Q01-S01-01",
      "JP-DNC-CT-2026-MAIN-M1-Q01-S02-01",
      "JP-DNC-CT-2026-MAIN-M1-Q01-S02-02I",
      "JP-DNC-CT-2026-MAIN-M1-Q01-S02-02II",
      "JP-DNC-CT-2026-MAIN-M1-Q03-S02-01"
    ],
    "logical_decidability": [
      "JP-DNC-CT-2026-MAIN-M1-Q01-S01-01",
      "JP-DNC-CT-2026-MAIN-M1-Q01-S02-01",
      "JP-DNC-CT-2026-MAIN-M1-Q01-S02-02I",
      "JP-DNC-CT-2026-MAIN-M1-Q01-S02-02II",
      "JP-DNC-CT-2026-MAIN-M1-Q03-S02-01"
    ],
    "logical_disjunction": [
      "JP-DNC-CT-2026-MAIN-M1-Q01-S01-01",
      "JP-DNC-CT-2026-MAIN-M1-Q01-S02-01",
      "JP-DNC-CT-2026-MAIN-M1-Q01-S02-02I",
      "JP-DNC-CT-2026-MAIN-M1-Q01-S02-02II",
      "JP-DNC-CT-2026-MAIN-M1-Q03-S02-01"
    ],
    "logical_equivalence": [
      "JP-DNC-CT-2026-MAIN-M1-Q01-S01-01",
      "JP-DNC-CT-2026-MAIN-M1-Q01-S02-01",
      "JP-DNC-CT-2026-MAIN-M1-Q01-S02-02I",
      "JP-DNC-CT-2026-MAIN-M1-Q01-S02-02II",
      "JP-DNC-CT-2026-MAIN-M1-Q03-S02-01"
    ],
    "logical_existence": [
      "JP-DNC-CT-2026-MAIN-M1-Q01-S01-01",
      "JP-DNC-CT-2026-MAIN-M1-Q01-S02-01",
      "JP-DNC-CT-2026-MAIN-M1-Q01-S02-02I",
      "JP-DNC-CT-2026-MAIN-M1-Q01-S02-02II",
      "JP-DNC-CT-2026-MAIN-M1-Q03-S02-01"
    ],
    "logical_false": [
      "JP-DNC-CT-2026-MAIN-M1-Q01-S01-01",
      "JP-DNC-CT-2026-MAIN-M1-Q01-S02-01",
      "JP-DNC-CT-2026-MAIN-M1-Q01-S02-02I",
      "JP-DNC-CT-2026-MAIN-M1-Q01-S02-02II",
      "JP-DNC-CT-2026-MAIN-M1-Q03-S02-01"
    ],
    "logical_negation": [
      "JP-DNC-CT-2026-MAIN-M1-Q01-S01-01",
      "JP-DNC-CT-2026-MAIN-M1-Q01-S02-01",
      "JP-DNC-CT-2026-MAIN-M1-Q01-S02-02I",
      "JP-DNC-CT-2026-MAIN-M1-Q01-S02-02II",
      "JP-DNC-CT-2026-MAIN-M1-Q03-S02-01"
    ],
    "logical_true": [
      "JP-DNC-CT-2026-MAIN-M1-Q01-S01-01",
      "JP-DNC-CT-2026-MAIN-M1-Q01-S02-01",
      "JP-DNC-CT-2026-MAIN-M1-Q01-S02-02I",
      "JP-DNC-CT-2026-MAIN-M1-Q01-S02-02II",
      "JP-DNC-CT-2026-MAIN-M1-Q03-S02-01"
    ],
    "natural_add_associativity": [
      "JP-DNC-CT-2026-MAIN-M1-Q01-S01-01",
      "JP-DNC-CT-2026-MAIN-M1-Q01-S02-01",
      "JP-DNC-CT-2026-MAIN-M1-Q01-S02-02I",
      "JP-DNC-CT-2026-MAIN-M1-Q01-S02-02II",
      "JP-DNC-CT-2026-MAIN-M1-Q03-S02-01"
    ],
    "natural_add_cancellation": [
      "JP-DNC-CT-2026-MAIN-M1-Q01-S01-01",
      "JP-DNC-CT-2026-MAIN-M1-Q01-S02-01",
      "JP-DNC-CT-2026-MAIN-M1-Q01-S02-02I",
      "JP-DNC-CT-2026-MAIN-M1-Q01-S02-02II",
      "JP-DNC-CT-2026-MAIN-M1-Q03-S02-01"
    ],
    "natural_add_commutativity": [
      "JP-DNC-CT-2026-MAIN-M1-Q01-S01-01",
      "JP-DNC-CT-2026-MAIN-M1-Q01-S02-01",
      "JP-DNC-CT-2026-MAIN-M1-Q01-S02-02I",
      "JP-DNC-CT-2026-MAIN-M1-Q01-S02-02II",
      "JP-DNC-CT-2026-MAIN-M1-Q03-S02-01"
    ],
    "natural_addition": [
      "JP-DNC-CT-2026-MAIN-M1-Q01-S01-01",
      "JP-DNC-CT-2026-MAIN-M1-Q01-S02-01",
      "JP-DNC-CT-2026-MAIN-M1-Q01-S02-02I",
      "JP-DNC-CT-2026-MAIN-M1-Q01-S02-02II",
      "JP-DNC-CT-2026-MAIN-M1-Q03-S02-01"
    ],
    "natural_additive_identity": [
      "JP-DNC-CT-2026-MAIN-M1-Q01-S01-01",
      "JP-DNC-CT-2026-MAIN-M1-Q01-S02-01",
      "JP-DNC-CT-2026-MAIN-M1-Q01-S02-02I",
      "JP-DNC-CT-2026-MAIN-M1-Q01-S02-02II",
      "JP-DNC-CT-2026-MAIN-M1-Q03-S02-01"
    ],
    "natural_construction": [
      "JP-DNC-CT-2026-MAIN-M1-Q01-S01-01",
      "JP-DNC-CT-2026-MAIN-M1-Q01-S02-01",
      "JP-DNC-CT-2026-MAIN-M1-Q01-S02-02I",
      "JP-DNC-CT-2026-MAIN-M1-Q01-S02-02II",
      "JP-DNC-CT-2026-MAIN-M1-Q03-S02-01"
    ],
    "natural_distributivity": [
      "JP-DNC-CT-2026-MAIN-M1-Q01-S01-01",
      "JP-DNC-CT-2026-MAIN-M1-Q01-S02-01",
      "JP-DNC-CT-2026-MAIN-M1-Q01-S02-02I",
      "JP-DNC-CT-2026-MAIN-M1-Q01-S02-02II",
      "JP-DNC-CT-2026-MAIN-M1-Q03-S02-01"
    ],
    "natural_divisibility": [
      "JP-DNC-CT-2026-MAIN-M1-Q01-S01-01",
      "JP-DNC-CT-2026-MAIN-M1-Q01-S02-01",
      "JP-DNC-CT-2026-MAIN-M1-Q01-S02-02I",
      "JP-DNC-CT-2026-MAIN-M1-Q01-S02-02II",
      "JP-DNC-CT-2026-MAIN-M1-Q03-S02-01"
    ],
    "natural_divisibility_addition": [
      "JP-DNC-CT-2026-MAIN-M1-Q01-S01-01",
      "JP-DNC-CT-2026-MAIN-M1-Q01-S02-01",
      "JP-DNC-CT-2026-MAIN-M1-Q01-S02-02I",
      "JP-DNC-CT-2026-MAIN-M1-Q01-S02-02II",
      "JP-DNC-CT-2026-MAIN-M1-Q03-S02-01"
    ],
    "natural_divisibility_reflexivity": [
      "JP-DNC-CT-2026-MAIN-M1-Q01-S01-01",
      "JP-DNC-CT-2026-MAIN-M1-Q01-S02-01",
      "JP-DNC-CT-2026-MAIN-M1-Q01-S02-02I",
      "JP-DNC-CT-2026-MAIN-M1-Q01-S02-02II",
      "JP-DNC-CT-2026-MAIN-M1-Q03-S02-01"
    ],
    "natural_divisibility_transitivity": [
      "JP-DNC-CT-2026-MAIN-M1-Q01-S01-01",
      "JP-DNC-CT-2026-MAIN-M1-Q01-S02-01",
      "JP-DNC-CT-2026-MAIN-M1-Q01-S02-02I",
      "JP-DNC-CT-2026-MAIN-M1-Q01-S02-02II",
      "JP-DNC-CT-2026-MAIN-M1-Q03-S02-01"
    ],
    "natural_divisibility_unit_zero": [
      "JP-DNC-CT-2026-MAIN-M1-Q01-S01-01",
      "JP-DNC-CT-2026-MAIN-M1-Q01-S02-01",
      "JP-DNC-CT-2026-MAIN-M1-Q01-S02-02I",
      "JP-DNC-CT-2026-MAIN-M1-Q01-S02-02II",
      "JP-DNC-CT-2026-MAIN-M1-Q03-S02-01"
    ],
    "natural_mixed_order": [
      "JP-DNC-CT-2026-MAIN-M1-Q01-S01-01",
      "JP-DNC-CT-2026-MAIN-M1-Q01-S02-01",
      "JP-DNC-CT-2026-MAIN-M1-Q01-S02-02I",
      "JP-DNC-CT-2026-MAIN-M1-Q01-S02-02II",
      "JP-DNC-CT-2026-MAIN-M1-Q03-S02-01"
    ],
    "natural_mul_associativity": [
      "JP-DNC-CT-2026-MAIN-M1-Q01-S01-01",
      "JP-DNC-CT-2026-MAIN-M1-Q01-S02-01",
      "JP-DNC-CT-2026-MAIN-M1-Q01-S02-02I",
      "JP-DNC-CT-2026-MAIN-M1-Q01-S02-02II",
      "JP-DNC-CT-2026-MAIN-M1-Q03-S02-01"
    ],
    "natural_mul_commutativity": [
      "JP-DNC-CT-2026-MAIN-M1-Q01-S01-01",
      "JP-DNC-CT-2026-MAIN-M1-Q01-S02-01",
      "JP-DNC-CT-2026-MAIN-M1-Q01-S02-02I",
      "JP-DNC-CT-2026-MAIN-M1-Q01-S02-02II",
      "JP-DNC-CT-2026-MAIN-M1-Q03-S02-01"
    ],
    "natural_multiplication": [
      "JP-DNC-CT-2026-MAIN-M1-Q01-S01-01",
      "JP-DNC-CT-2026-MAIN-M1-Q01-S02-01",
      "JP-DNC-CT-2026-MAIN-M1-Q01-S02-02I",
      "JP-DNC-CT-2026-MAIN-M1-Q01-S02-02II",
      "JP-DNC-CT-2026-MAIN-M1-Q03-S02-01"
    ],
    "natural_multiplicative_identity": [
      "JP-DNC-CT-2026-MAIN-M1-Q01-S01-01",
      "JP-DNC-CT-2026-MAIN-M1-Q01-S02-01",
      "JP-DNC-CT-2026-MAIN-M1-Q01-S02-02I",
      "JP-DNC-CT-2026-MAIN-M1-Q01-S02-02II",
      "JP-DNC-CT-2026-MAIN-M1-Q03-S02-01"
    ],
    "natural_order": [
      "JP-DNC-CT-2026-MAIN-M1-Q01-S01-01",
      "JP-DNC-CT-2026-MAIN-M1-Q01-S02-01",
      "JP-DNC-CT-2026-MAIN-M1-Q01-S02-02I",
      "JP-DNC-CT-2026-MAIN-M1-Q01-S02-02II",
      "JP-DNC-CT-2026-MAIN-M1-Q03-S02-01"
    ],
    "natural_order_antisymmetry": [
      "JP-DNC-CT-2026-MAIN-M1-Q01-S01-01",
      "JP-DNC-CT-2026-MAIN-M1-Q01-S02-01",
      "JP-DNC-CT-2026-MAIN-M1-Q01-S02-02I",
      "JP-DNC-CT-2026-MAIN-M1-Q01-S02-02II",
      "JP-DNC-CT-2026-MAIN-M1-Q03-S02-01"
    ],
    "natural_order_reflexivity": [
      "JP-DNC-CT-2026-MAIN-M1-Q01-S01-01",
      "JP-DNC-CT-2026-MAIN-M1-Q01-S02-01",
      "JP-DNC-CT-2026-MAIN-M1-Q01-S02-02I",
      "JP-DNC-CT-2026-MAIN-M1-Q01-S02-02II",
      "JP-DNC-CT-2026-MAIN-M1-Q03-S02-01"
    ],
    "natural_order_totality": [
      "JP-DNC-CT-2026-MAIN-M1-Q01-S01-01",
      "JP-DNC-CT-2026-MAIN-M1-Q01-S02-01",
      "JP-DNC-CT-2026-MAIN-M1-Q01-S02-02I",
      "JP-DNC-CT-2026-MAIN-M1-Q01-S02-02II",
      "JP-DNC-CT-2026-MAIN-M1-Q03-S02-01"
    ],
    "natural_order_transitivity": [
      "JP-DNC-CT-2026-MAIN-M1-Q01-S01-01",
      "JP-DNC-CT-2026-MAIN-M1-Q01-S02-01",
      "JP-DNC-CT-2026-MAIN-M1-Q01-S02-02I",
      "JP-DNC-CT-2026-MAIN-M1-Q01-S02-02II",
      "JP-DNC-CT-2026-MAIN-M1-Q03-S02-01"
    ],
    "natural_power_recursion": [
      "JP-DNC-CT-2026-MAIN-M1-Q01-S01-01",
      "JP-DNC-CT-2026-MAIN-M1-Q01-S02-02II",
      "JP-DNC-CT-2026-MAIN-M1-Q03-S02-01"
    ],
    "natural_product_positivity": [
      "JP-DNC-CT-2026-MAIN-M1-Q01-S01-01",
      "JP-DNC-CT-2026-MAIN-M1-Q01-S02-01",
      "JP-DNC-CT-2026-MAIN-M1-Q01-S02-02I",
      "JP-DNC-CT-2026-MAIN-M1-Q01-S02-02II",
      "JP-DNC-CT-2026-MAIN-M1-Q03-S02-01"
    ],
    "natural_quotient_special": [
      "JP-DNC-CT-2026-MAIN-M1-Q01-S01-01",
      "JP-DNC-CT-2026-MAIN-M1-Q01-S02-01",
      "JP-DNC-CT-2026-MAIN-M1-Q01-S02-02I",
      "JP-DNC-CT-2026-MAIN-M1-Q01-S02-02II",
      "JP-DNC-CT-2026-MAIN-M1-Q03-S02-01"
    ],
    "natural_remainder_bound": [
      "JP-DNC-CT-2026-MAIN-M1-Q01-S01-01",
      "JP-DNC-CT-2026-MAIN-M1-Q01-S02-01",
      "JP-DNC-CT-2026-MAIN-M1-Q01-S02-02I",
      "JP-DNC-CT-2026-MAIN-M1-Q01-S02-02II",
      "JP-DNC-CT-2026-MAIN-M1-Q03-S02-01"
    ],
    "natural_remainder_special": [
      "JP-DNC-CT-2026-MAIN-M1-Q01-S01-01",
      "JP-DNC-CT-2026-MAIN-M1-Q01-S02-01",
      "JP-DNC-CT-2026-MAIN-M1-Q01-S02-02I",
      "JP-DNC-CT-2026-MAIN-M1-Q01-S02-02II",
      "JP-DNC-CT-2026-MAIN-M1-Q03-S02-01"
    ],
    "natural_strict_order": [
      "JP-DNC-CT-2026-MAIN-M1-Q01-S01-01",
      "JP-DNC-CT-2026-MAIN-M1-Q01-S02-01",
      "JP-DNC-CT-2026-MAIN-M1-Q01-S02-02I",
      "JP-DNC-CT-2026-MAIN-M1-Q01-S02-02II",
      "JP-DNC-CT-2026-MAIN-M1-Q03-S02-01"
    ],
    "natural_sub_add_inverse": [
      "JP-DNC-CT-2026-MAIN-M1-Q01-S01-01",
      "JP-DNC-CT-2026-MAIN-M1-Q01-S02-01",
      "JP-DNC-CT-2026-MAIN-M1-Q01-S02-02I",
      "JP-DNC-CT-2026-MAIN-M1-Q01-S02-02II",
      "JP-DNC-CT-2026-MAIN-M1-Q03-S02-01"
    ],
    "natural_successor_separation": [
      "JP-DNC-CT-2026-MAIN-M1-Q01-S01-01",
      "JP-DNC-CT-2026-MAIN-M1-Q01-S02-01",
      "JP-DNC-CT-2026-MAIN-M1-Q01-S02-02I",
      "JP-DNC-CT-2026-MAIN-M1-Q01-S02-02II",
      "JP-DNC-CT-2026-MAIN-M1-Q03-S02-01"
    ],
    "natural_truncated_subtraction": [
      "JP-DNC-CT-2026-MAIN-M1-Q01-S01-01",
      "JP-DNC-CT-2026-MAIN-M1-Q01-S02-01",
      "JP-DNC-CT-2026-MAIN-M1-Q01-S02-02I",
      "JP-DNC-CT-2026-MAIN-M1-Q01-S02-02II",
      "JP-DNC-CT-2026-MAIN-M1-Q03-S02-01"
    ],
    "natural_zero_minimum": [
      "JP-DNC-CT-2026-MAIN-M1-Q01-S01-01",
      "JP-DNC-CT-2026-MAIN-M1-Q01-S02-01",
      "JP-DNC-CT-2026-MAIN-M1-Q01-S02-02I",
      "JP-DNC-CT-2026-MAIN-M1-Q01-S02-02II",
      "JP-DNC-CT-2026-MAIN-M1-Q03-S02-01"
    ],
    "natural_zero_product": [
      "JP-DNC-CT-2026-MAIN-M1-Q01-S01-01",
      "JP-DNC-CT-2026-MAIN-M1-Q01-S02-01",
      "JP-DNC-CT-2026-MAIN-M1-Q01-S02-02I",
      "JP-DNC-CT-2026-MAIN-M1-Q01-S02-02II",
      "JP-DNC-CT-2026-MAIN-M1-Q03-S02-01"
    ],
    "natural_zero_product_iff": [
      "JP-DNC-CT-2026-MAIN-M1-Q01-S01-01",
      "JP-DNC-CT-2026-MAIN-M1-Q03-S02-01"
    ],
    "nonnegative_product": [
      "JP-DNC-CT-2026-MAIN-M1-Q01-S01-01",
      "JP-DNC-CT-2026-MAIN-M1-Q03-S02-01"
    ],
    "proposition_equality_iff": [
      "JP-DNC-CT-2026-MAIN-M1-Q01-S01-01",
      "JP-DNC-CT-2026-MAIN-M1-Q01-S02-01",
      "JP-DNC-CT-2026-MAIN-M1-Q01-S02-02I",
      "JP-DNC-CT-2026-MAIN-M1-Q01-S02-02II",
      "JP-DNC-CT-2026-MAIN-M1-Q03-S02-01"
    ],
    "propositional_extensionality": [
      "JP-DNC-CT-2026-MAIN-M1-Q01-S01-01",
      "JP-DNC-CT-2026-MAIN-M1-Q01-S02-01",
      "JP-DNC-CT-2026-MAIN-M1-Q01-S02-02I",
      "JP-DNC-CT-2026-MAIN-M1-Q01-S02-02II",
      "JP-DNC-CT-2026-MAIN-M1-Q03-S02-01"
    ],
    "quotient_primitives": [
      "JP-DNC-CT-2026-MAIN-M1-Q01-S01-01",
      "JP-DNC-CT-2026-MAIN-M1-Q01-S02-01",
      "JP-DNC-CT-2026-MAIN-M1-Q01-S02-02I",
      "JP-DNC-CT-2026-MAIN-M1-Q01-S02-02II",
      "JP-DNC-CT-2026-MAIN-M1-Q03-S02-01"
    ],
    "quotient_soundness": [
      "JP-DNC-CT-2026-MAIN-M1-Q01-S01-01",
      "JP-DNC-CT-2026-MAIN-M1-Q01-S02-01",
      "JP-DNC-CT-2026-MAIN-M1-Q01-S02-02I",
      "JP-DNC-CT-2026-MAIN-M1-Q01-S02-02II",
      "JP-DNC-CT-2026-MAIN-M1-Q03-S02-01"
    ],
    "real_foundation": [
      "JP-DNC-CT-2026-MAIN-M1-Q01-S01-01",
      "JP-DNC-CT-2026-MAIN-M1-Q03-S02-01"
    ],
    "relative_complement": [
      "JP-DNC-CT-2026-MAIN-M1-Q01-S02-01",
      "JP-DNC-CT-2026-MAIN-M1-Q01-S02-02I",
      "JP-DNC-CT-2026-MAIN-M1-Q01-S02-02II"
    ],
    "set_complement_membership": [
      "JP-DNC-CT-2026-MAIN-M1-Q01-S01-01"
    ],
    "set_empty_membership": [
      "JP-DNC-CT-2026-MAIN-M1-Q01-S01-01"
    ],
    "set_extensionality": [
      "JP-DNC-CT-2026-MAIN-M1-Q01-S01-01",
      "JP-DNC-CT-2026-MAIN-M1-Q01-S02-01",
      "JP-DNC-CT-2026-MAIN-M1-Q01-S02-02I",
      "JP-DNC-CT-2026-MAIN-M1-Q01-S02-02II"
    ],
    "set_image_membership": [
      "JP-DNC-CT-2026-MAIN-M1-Q01-S01-01"
    ],
    "set_insert_membership": [
      "JP-DNC-CT-2026-MAIN-M1-Q01-S01-01"
    ],
    "set_intersection_membership": [
      "JP-DNC-CT-2026-MAIN-M1-Q01-S01-01"
    ],
    "set_preimage_membership": [
      "JP-DNC-CT-2026-MAIN-M1-Q01-S01-01"
    ],
    "set_range_membership": [
      "JP-DNC-CT-2026-MAIN-M1-Q01-S01-01"
    ],
    "set_singleton_membership": [
      "JP-DNC-CT-2026-MAIN-M1-Q01-S01-01"
    ],
    "set_union_membership": [
      "JP-DNC-CT-2026-MAIN-M1-Q01-S01-01"
    ],
    "set_universal_membership": [
      "JP-DNC-CT-2026-MAIN-M1-Q01-S01-01"
    ],
    "square_nonnegative": [
      "JP-DNC-CT-2026-MAIN-M1-Q03-S02-01"
    ]
  }
}
