{"run": "runs/20260909T013358-3af34f25/run.json", "exit_code": 0}
{"run": "runs/20260909T013359-6d0bc855/run.json", "exit_code": 0}
{"run": "runs/20260909T013400-f7472ae2/run.json", "exit_code": 0}
{"run": "runs/20260909T013423-03790413/run.json", "exit_code": 0}
{"run": "runs/20260909T013425-0d965f29/run.json", "exit_code": 0}
{"run": "runs/20260909T013432-172c0043/run.json", "exit_code": 0}
{"run": "runs/20260909T013438-db10837a/run.json", "exit_code": 0}
{"run": "runs/20260909T013445-7ac21337/run.json", "exit_code": 0}
{"run": "runs/20260909T013447-a2879f39/run.json", "exit_code": 0}
{
  "schema_version": "0.1",
  "extractor_build": {
    "argv": [
      "lake",
      "build",
      "LemmaWeave.Audit.Extract"
    ],
    "exit_code": 0,
    "run": "runs/20260909T013358-3af34f25/run.json"
  },
  "variants": [
    {
      "proof_variant_id": "JP-DNC-CT-2026-MAIN-M1-Q01-S01-01-V1",
      "build": {
        "argv": [
          "lake",
          "build",
          "LemmaWeave.Problems.DNC2026M1.ProofInequalities"
        ],
        "exit_code": 0,
        "run": "runs/20260909T013359-6d0bc855/run.json"
      },
      "audit": {
        "argv": [
          "lake",
          "env",
          "lean",
          "work/audit_JP-DNC-CT-2026-MAIN-M1-Q01-S01-01-V1.lean"
        ],
        "exit_code": 0,
        "run": "runs/20260909T013400-f7472ae2/run.json"
      },
      "graphs": {
        "LemmaWeave.Problems.DNC2026M1.inequalities_solution": "work/LemmaWeave.Problems.DNC2026M1.inequalities_solution-graph.json"
      }
    },
    {
      "proof_variant_id": "JP-DNC-CT-2026-MAIN-M1-Q01-S02-01-V1",
      "build": {
        "argv": [
          "lake",
          "build",
          "LemmaWeave.Problems.DNC2026M1.ProofSets"
        ],
        "exit_code": 0,
        "run": "runs/20260909T013423-03790413/run.json"
      },
      "audit": {
        "argv": [
          "lake",
          "env",
          "lean",
          "work/audit_JP-DNC-CT-2026-MAIN-M1-Q01-S02-01-V1.lean"
        ],
        "exit_code": 0,
        "run": "runs/20260909T013425-0d965f29/run.json"
      },
      "graphs": {
        "LemmaWeave.Problems.DNC2026M1.sets_solution": "work/LemmaWeave.Problems.DNC2026M1.sets_solution-graph.json"
      }
    },
    {
      "proof_variant_id": "JP-DNC-CT-2026-MAIN-M1-Q01-S02-02I-V1",
      "build": {
        "argv": [
          "lake",
          "build",
          "LemmaWeave.Problems.DNC2026M1.ProofSets"
        ],
        "exit_code": 0,
        "run": "runs/20260909T013423-03790413/run.json"
      },
      "audit": {
        "argv": [
          "lake",
          "env",
          "lean",
          "work/audit_JP-DNC-CT-2026-MAIN-M1-Q01-S02-02I-V1.lean"
        ],
        "exit_code": 0,
        "run": "runs/20260909T013432-172c0043/run.json"
      },
      "graphs": {
        "LemmaWeave.Problems.DNC2026M1.parameter_solution": "work/LemmaWeave.Problems.DNC2026M1.parameter_solution-graph.json"
      }
    },
    {
      "proof_variant_id": "JP-DNC-CT-2026-MAIN-M1-Q01-S02-02II-V1",
      "build": {
        "argv": [
          "lake",
          "build",
          "LemmaWeave.Problems.DNC2026M1.ProofSets"
        ],
        "exit_code": 0,
        "run": "runs/20260909T013423-03790413/run.json"
      },
      "audit": {
        "argv": [
          "lake",
          "env",
          "lean",
          "work/audit_JP-DNC-CT-2026-MAIN-M1-Q01-S02-02II-V1.lean"
        ],
        "exit_code": 0,
        "run": "runs/20260909T013438-db10837a/run.json"
      },
      "graphs": {
        "LemmaWeave.Problems.DNC2026M1.pair_solution": "work/LemmaWeave.Problems.DNC2026M1.pair_solution-graph.json"
      }
    },
    {
      "proof_variant_id": "JP-DNC-CT-2026-MAIN-M1-Q03-S02-01-V1",
      "build": {
        "argv": [
          "lake",
          "build",
          "LemmaWeave.Problems.DNC2026M1.ProofExtrema"
        ],
        "exit_code": 0,
        "run": "runs/20260909T013445-7ac21337/run.json"
      },
      "audit": {
        "argv": [
          "lake",
          "env",
          "lean",
          "work/audit_JP-DNC-CT-2026-MAIN-M1-Q03-S02-01-V1.lean"
        ],
        "exit_code": 0,
        "run": "runs/20260909T013447-a2879f39/run.json"
      },
      "graphs": {
        "LemmaWeave.Problems.DNC2026M1.extrema_solution": "work/LemmaWeave.Problems.DNC2026M1.extrema_solution-graph.json"
      }
    }
  ],
  "does_not_promote_ledger": true
}
