{
  "candidate_problems": 5,
  "located_sources": 3,
  "fetched_papers": 1,
  "collected_problems": 5,
  "source_visually_checked_problems": 5,
  "semantic_self_review_only_problems": 5,
  "semantic_checked_problems": 0,
  "kernel_checked_problems": 0,
  "axiom_audit_passed_problems": 0,
  "audited_proofs": 0,
  "phase1_complete_problems": 0,
  "phase1_complete_policy": "disabled until AC01-AC12 evidence checker and Lean fixtures are validated",
  "learning_nodes": 9,
  "unclassified_dependencies": null,
  "unclassified_dependencies_reason": "No exam proof-term extraction imported; not a measured zero.",
  "educational_frontier_status": "not_extracted",
  "target_first_batch": 5,
  "target_first_batch_complete_minimum": 1,
  "target_pilot_collected": 50,
  "target_pilot_complete": 10,
  "overall_verdict": "INCONCLUSIVE"
}
