info: mathlib: cloning https://github.com/leanprover-community/mathlib4.git
info: mathlib: checking out revision '0df444a360eaa60ab8c11dca51a86af692955474'
info: plausible: cloning https://github.com/leanprover-community/plausible
info: plausible: checking out revision 'b7eb3304aeae834b12dda98993a37f6a41f6f0bb'
info: LeanSearchClient: cloning https://github.com/leanprover-community/LeanSearchClient
info: LeanSearchClient: checking out revision '5f4d51b81cbd3f6b32b156bfad9056621a040404'
info: importGraph: cloning https://github.com/leanprover-community/import-graph
info: importGraph: checking out revision '16f02aa7642864af59f1ff0e384a015994db9118'
info: proofwidgets: cloning https://github.com/leanprover-community/ProofWidgets4
info: proofwidgets: checking out revision '4be2e3d5087eeb272cf5a8853b8f9dd025ef5957'
info: aesop: cloning https://github.com/leanprover-community/aesop
info: aesop: checking out revision '3448c0bcc5ce01b2d1546e483ec3620e32df3d0e'
info: Qq: cloning https://github.com/leanprover-community/quote4
info: Qq: checking out revision '92c15be17b7caf78c2ad767ec40f89052d908d81'
info: batteries: cloning https://github.com/leanprover-community/batteries
info: batteries: checking out revision '4488d40d070b9700d4d5a6aa342f0d40c31b2a2d'
info: Cli: cloning https://github.com/leanprover/lean4-cli
info: Cli: checking out revision '6130a47896ce867c6a4a55373441e59e565bad0f'
✔ [2/26] Built Cache.Cli (327ms)
✔ [5/26] Built Cache.Lean (511ms)
✔ [6/26] Built Cache.Cli:c.o (237ms)
✔ [7/26] Built Cache.Lean:c.o (241ms)
✔ [8/26] Built Cache.Infra (578ms)
✔ [9/26] Built Cache.Infra:c.o (232ms)
✔ [10/26] Built Batteries.Tactic.OpenPrivate (1.0s)
✔ [11/26] Built Batteries.Tactic.OpenPrivate:c.o (1.3s)
✔ [12/26] Built Cache.IO (1.5s)
✔ [13/26] Built Cache.Hashing (803ms)
✔ [14/26] Built Cache.Hashing:c.o (713ms)
✔ [15/26] Built Cache.IO:c.o (2.0s)
✔ [16/26] Built Cache.Requests (1.0s)
✔ [17/26] Built Cache.Marker (555ms)
✔ [18/26] Built Cache.Marker:c.o (190ms)
✔ [19/26] Built Cache.Query (764ms)
✔ [20/26] Built Cache.Query:c.o (334ms)
✔ [21/26] Built Cache.Warning (800ms)
✔ [22/26] Built Cache.Warning:c.o (428ms)
✔ [23/26] Built Cache.Requests:c.o (3.2s)
✔ [24/26] Built Cache.Main (1.3s)
✔ [25/26] Built Cache.Main:c.o (968ms)
✔ [26/26] Built cache:exe (703ms)

Downloaded: 1 file(s) [attempted 1/2991 = 0%, 102 KB/s], Decompressed: 0
Downloaded: 117 file(s) [attempted 117/2991 = 3%, 708 KB/s], Decompressed: 1
Downloaded: 275 file(s) [attempted 275/2991 = 9%, 572 KB/s], Decompressed: 28
Downloaded: 409 file(s) [attempted 409/2991 = 13%, 1305 KB/s], Decompressed: 28
Downloaded: 511 file(s) [attempted 511/2991 = 17%, 5135 KB/s], Decompressed: 28
Downloaded: 656 file(s) [attempted 656/2991 = 21%, 4659 KB/s], Decompressed: 28
Downloaded: 799 file(s) [attempted 799/2991 = 26%, 1188 KB/s], Decompressed: 28
Downloaded: 895 file(s) [attempted 895/2991 = 29%, 194 KB/s], Decompressed: 28
Downloaded: 1029 file(s) [attempted 1029/2991 = 34%, 1575 KB/s], Decompressed: 28
Downloaded: 1152 file(s) [attempted 1152/2991 = 38%, 1192 KB/s], Decompressed: 188
Downloaded: 1304 file(s) [attempted 1304/2991 = 43%, 195 KB/s], Decompressed: 188
Downloaded: 1453 file(s) [attempted 1453/2991 = 48%, 9628 KB/s], Decompressed: 188
Downloaded: 1607 file(s) [attempted 1607/2991 = 53%, 652 KB/s], Decompressed: 188
Downloaded: 1756 file(s) [attempted 1756/2991 = 58%, 524 KB/s], Decompressed: 188
Downloaded: 1912 file(s) [attempted 1912/2991 = 63%, 5228 KB/s], Decompressed: 188
Downloaded: 2045 file(s) [attempted 2045/2991 = 68%, 864 KB/s], Decompressed: 188
Downloaded: 2170 file(s) [attempted 2170/2991 = 72%, 1766 KB/s], Decompressed: 188
Downloaded: 2322 file(s) [attempted 2322/2991 = 77%, 793 KB/s], Decompressed: 188
Downloaded: 2438 file(s) [attempted 2438/2991 = 81%, 1191 KB/s], Decompressed: 188
Downloaded: 2590 file(s) [attempted 2590/2991 = 86%, 1314 KB/s], Decompressed: 188
Downloaded: 2741 file(s) [attempted 2741/2991 = 91%, 11754 KB/s], Decompressed: 188
Downloaded: 2890 file(s) [attempted 2890/2991 = 96%, 775 KB/s], Decompressed: 188
Downloaded: 2990 file(s) [attempted 2990/2991 = 99%, 3407 KB/s], Decompressed: 188
Downloaded: 2991 file(s) [attempted 2991/2991 = 100%, 3407 KB/s], Decompressed: 188
