info: mathlib: cloning https://github.com/leanprover-community/mathlib4.git
info: mathlib: checking out revision '0df444a360eaa60ab8c11dca51a86af692955474'
info: plausible: cloning https://github.com/leanprover-community/plausible
info: plausible: checking out revision 'b7eb3304aeae834b12dda98993a37f6a41f6f0bb'
info: LeanSearchClient: cloning https://github.com/leanprover-community/LeanSearchClient
info: LeanSearchClient: checking out revision '5f4d51b81cbd3f6b32b156bfad9056621a040404'
info: importGraph: cloning https://github.com/leanprover-community/import-graph
info: importGraph: checking out revision '16f02aa7642864af59f1ff0e384a015994db9118'
info: proofwidgets: cloning https://github.com/leanprover-community/ProofWidgets4
info: proofwidgets: checking out revision '4be2e3d5087eeb272cf5a8853b8f9dd025ef5957'
info: aesop: cloning https://github.com/leanprover-community/aesop
info: aesop: checking out revision '3448c0bcc5ce01b2d1546e483ec3620e32df3d0e'
info: Qq: cloning https://github.com/leanprover-community/quote4
info: Qq: checking out revision '92c15be17b7caf78c2ad767ec40f89052d908d81'
info: batteries: cloning https://github.com/leanprover-community/batteries
info: batteries: checking out revision '4488d40d070b9700d4d5a6aa342f0d40c31b2a2d'
info: Cli: cloning https://github.com/leanprover/lean4-cli
info: Cli: checking out revision '6130a47896ce867c6a4a55373441e59e565bad0f'
✔ [1/5] Built Cache.Cli (319ms)
✔ [3/26] Built Cache.Lean (407ms)
✔ [6/26] Built Cache.Cli:c.o (233ms)
✔ [7/26] Built Cache.Lean:c.o (279ms)
✔ [8/26] Built Cache.Infra (455ms)
✔ [9/26] Built Cache.Infra:c.o (248ms)
✔ [10/26] Built Batteries.Tactic.OpenPrivate (999ms)
✔ [11/26] Built Batteries.Tactic.OpenPrivate:c.o (1.4s)
✔ [12/26] Built Cache.IO (1.5s)
✔ [13/26] Built Cache.Hashing (763ms)
✔ [14/26] Built Cache.Hashing:c.o (484ms)
✔ [15/26] Built Cache.IO:c.o (1.9s)
✔ [16/26] Built Cache.Requests (2.1s)
✔ [17/26] Built Cache.Marker (557ms)
✔ [18/26] Built Cache.Marker:c.o (210ms)
✔ [19/26] Built Cache.Query (694ms)
✔ [20/26] Built Cache.Query:c.o (334ms)
✔ [21/26] Built Cache.Warning (811ms)
✔ [22/26] Built Cache.Warning:c.o (462ms)
✔ [23/26] Built Cache.Main (1.1s)
✔ [24/26] Built Cache.Requests:c.o (3.4s)
✔ [25/26] Built Cache.Main:c.o (973ms)
✔ [26/26] Built cache:exe (724ms)

Downloaded: 1 file(s) [attempted 1/2991 = 0%, 95 KB/s], Decompressed: 0
Downloaded: 75 file(s) [attempted 75/2991 = 2%, 525 KB/s], Decompressed: 1
Downloaded: 164 file(s) [attempted 164/2991 = 5%, 1460 KB/s], Decompressed: 26
Downloaded: 252 file(s) [attempted 252/2991 = 8%, 1190 KB/s], Decompressed: 26
Downloaded: 344 file(s) [attempted 344/2991 = 11%, 475 KB/s], Decompressed: 82
Downloaded: 424 file(s) [attempted 424/2991 = 14%, 1613 KB/s], Decompressed: 82
Downloaded: 518 file(s) [attempted 518/2991 = 17%, 3062 KB/s], Decompressed: 82
Downloaded: 611 file(s) [attempted 611/2991 = 20%, 1919 KB/s], Decompressed: 82
Downloaded: 707 file(s) [attempted 707/2991 = 23%, 1092 KB/s], Decompressed: 82
Downloaded: 806 file(s) [attempted 806/2991 = 26%, 2644 KB/s], Decompressed: 82
Downloaded: 861 file(s) [attempted 861/2991 = 28%, 1260 KB/s], Decompressed: 82
Downloaded: 959 file(s) [attempted 959/2991 = 32%, 1649 KB/s], Decompressed: 82
Downloaded: 1056 file(s) [attempted 1056/2991 = 35%, 3306 KB/s], Decompressed: 82
Downloaded: 1130 file(s) [attempted 1130/2991 = 37%, 456 KB/s], Decompressed: 277
Downloaded: 1215 file(s) [attempted 1215/2991 = 40%, 424 KB/s], Decompressed: 277
Downloaded: 1315 file(s) [attempted 1315/2991 = 43%, 5264 KB/s], Decompressed: 277
Downloaded: 1394 file(s) [attempted 1394/2991 = 46%, 714 KB/s], Decompressed: 277
Downloaded: 1471 file(s) [attempted 1471/2991 = 49%, 499 KB/s], Decompressed: 277
Downloaded: 1566 file(s) [attempted 1566/2991 = 52%, 405 KB/s], Decompressed: 277
Downloaded: 1640 file(s) [attempted 1640/2991 = 54%, 868 KB/s], Decompressed: 277
Downloaded: 1718 file(s) [attempted 1718/2991 = 57%, 1937 KB/s], Decompressed: 277
Downloaded: 1822 file(s) [attempted 1822/2991 = 60%, 686 KB/s], Decompressed: 277
Downloaded: 1923 file(s) [attempted 1923/2991 = 64%, 643 KB/s], Decompressed: 277
Downloaded: 1999 file(s) [attempted 1999/2991 = 66%, 575 KB/s], Decompressed: 277
Downloaded: 2083 file(s) [attempted 2083/2991 = 69%, 514 KB/s], Decompressed: 277
Downloaded: 2188 file(s) [attempted 2188/2991 = 73%, 817 KB/s], Decompressed: 277
Downloaded: 2288 file(s) [attempted 2288/2991 = 76%, 287 KB/s], Decompressed: 277
Downloaded: 2344 file(s) [attempted 2344/2991 = 78%, 4620 KB/s], Decompressed: 277
Downloaded: 2444 file(s) [attempted 2444/2991 = 81%, 6026 KB/s], Decompressed: 277
Downloaded: 2544 file(s) [attempted 2544/2991 = 85%, 4900 KB/s], Decompressed: 277
Downloaded: 2651 file(s) [attempted 2651/2991 = 88%, 4530 KB/s], Decompressed: 277
Downloaded: 2742 file(s) [attempted 2742/2991 = 91%, 524 KB/s], Decompressed: 277
Downloaded: 2842 file(s) [attempted 2842/2991 = 95%, 186 KB/s], Decompressed: 277
Downloaded: 2940 file(s) [attempted 2940/2991 = 98%, 1012 KB/s], Decompressed: 277
Downloaded: 2989 file(s) [attempted 2989/2991 = 99%, 4839 KB/s], Decompressed: 277
Downloaded: 2991 file(s) [attempted 2991/2991 = 100%, 4839 KB/s], Decompressed: 277
