info: mathlib: cloning https://github.com/leanprover-community/mathlib4.git
info: mathlib: checking out revision '0df444a360eaa60ab8c11dca51a86af692955474'
info: plausible: cloning https://github.com/leanprover-community/plausible
info: plausible: checking out revision 'b7eb3304aeae834b12dda98993a37f6a41f6f0bb'
info: LeanSearchClient: cloning https://github.com/leanprover-community/LeanSearchClient
info: LeanSearchClient: checking out revision '5f4d51b81cbd3f6b32b156bfad9056621a040404'
info: importGraph: cloning https://github.com/leanprover-community/import-graph
info: importGraph: checking out revision '16f02aa7642864af59f1ff0e384a015994db9118'
info: proofwidgets: cloning https://github.com/leanprover-community/ProofWidgets4
info: proofwidgets: checking out revision '4be2e3d5087eeb272cf5a8853b8f9dd025ef5957'
info: aesop: cloning https://github.com/leanprover-community/aesop
info: aesop: checking out revision '3448c0bcc5ce01b2d1546e483ec3620e32df3d0e'
info: Qq: cloning https://github.com/leanprover-community/quote4
info: Qq: checking out revision '92c15be17b7caf78c2ad767ec40f89052d908d81'
info: batteries: cloning https://github.com/leanprover-community/batteries
info: batteries: checking out revision '4488d40d070b9700d4d5a6aa342f0d40c31b2a2d'
info: Cli: cloning https://github.com/leanprover/lean4-cli
info: Cli: checking out revision '6130a47896ce867c6a4a55373441e59e565bad0f'
✔ [1/5] Built Cache.Cli (337ms)
✔ [3/26] Built Cache.Lean (400ms)
✔ [6/26] Built Cache.Cli:c.o (209ms)
✔ [7/26] Built Cache.Lean:c.o (321ms)
✔ [8/26] Built Cache.Infra (483ms)
✔ [9/26] Built Cache.Infra:c.o (242ms)
✔ [10/26] Built Batteries.Tactic.OpenPrivate (1.0s)
✔ [11/26] Built Cache.IO (1.4s)
✔ [12/26] Built Batteries.Tactic.OpenPrivate:c.o (1.4s)
✔ [13/26] Built Cache.Hashing (774ms)
✔ [14/26] Built Cache.Hashing:c.o (653ms)
✔ [15/26] Built Cache.IO:c.o (1.8s)
✔ [16/26] Built Cache.Requests (2.1s)
✔ [17/26] Built Cache.Marker (553ms)
✔ [18/26] Built Cache.Marker:c.o (175ms)
✔ [19/26] Built Cache.Query (728ms)
✔ [20/26] Built Cache.Query:c.o (480ms)
✔ [21/26] Built Cache.Warning (867ms)
✔ [22/26] Built Cache.Warning:c.o (427ms)
✔ [23/26] Built Cache.Requests:c.o (3.2s)
✔ [24/26] Built Cache.Main (1.3s)
✔ [25/26] Built Cache.Main:c.o (978ms)
✔ [26/26] Built cache:exe (706ms)
Downloaded: 1 file(s) [attempted 1/2991 = 0%, 106 KB/s], Decompressed: 0Downloaded: 140 file(s) [attempted 140/2991 = 4%, 1810 KB/s], Decompressed: 1Downloaded: 336 file(s) [attempted 336/2991 = 11%, 392 KB/s], Decompressed: 37Downloaded: 499 file(s) [attempted 499/2991 = 16%, 783 KB/s], Decompressed: 37Downloaded: 667 file(s) [attempted 667/2991 = 22%, 2387 KB/s], Decompressed: 37Downloaded: 826 file(s) [attempted 826/2991 = 27%, 1294 KB/s], Decompressed: 37Downloaded: 1005 file(s) [attempted 1005/2991 = 33%, 6288 KB/s], Decompressed: 37Downloaded: 1181 file(s) [attempted 1181/2991 = 39%, 1871 KB/s], Decompressed: 37Downloaded: 1369 file(s) [attempted 1369/2991 = 45%, 3035 KB/s], Decompressed: 187Downloaded: 1557 file(s) [attempted 1557/2991 = 52%, 624 KB/s], Decompressed: 187Downloaded: 1696 file(s) [attempted 1696/2991 = 56%, 3029 KB/s], Decompressed: 187Downloaded: 1862 file(s) [attempted 1862/2991 = 62%, 1417 KB/s], Decompressed: 187Downloaded: 2060 file(s) [attempted 2060/2991 = 68%, 1946 KB/s], Decompressed: 187Downloaded: 2237 file(s) [attempted 2237/2991 = 74%, 1407 KB/s], Decompressed: 187Downloaded: 2397 file(s) [attempted 2397/2991 = 80%, 1514 KB/s], Decompressed: 187Downloaded: 2616 file(s) [attempted 2616/2991 = 87%, 2667 KB/s], Decompressed: 187Downloaded: 2777 file(s) [attempted 2777/2991 = 92%, 305 KB/s], Decompressed: 187Downloaded: 2946 file(s) [attempted 2946/2991 = 98%, 2538 KB/s], Decompressed: 187Downloaded: 2991 file(s) [attempted 2991/2991 = 100%, 18702 KB/s], Decompressed: 187Downloaded: 2991 file(s) [attempted 2991/2991 = 100%, 18702 KB/s], Decompressed: 187
