info: mathlib: cloning https://github.com/leanprover-community/mathlib4.git
info: mathlib: checking out revision '0df444a360eaa60ab8c11dca51a86af692955474'
info: plausible: cloning https://github.com/leanprover-community/plausible
info: plausible: checking out revision 'b7eb3304aeae834b12dda98993a37f6a41f6f0bb'
info: LeanSearchClient: cloning https://github.com/leanprover-community/LeanSearchClient
info: LeanSearchClient: checking out revision '5f4d51b81cbd3f6b32b156bfad9056621a040404'
info: importGraph: cloning https://github.com/leanprover-community/import-graph
info: importGraph: checking out revision '16f02aa7642864af59f1ff0e384a015994db9118'
info: proofwidgets: cloning https://github.com/leanprover-community/ProofWidgets4
info: proofwidgets: checking out revision '4be2e3d5087eeb272cf5a8853b8f9dd025ef5957'
info: aesop: cloning https://github.com/leanprover-community/aesop
info: aesop: checking out revision '3448c0bcc5ce01b2d1546e483ec3620e32df3d0e'
info: Qq: cloning https://github.com/leanprover-community/quote4
info: Qq: checking out revision '92c15be17b7caf78c2ad767ec40f89052d908d81'
info: batteries: cloning https://github.com/leanprover-community/batteries
info: batteries: checking out revision '4488d40d070b9700d4d5a6aa342f0d40c31b2a2d'
info: Cli: cloning https://github.com/leanprover/lean4-cli
info: Cli: checking out revision '6130a47896ce867c6a4a55373441e59e565bad0f'
✔ [1/10] Built Cache.Cli (253ms)
✔ [5/26] Built Cache.Lean (317ms)
✔ [6/26] Built Cache.Cli:c.o (142ms)
✔ [7/26] Built Cache.Lean:c.o (161ms)
✔ [8/26] Built Cache.Infra (395ms)
✔ [9/26] Built Cache.Infra:c.o (168ms)
✔ [10/26] Built Batteries.Tactic.OpenPrivate (754ms)
✔ [11/26] Built Cache.IO (1.1s)
✔ [12/26] Built Batteries.Tactic.OpenPrivate:c.o (1.1s)
✔ [13/26] Built Cache.Hashing (593ms)
✔ [14/26] Built Cache.Hashing:c.o (370ms)
✔ [15/26] Built Cache.IO:c.o (1.5s)
✔ [16/26] Built Cache.Requests (1.7s)
✔ [17/26] Built Cache.Marker (413ms)
✔ [18/26] Built Cache.Marker:c.o (134ms)
✔ [19/26] Built Cache.Query (527ms)
✔ [20/26] Built Cache.Query:c.o (334ms)
✔ [21/26] Built Cache.Warning (604ms)
✔ [22/26] Built Cache.Warning:c.o (219ms)
✔ [23/26] Built Cache.Main (980ms)
✔ [24/26] Built Cache.Requests:c.o (2.5s)
✔ [25/26] Built Cache.Main:c.o (762ms)
✔ [26/26] Built cache:exe (597ms)
Downloaded: 1 file(s) [attempted 1/2991 = 0%, 194 KB/s], Decompressed: 0Downloaded: 55 file(s) [attempted 55/2991 = 1%, 18 KB/s], Decompressed: 20Downloaded: 318 file(s) [attempted 318/2991 = 10%, 1568 KB/s], Decompressed: 30Downloaded: 590 file(s) [attempted 590/2991 = 19%, 9848 KB/s], Decompressed: 30Downloaded: 805 file(s) [attempted 805/2991 = 26%, 17874 KB/s], Decompressed: 30Downloaded: 1131 file(s) [attempted 1131/2991 = 37%, 6069 KB/s], Decompressed: 30Downloaded: 1475 file(s) [attempted 1475/2991 = 49%, 2585 KB/s], Decompressed: 131Downloaded: 1726 file(s) [attempted 1726/2991 = 57%, 16720 KB/s], Decompressed: 131Downloaded: 2021 file(s) [attempted 2021/2991 = 67%, 4166 KB/s], Decompressed: 131Downloaded: 2271 file(s) [attempted 2271/2991 = 75%, 4773 KB/s], Decompressed: 131Downloaded: 2539 file(s) [attempted 2539/2991 = 84%, 1312 KB/s], Decompressed: 131Downloaded: 2802 file(s) [attempted 2802/2991 = 93%, 20440 KB/s], Decompressed: 131Downloaded: 2991 file(s) [attempted 2991/2991 = 100%, 20440 KB/s], Decompressed: 131
