2026-09-05T05:49:03.6095680Z Current runner version: '2.337.0'
2026-09-05T05:49:03.6119948Z ##[group]Runner Image Provisioner
2026-09-05T05:49:03.6120890Z Hosted Compute Agent
2026-09-05T05:49:03.6121565Z Version: 20260828.587
2026-09-05T05:49:03.6122439Z Commit: abac92662cab4cc7352de4f9f9d2e2419aad9c29
2026-09-05T05:49:03.6123180Z Build Date: 2026-08-28T16:44:25Z
2026-09-05T05:49:03.6123957Z Worker ID: {05b3ffb3-e1ea-4286-868c-e6d7fc10001c}
2026-09-05T05:49:03.6124722Z Azure Region: westcentralus
2026-09-05T05:49:03.6125347Z ##[endgroup]
2026-09-05T05:49:03.6127039Z ##[group]Operating System
2026-09-05T05:49:03.6127712Z Ubuntu
2026-09-05T05:49:03.6128364Z 24.04.4
2026-09-05T05:49:03.6128897Z LTS
2026-09-05T05:49:03.6129786Z ##[endgroup]
2026-09-05T05:49:03.6130397Z ##[group]Runner Image
2026-09-05T05:49:03.6131002Z Image: ubuntu-24.04
2026-09-05T05:49:03.6131646Z Version: 20260831.293.1
2026-09-05T05:49:03.6133226Z Included Software: https://github.com/actions/runner-images/blob/ubuntu24/20260831.293/images/ubuntu/Ubuntu2404-Readme.md
2026-09-05T05:49:03.6134874Z Image Release: https://github.com/actions/runner-images/releases/tag/ubuntu24%2F20260831.293
2026-09-05T05:49:03.6135886Z ##[endgroup]
2026-09-05T05:49:03.6137069Z ##[group]GITHUB_TOKEN Permissions
2026-09-05T05:49:03.6139150Z Contents: read
2026-09-05T05:49:03.6139921Z Metadata: read
2026-09-05T05:49:03.6140528Z ##[endgroup]
2026-09-05T05:49:03.6142903Z Secret source: Actions
2026-09-05T05:49:03.6143996Z Prepare workflow directory
2026-09-05T05:49:03.6534236Z Prepare all required actions
2026-09-05T05:49:03.6581374Z Getting action download info
2026-09-05T05:49:03.9337308Z Download action repository 'actions/checkout@11bd71901bbe5b1630ceea73d27597364c9af683' (SHA:11bd71901bbe5b1630ceea73d27597364c9af683)
2026-09-05T05:49:04.0490859Z Download action repository 'actions/upload-artifact@ea165f8d65b6e75b540449e92b4886f43607fa02' (SHA:ea165f8d65b6e75b540449e92b4886f43607fa02)
2026-09-05T05:49:04.2615752Z Complete job name: lean
2026-09-05T05:49:04.3405075Z Node 20 is being deprecated. This workflow is running with Node 24 by default. If you need to temporarily use Node 20, you can set the ACTIONS_ALLOW_USE_UNSECURE_NODE_VERSION=true environment variable. For more information see: https://github.blog/changelog/2025-09-19-deprecation-of-node-20-on-github-actions-runners/
2026-09-05T05:49:04.3414266Z ##[group]Run actions/checkout@11bd71901bbe5b1630ceea73d27597364c9af683
2026-09-05T05:49:04.3415179Z with:
2026-09-05T05:49:04.3415618Z   persist-credentials: false
2026-09-05T05:49:04.3416156Z   repository: tsuji-tomonori/LemmaWeave
2026-09-05T05:49:04.3419882Z   token: ***
2026-09-05T05:49:04.3420303Z   ssh-strict: true
2026-09-05T05:49:04.3420728Z   ssh-user: git
2026-09-05T05:49:04.3421134Z   clean: true
2026-09-05T05:49:04.3421561Z   sparse-checkout-cone-mode: true
2026-09-05T05:49:04.3422254Z   fetch-depth: 1
2026-09-05T05:49:04.3422686Z   fetch-tags: false
2026-09-05T05:49:04.3423122Z   show-progress: true
2026-09-05T05:49:04.3423597Z   lfs: false
2026-09-05T05:49:04.3424044Z   submodules: false
2026-09-05T05:49:04.3424491Z   set-safe-directory: true
2026-09-05T05:49:04.3425232Z ##[endgroup]
2026-09-05T05:49:04.4439745Z Syncing repository: tsuji-tomonori/LemmaWeave
2026-09-05T05:49:04.4442583Z ##[group]Getting Git version info
2026-09-05T05:49:04.4443749Z Working directory is '/home/runner/work/LemmaWeave/LemmaWeave'
2026-09-05T05:49:04.4445383Z [command]/usr/bin/git version
2026-09-05T05:49:04.4536246Z git version 2.55.0
2026-09-05T05:49:04.4574651Z ##[endgroup]
2026-09-05T05:49:04.4583708Z Temporarily overriding HOME='/home/runner/work/_temp/3f7a2ea9-d351-4fb1-b76d-6de5f8d935c0' before making global git config changes
2026-09-05T05:49:04.4586069Z Adding repository directory to the temporary git global config as a safe directory
2026-09-05T05:49:04.4588021Z [command]/usr/bin/git config --global --add safe.directory /home/runner/work/LemmaWeave/LemmaWeave
2026-09-05T05:49:04.4639666Z Deleting the contents of '/home/runner/work/LemmaWeave/LemmaWeave'
2026-09-05T05:49:04.4644834Z ##[group]Initializing the repository
2026-09-05T05:49:04.4650070Z [command]/usr/bin/git init /home/runner/work/LemmaWeave/LemmaWeave
2026-09-05T05:49:04.4770629Z hint: Using 'master' as the name for the initial branch. This default branch name
2026-09-05T05:49:04.4772921Z hint: will change to "main" in Git 3.0. To configure the initial branch name
2026-09-05T05:49:04.4775032Z hint: to use in all of your new repositories, which will suppress this warning,
2026-09-05T05:49:04.4776488Z hint: call:
2026-09-05T05:49:04.4777470Z hint:
2026-09-05T05:49:04.4778634Z hint: 	git config --global init.defaultBranch <name>
2026-09-05T05:49:04.4779683Z hint:
2026-09-05T05:49:04.4780665Z hint: Names commonly chosen instead of 'master' are 'main', 'trunk' and
2026-09-05T05:49:04.4782466Z hint: 'development'. The just-created branch can be renamed via this command:
2026-09-05T05:49:04.4783723Z hint:
2026-09-05T05:49:04.4784376Z hint: 	git branch -m <name>
2026-09-05T05:49:04.4784897Z hint:
2026-09-05T05:49:04.4785721Z hint: Disable this message with "git config set advice.defaultBranchName false"
2026-09-05T05:49:04.4787366Z Initialized empty Git repository in /home/runner/work/LemmaWeave/LemmaWeave/.git/
2026-09-05T05:49:04.4790133Z [command]/usr/bin/git remote add origin https://github.com/tsuji-tomonori/LemmaWeave
2026-09-05T05:49:04.4842479Z ##[endgroup]
2026-09-05T05:49:04.4843746Z ##[group]Disabling automatic garbage collection
2026-09-05T05:49:04.4846708Z [command]/usr/bin/git config --local gc.auto 0
2026-09-05T05:49:04.4880175Z ##[endgroup]
2026-09-05T05:49:04.4881307Z ##[group]Setting up auth
2026-09-05T05:49:04.4887849Z [command]/usr/bin/git config --local --name-only --get-regexp core\.sshCommand
2026-09-05T05:49:04.4921362Z [command]/usr/bin/git submodule foreach --recursive sh -c "git config --local --name-only --get-regexp 'core\.sshCommand' && git config --local --unset-all 'core.sshCommand' || :"
2026-09-05T05:49:04.5316642Z [command]/usr/bin/git config --local --name-only --get-regexp http\.https\:\/\/github\.com\/\.extraheader
2026-09-05T05:49:04.5357994Z [command]/usr/bin/git submodule foreach --recursive sh -c "git config --local --name-only --get-regexp 'http\.https\:\/\/github\.com\/\.extraheader' && git config --local --unset-all 'http.https://github.com/.extraheader' || :"
2026-09-05T05:49:04.5585905Z [command]/usr/bin/git config --local http.https://github.com/.extraheader AUTHORIZATION: basic ***
2026-09-05T05:49:04.5627672Z ##[endgroup]
2026-09-05T05:49:04.5629081Z ##[group]Fetching the repository
2026-09-05T05:49:04.5639035Z [command]/usr/bin/git -c protocol.version=2 fetch --no-tags --prune --no-recurse-submodules --depth=1 origin +9d427137107b16cf0f1ab016a115e5655d3344b4:refs/remotes/origin/main
2026-09-05T05:49:05.1100331Z From https://github.com/tsuji-tomonori/LemmaWeave
2026-09-05T05:49:05.1101692Z  * [new ref]         9d427137107b16cf0f1ab016a115e5655d3344b4 -> origin/main
2026-09-05T05:49:05.1105986Z ##[endgroup]
2026-09-05T05:49:05.1106813Z ##[group]Determining the checkout info
2026-09-05T05:49:05.1108120Z ##[endgroup]
2026-09-05T05:49:05.1114330Z [command]/usr/bin/git sparse-checkout disable
2026-09-05T05:49:05.1166286Z [command]/usr/bin/git config --local --unset-all extensions.worktreeConfig
2026-09-05T05:49:05.1197477Z ##[group]Checking out the ref
2026-09-05T05:49:05.1203787Z [command]/usr/bin/git checkout --progress --force -B main refs/remotes/origin/main
2026-09-05T05:49:05.1320702Z Switched to a new branch 'main'
2026-09-05T05:49:05.1326823Z branch 'main' set up to track 'origin/main'.
2026-09-05T05:49:05.1364812Z ##[endgroup]
2026-09-05T05:49:05.1409088Z [command]/usr/bin/git log -1 --format=%H
2026-09-05T05:49:05.1440751Z 9d427137107b16cf0f1ab016a115e5655d3344b4
2026-09-05T05:49:05.1450095Z ##[group]Removing auth
2026-09-05T05:49:05.1453751Z [command]/usr/bin/git config --local --name-only --get-regexp core\.sshCommand
2026-09-05T05:49:05.1486427Z [command]/usr/bin/git submodule foreach --recursive sh -c "git config --local --name-only --get-regexp 'core\.sshCommand' && git config --local --unset-all 'core.sshCommand' || :"
2026-09-05T05:49:05.1705323Z [command]/usr/bin/git config --local --name-only --get-regexp http\.https\:\/\/github\.com\/\.extraheader
2026-09-05T05:49:05.1734142Z http.https://github.com/.extraheader
2026-09-05T05:49:05.1741226Z [command]/usr/bin/git config --local --unset-all http.https://github.com/.extraheader
2026-09-05T05:49:05.1776432Z [command]/usr/bin/git submodule foreach --recursive sh -c "git config --local --name-only --get-regexp 'http\.https\:\/\/github\.com\/\.extraheader' && git config --local --unset-all 'http.https://github.com/.extraheader' || :"
2026-09-05T05:49:05.2011102Z ##[endgroup]
2026-09-05T05:49:05.2220250Z ##[group]Run mkdir -p "$RUNNER_TEMP/lemmaweave-elan"
2026-09-05T05:49:05.2221175Z [36;1mmkdir -p "$RUNNER_TEMP/lemmaweave-elan"[0m
2026-09-05T05:49:05.2223128Z [36;1mcurl --fail --location --retry 2 --max-time 120 --output "$RUNNER_TEMP/lemmaweave-elan/elan.tar.gz" https://github.com/leanprover/elan/releases/download/v4.1.2/elan-x86_64-unknown-linux-gnu.tar.gz[0m
2026-09-05T05:49:05.2224920Z [36;1msha256sum "$RUNNER_TEMP/lemmaweave-elan/elan.tar.gz"[0m
2026-09-05T05:49:05.2225967Z [36;1mtar -xzf "$RUNNER_TEMP/lemmaweave-elan/elan.tar.gz" -C "$RUNNER_TEMP/lemmaweave-elan"[0m
2026-09-05T05:49:05.2227099Z [36;1m"$RUNNER_TEMP/lemmaweave-elan/elan-init" -y --default-toolchain none[0m
2026-09-05T05:49:05.2227960Z [36;1mecho "$HOME/.elan/bin" >> "$GITHUB_PATH"[0m
2026-09-05T05:49:05.2268155Z shell: /usr/bin/bash -e {0}
2026-09-05T05:49:05.2268750Z ##[endgroup]
2026-09-05T05:49:05.2441388Z   % Total    % Received % Xferd  Average Speed   Time    Time     Time  Current
2026-09-05T05:49:05.2443421Z                                  Dload  Upload   Total   Spent    Left  Speed
2026-09-05T05:49:05.2444152Z 
2026-09-05T05:49:05.7579359Z   0     0    0     0    0     0      0      0 --:--:-- --:--:-- --:--:--     0
2026-09-05T05:49:05.7582287Z   0     0    0     0    0     0      0      0 --:--:-- --:--:-- --:--:--     0
2026-09-05T05:49:05.7583448Z   0     0    0     0    0     0      0      0 --:--:-- --:--:-- --:--:--     0
2026-09-05T05:49:06.0030293Z 
2026-09-05T05:49:06.0031067Z 100 4869k  100 4869k    0     0  6414k      0 --:--:-- --:--:-- --:--:-- 6414k
2026-09-05T05:49:06.0117519Z f81c2e48c1588d4612cd2c8851947898a45ac8d72748a07dff3a5694f1cf589b  /home/runner/work/_temp/lemmaweave-elan/elan.tar.gz
2026-09-05T05:49:06.1251265Z ##[group]Run python3 scripts/run.py --timeout 600 -- lean --version
2026-09-05T05:49:06.1252408Z [36;1mpython3 scripts/run.py --timeout 600 -- lean --version[0m
2026-09-05T05:49:06.1253102Z [36;1mpython3 scripts/run.py -- lake --version[0m
2026-09-05T05:49:06.1294611Z shell: /usr/bin/bash -e {0}
2026-09-05T05:49:06.1295114Z ##[endgroup]
2026-09-05T05:49:17.4557126Z {"run": "runs/20260905T054906-49fba64f/run.json", "exit_code": 0}
2026-09-05T05:49:17.6139262Z {"run": "runs/20260905T054917-e27c3a61/run.json", "exit_code": 0}
2026-09-05T05:49:17.6247631Z ##[group]Run python3 scripts/run.py --timeout 900 -- lake exe cache get Mathlib.Data.Nat.Basic Mathlib.Algebra.Group.Basic Mathlib.Data.Real.Sqrt Mathlib.Tactic
2026-09-05T05:49:17.6248831Z [36;1mpython3 scripts/run.py --timeout 900 -- lake exe cache get Mathlib.Data.Nat.Basic Mathlib.Algebra.Group.Basic Mathlib.Data.Real.Sqrt Mathlib.Tactic[0m
2026-09-05T05:49:17.6285572Z shell: /usr/bin/bash -e {0}
2026-09-05T05:49:17.6285872Z ##[endgroup]
2026-09-05T05:50:31.3903844Z {"run": "runs/20260905T054917-fe24b3fc/run.json", "exit_code": 0}
2026-09-05T05:50:31.4009621Z ##[group]Run python3 scripts/run.py -- python3 scripts/check_pins.py
2026-09-05T05:50:31.4010608Z [36;1mpython3 scripts/run.py -- python3 scripts/check_pins.py[0m
2026-09-05T05:50:31.4053410Z shell: /usr/bin/bash -e {0}
2026-09-05T05:50:31.4053689Z ##[endgroup]
2026-09-05T05:50:31.5252746Z {"run": "runs/20260905T055031-937d7613/run.json", "exit_code": 0}
2026-09-05T05:50:31.5366526Z ##[group]Run python3 scripts/run.py --timeout 600 -- lake build
2026-09-05T05:50:31.5367015Z [36;1mpython3 scripts/run.py --timeout 600 -- lake build[0m
2026-09-05T05:50:31.5402445Z shell: /usr/bin/bash -e {0}
2026-09-05T05:50:31.5402734Z ##[endgroup]
2026-09-05T05:50:47.2636795Z {"run": "runs/20260905T055031-0330e6f8/run.json", "exit_code": 0}
2026-09-05T05:50:47.2729042Z ##[group]Run python3 scripts/run_targets.py
2026-09-05T05:50:47.2729419Z [36;1mpython3 scripts/run_targets.py[0m
2026-09-05T05:50:47.2764567Z shell: /usr/bin/bash -e {0}
2026-09-05T05:50:47.2764829Z ##[endgroup]
2026-09-05T05:50:48.2747874Z {"run": "runs/20260905T055047-27091cbd/run.json", "exit_code": 0}
2026-09-05T05:50:49.6509372Z {"run": "runs/20260905T055048-fdf47a8f/run.json", "exit_code": 0}
2026-09-05T05:51:12.8979939Z {"run": "runs/20260905T055049-85c92f83/run.json", "exit_code": 0}
2026-09-05T05:51:14.9041454Z {"run": "runs/20260905T055112-d2085cfb/run.json", "exit_code": 0}
2026-09-05T05:51:21.4818777Z {"run": "runs/20260905T055114-f8c99d82/run.json", "exit_code": 0}
2026-09-05T05:51:28.0752509Z {"run": "runs/20260905T055121-9e5e3620/run.json", "exit_code": 0}
2026-09-05T05:51:34.9394726Z {"run": "runs/20260905T055128-ec0aaa38/run.json", "exit_code": 0}
2026-09-05T05:51:36.4986458Z {"run": "runs/20260905T055134-98a56d42/run.json", "exit_code": 0}
2026-09-05T05:51:51.0327005Z {"run": "runs/20260905T055136-2879572c/run.json", "exit_code": 0}
2026-09-05T05:51:51.0396163Z {
2026-09-05T05:51:51.0396824Z   "schema_version": "0.1",
2026-09-05T05:51:51.0397218Z   "extractor_build": {
2026-09-05T05:51:51.0397575Z     "argv": [
2026-09-05T05:51:51.0397865Z       "lake",
2026-09-05T05:51:51.0398201Z       "build",
2026-09-05T05:51:51.0398540Z       "LemmaWeave.Audit.Extract"
2026-09-05T05:51:51.0398928Z     ],
2026-09-05T05:51:51.0399216Z     "exit_code": 0,
2026-09-05T05:51:51.0399563Z     "run": "runs/20260905T055047-27091cbd/run.json"
2026-09-05T05:51:51.0399996Z   },
2026-09-05T05:51:51.0400297Z   "variants": [
2026-09-05T05:51:51.0400586Z     {
2026-09-05T05:51:51.0401034Z       "proof_variant_id": "JP-DNC-CT-2026-MAIN-M1-Q01-S01-01-V1",
2026-09-05T05:51:51.0401536Z       "build": {
2026-09-05T05:51:51.0401847Z         "argv": [
2026-09-05T05:51:51.0402353Z           "lake",
2026-09-05T05:51:51.0402645Z           "build",
2026-09-05T05:51:51.0403076Z           "LemmaWeave.Problems.DNC2026M1.ProofInequalities"
2026-09-05T05:51:51.0403557Z         ],
2026-09-05T05:51:51.0403856Z         "exit_code": 0,
2026-09-05T05:51:51.0404245Z         "run": "runs/20260905T055048-fdf47a8f/run.json"
2026-09-05T05:51:51.0404664Z       },
2026-09-05T05:51:51.0404926Z       "audit": {
2026-09-05T05:51:51.0405216Z         "argv": [
2026-09-05T05:51:51.0405518Z           "lake",
2026-09-05T05:51:51.0405814Z           "env",
2026-09-05T05:51:51.0406109Z           "lean",
2026-09-05T05:51:51.0406529Z           "work/audit_JP-DNC-CT-2026-MAIN-M1-Q01-S01-01-V1.lean"
2026-09-05T05:51:51.0407084Z         ],
2026-09-05T05:51:51.0407382Z         "exit_code": 0,
2026-09-05T05:51:51.0407753Z         "run": "runs/20260905T055049-85c92f83/run.json"
2026-09-05T05:51:51.0408176Z       },
2026-09-05T05:51:51.0408450Z       "graphs": {
2026-09-05T05:51:51.0409340Z         "LemmaWeave.Problems.DNC2026M1.inequalities_solution": "work/LemmaWeave.Problems.DNC2026M1.inequalities_solution-graph.json"
2026-09-05T05:51:51.0410310Z       }
2026-09-05T05:51:51.0410585Z     },
2026-09-05T05:51:51.0410858Z     {
2026-09-05T05:51:51.0411279Z       "proof_variant_id": "JP-DNC-CT-2026-MAIN-M1-Q01-S02-01-V1",
2026-09-05T05:51:51.0411808Z       "build": {
2026-09-05T05:51:51.0412313Z         "argv": [
2026-09-05T05:51:51.0412612Z           "lake",
2026-09-05T05:51:51.0412917Z           "build",
2026-09-05T05:51:51.0413317Z           "LemmaWeave.Problems.DNC2026M1.ProofSets"
2026-09-05T05:51:51.0413788Z         ],
2026-09-05T05:51:51.0414083Z         "exit_code": 0,
2026-09-05T05:51:51.0414439Z         "run": "runs/20260905T055112-d2085cfb/run.json"
2026-09-05T05:51:51.0414853Z       },
2026-09-05T05:51:51.0415141Z       "audit": {
2026-09-05T05:51:51.0415469Z         "argv": [
2026-09-05T05:51:51.0415781Z           "lake",
2026-09-05T05:51:51.0416411Z           "env",
2026-09-05T05:51:51.0416718Z           "lean",
2026-09-05T05:51:51.0417150Z           "work/audit_JP-DNC-CT-2026-MAIN-M1-Q01-S02-01-V1.lean"
2026-09-05T05:51:51.0417903Z         ],
2026-09-05T05:51:51.0418248Z         "exit_code": 0,
2026-09-05T05:51:51.0418653Z         "run": "runs/20260905T055114-f8c99d82/run.json"
2026-09-05T05:51:51.0419112Z       },
2026-09-05T05:51:51.0419402Z       "graphs": {
2026-09-05T05:51:51.0420224Z         "LemmaWeave.Problems.DNC2026M1.sets_solution": "work/LemmaWeave.Problems.DNC2026M1.sets_solution-graph.json"
2026-09-05T05:51:51.0421142Z       }
2026-09-05T05:51:51.0421423Z     },
2026-09-05T05:51:51.0421693Z     {
2026-09-05T05:51:51.0432599Z       "proof_variant_id": "JP-DNC-CT-2026-MAIN-M1-Q01-S02-02I-V1",
2026-09-05T05:51:51.0433271Z       "build": {
2026-09-05T05:51:51.0433641Z         "argv": [
2026-09-05T05:51:51.0433959Z           "lake",
2026-09-05T05:51:51.0434267Z           "build",
2026-09-05T05:51:51.0434687Z           "LemmaWeave.Problems.DNC2026M1.ProofSets"
2026-09-05T05:51:51.0435211Z         ],
2026-09-05T05:51:51.0435511Z         "exit_code": 0,
2026-09-05T05:51:51.0435920Z         "run": "runs/20260905T055112-d2085cfb/run.json"
2026-09-05T05:51:51.0436373Z       },
2026-09-05T05:51:51.0436659Z       "audit": {
2026-09-05T05:51:51.0436977Z         "argv": [
2026-09-05T05:51:51.0437294Z           "lake",
2026-09-05T05:51:51.0437597Z           "env",
2026-09-05T05:51:51.0437914Z           "lean",
2026-09-05T05:51:51.0438363Z           "work/audit_JP-DNC-CT-2026-MAIN-M1-Q01-S02-02I-V1.lean"
2026-09-05T05:51:51.0438940Z         ],
2026-09-05T05:51:51.0439247Z         "exit_code": 0,
2026-09-05T05:51:51.0439672Z         "run": "runs/20260905T055121-9e5e3620/run.json"
2026-09-05T05:51:51.0440154Z       },
2026-09-05T05:51:51.0440463Z       "graphs": {
2026-09-05T05:51:51.0441368Z         "LemmaWeave.Problems.DNC2026M1.parameter_solution": "work/LemmaWeave.Problems.DNC2026M1.parameter_solution-graph.json"
2026-09-05T05:51:51.0442584Z       }
2026-09-05T05:51:51.0442885Z     },
2026-09-05T05:51:51.0443161Z     {
2026-09-05T05:51:51.0443624Z       "proof_variant_id": "JP-DNC-CT-2026-MAIN-M1-Q01-S02-02II-V1",
2026-09-05T05:51:51.0444227Z       "build": {
2026-09-05T05:51:51.0444542Z         "argv": [
2026-09-05T05:51:51.0444856Z           "lake",
2026-09-05T05:51:51.0445170Z           "build",
2026-09-05T05:51:51.0445595Z           "LemmaWeave.Problems.DNC2026M1.ProofSets"
2026-09-05T05:51:51.0446123Z         ],
2026-09-05T05:51:51.0446438Z         "exit_code": 0,
2026-09-05T05:51:51.0446843Z         "run": "runs/20260905T055112-d2085cfb/run.json"
2026-09-05T05:51:51.0447325Z       },
2026-09-05T05:51:51.0447610Z       "audit": {
2026-09-05T05:51:51.0447934Z         "argv": [
2026-09-05T05:51:51.0448246Z           "lake",
2026-09-05T05:51:51.0448548Z           "env",
2026-09-05T05:51:51.0448870Z           "lean",
2026-09-05T05:51:51.0449331Z           "work/audit_JP-DNC-CT-2026-MAIN-M1-Q01-S02-02II-V1.lean"
2026-09-05T05:51:51.0449877Z         ],
2026-09-05T05:51:51.0450175Z         "exit_code": 0,
2026-09-05T05:51:51.0450574Z         "run": "runs/20260905T055128-ec0aaa38/run.json"
2026-09-05T05:51:51.0451005Z       },
2026-09-05T05:51:51.0451300Z       "graphs": {
2026-09-05T05:51:51.0452369Z         "LemmaWeave.Problems.DNC2026M1.pair_solution": "work/LemmaWeave.Problems.DNC2026M1.pair_solution-graph.json"
2026-09-05T05:51:51.0453290Z       }
2026-09-05T05:51:51.0453573Z     },
2026-09-05T05:51:51.0453860Z     {
2026-09-05T05:51:51.0454240Z       "proof_variant_id": "JP-DNC-CT-2026-MAIN-M1-Q03-S02-01-V1",
2026-09-05T05:51:51.0454726Z       "build": {
2026-09-05T05:51:51.0455028Z         "argv": [
2026-09-05T05:51:51.0455341Z           "lake",
2026-09-05T05:51:51.0455706Z           "build",
2026-09-05T05:51:51.0456149Z           "LemmaWeave.Problems.DNC2026M1.ProofExtrema"
2026-09-05T05:51:51.0456673Z         ],
2026-09-05T05:51:51.0456984Z         "exit_code": 0,
2026-09-05T05:51:51.0457367Z         "run": "runs/20260905T055134-98a56d42/run.json"
2026-09-05T05:51:51.0458045Z       },
2026-09-05T05:51:51.0458321Z       "audit": {
2026-09-05T05:51:51.0458629Z         "argv": [
2026-09-05T05:51:51.0458950Z           "lake",
2026-09-05T05:51:51.0459412Z           "env",
2026-09-05T05:51:51.0459726Z           "lean",
2026-09-05T05:51:51.0460168Z           "work/audit_JP-DNC-CT-2026-MAIN-M1-Q03-S02-01-V1.lean"
2026-09-05T05:51:51.0460760Z         ],
2026-09-05T05:51:51.0461075Z         "exit_code": 0,
2026-09-05T05:51:51.0461490Z         "run": "runs/20260905T055136-2879572c/run.json"
2026-09-05T05:51:51.0462195Z       },
2026-09-05T05:51:51.0462515Z       "graphs": {
2026-09-05T05:51:51.0463476Z         "LemmaWeave.Problems.DNC2026M1.extrema_solution": "work/LemmaWeave.Problems.DNC2026M1.extrema_solution-graph.json"
2026-09-05T05:51:51.0464061Z       }
2026-09-05T05:51:51.0464238Z     }
2026-09-05T05:51:51.0464409Z   ],
2026-09-05T05:51:51.0464618Z   "does_not_promote_ledger": true
2026-09-05T05:51:51.0464864Z }
2026-09-05T05:51:51.0496332Z ##[group]Run python3 scripts/run.py --timeout 300 -- lake env lean tests/lean/Smoke.lean
2026-09-05T05:51:51.0496987Z [36;1mpython3 scripts/run.py --timeout 300 -- lake env lean tests/lean/Smoke.lean[0m
2026-09-05T05:51:51.0533136Z shell: /usr/bin/bash -e {0}
2026-09-05T05:51:51.0533399Z ##[endgroup]
2026-09-05T05:51:52.7975347Z {"run": "runs/20260905T055151-d55c274f/run.json", "exit_code": 0}
2026-09-05T05:51:52.8072567Z ##[group]Run python3 scripts/run.py --timeout 300 -- lake build LemmaWeave.Audit.Fixtures.Shared
2026-09-05T05:51:52.8073309Z [36;1mpython3 scripts/run.py --timeout 300 -- lake build LemmaWeave.Audit.Fixtures.Shared[0m
2026-09-05T05:51:52.8073952Z [36;1mpython3 scripts/run.py --timeout 300 -- lake env lean tests/lean/DependencyFixtures.lean[0m
2026-09-05T05:51:52.8074524Z [36;1mpython3 scripts/run.py -- python3 scripts/check_extractor.py[0m
2026-09-05T05:51:52.8109946Z shell: /usr/bin/bash -e {0}
2026-09-05T05:51:52.8110198Z ##[endgroup]
2026-09-05T05:51:54.6523794Z {"run": "runs/20260905T055152-438e41b5/run.json", "exit_code": 0}
2026-09-05T05:51:57.5991101Z {"run": "runs/20260905T055154-0d3b4c7e/run.json", "exit_code": 0}
2026-09-05T05:51:58.0368925Z {"run": "runs/20260905T055157-f5046cc9/run.json", "exit_code": 0}
2026-09-05T05:51:58.0474331Z ##[group]Run python3 scripts/run.py -- python3 -m unittest discover -s tests -v
2026-09-05T05:51:58.0475370Z [36;1mpython3 scripts/run.py -- python3 -m unittest discover -s tests -v[0m
2026-09-05T05:51:58.0511690Z shell: /usr/bin/bash -e {0}
2026-09-05T05:51:58.0512230Z ##[endgroup]
2026-09-05T05:51:58.4933278Z {"run": "runs/20260905T055158-fe8a7066/run.json", "exit_code": 0}
2026-09-05T05:51:58.5028288Z ##[group]Run python3 scripts/run.py -- python3 scripts/lw.py validate
2026-09-05T05:51:58.5028809Z [36;1mpython3 scripts/run.py -- python3 scripts/lw.py validate[0m
2026-09-05T05:51:58.5064703Z shell: /usr/bin/bash -e {0}
2026-09-05T05:51:58.5064961Z ##[endgroup]
2026-09-05T05:51:58.8961697Z {"run": "runs/20260905T055158-76fee2d6/run.json", "exit_code": 0}
2026-09-05T05:51:58.9057594Z ##[group]Run python3 - <<'PY'
2026-09-05T05:51:58.9057908Z [36;1mpython3 - <<'PY'[0m
2026-09-05T05:51:58.9058156Z [36;1mfrom pathlib import Path[0m
2026-09-05T05:51:58.9058422Z [36;1mimport json, os[0m
2026-09-05T05:51:58.9058727Z [36;1mfor record in sorted(Path('runs').glob('*/run.json')):[0m
2026-09-05T05:51:58.9059114Z [36;1m    data = json.loads(record.read_text())[0m
2026-09-05T05:51:58.9059550Z [36;1m    if data['environment'].get('github_run_id') == os.environ['GITHUB_RUN_ID']:[0m
2026-09-05T05:51:58.9060003Z [36;1m        for key in ['stdout_log', 'stderr_log']:[0m
2026-09-05T05:51:58.9060330Z [36;1m            p = Path(data[key])[0m
2026-09-05T05:51:58.9060603Z [36;1m            print(str(p))[0m
2026-09-05T05:51:58.9060888Z [36;1m            print(p.read_text(errors='replace'))[0m
2026-09-05T05:51:58.9061173Z [36;1mPY[0m
2026-09-05T05:51:58.9096214Z shell: /usr/bin/bash -e {0}
2026-09-05T05:51:58.9096466Z ##[endgroup]
2026-09-05T05:51:58.9409646Z runs/20260905T054906-49fba64f/stdout.log
2026-09-05T05:51:58.9411112Z Lean (version 4.33.1, x86_64-unknown-linux-gnu, commit 819816b2e0a3bf405af45ae5c7af2491d8f5bee6, Release)
2026-09-05T05:51:58.9412210Z 
2026-09-05T05:51:58.9412433Z runs/20260905T054906-49fba64f/stderr.log
2026-09-05T05:51:58.9413264Z info: Version 4.2.4 of elan is available! Use `elan self update` to update.
2026-09-05T05:51:58.9414478Z info: downloading https://releases.lean-lang.org/lean4/v4.33.1/lean-4.33.1-linux.tar.zst
2026-09-05T05:51:58.9415459Z info: installing /home/runner/.elan/toolchains/leanprover--lean4---v4.33.1
2026-09-05T05:51:58.9415949Z 
2026-09-05T05:51:58.9416081Z runs/20260905T054917-e27c3a61/stdout.log
2026-09-05T05:51:58.9416475Z Lake version 5.0.0-src+819816b (Lean version 4.33.1)
2026-09-05T05:51:58.9416746Z 
2026-09-05T05:51:58.9416862Z runs/20260905T054917-e27c3a61/stderr.log
2026-09-05T05:51:58.9417078Z 
2026-09-05T05:51:58.9417194Z runs/20260905T054917-fe24b3fc/stdout.log
2026-09-05T05:51:58.9417525Z Current branch: HEAD
2026-09-05T05:51:58.9417893Z Using cache from origin: (some leanprover-community/mathlib4)
2026-09-05T05:51:58.9418880Z Attempting to download 2991 file(s) from leanprover-community/mathlib4 cache at https://lakecache.blob.core.windows.net/mathlib4-master
2026-09-05T05:51:58.9420178Z Decompressed 2991 file(s)
2026-09-05T05:51:58.9420599Z Already decompressed 2991 file(s)
2026-09-05T05:51:58.9420895Z 
2026-09-05T05:51:58.9421073Z runs/20260905T054917-fe24b3fc/stderr.log
2026-09-05T05:51:58.9421747Z info: mathlib: cloning https://github.com/leanprover-community/mathlib4.git
2026-09-05T05:51:58.9422838Z info: mathlib: checking out revision '0df444a360eaa60ab8c11dca51a86af692955474'
2026-09-05T05:51:58.9423775Z info: plausible: cloning https://github.com/leanprover-community/plausible
2026-09-05T05:51:58.9424685Z info: plausible: checking out revision 'b7eb3304aeae834b12dda98993a37f6a41f6f0bb'
2026-09-05T05:51:58.9425702Z info: LeanSearchClient: cloning https://github.com/leanprover-community/LeanSearchClient
2026-09-05T05:51:58.9426420Z info: LeanSearchClient: checking out revision '5f4d51b81cbd3f6b32b156bfad9056621a040404'
2026-09-05T05:51:58.9427062Z info: importGraph: cloning https://github.com/leanprover-community/import-graph
2026-09-05T05:51:58.9427677Z info: importGraph: checking out revision '16f02aa7642864af59f1ff0e384a015994db9118'
2026-09-05T05:51:58.9428300Z info: proofwidgets: cloning https://github.com/leanprover-community/ProofWidgets4
2026-09-05T05:51:58.9428929Z info: proofwidgets: checking out revision '4be2e3d5087eeb272cf5a8853b8f9dd025ef5957'
2026-09-05T05:51:58.9429512Z info: aesop: cloning https://github.com/leanprover-community/aesop
2026-09-05T05:51:58.9430044Z info: aesop: checking out revision '3448c0bcc5ce01b2d1546e483ec3620e32df3d0e'
2026-09-05T05:51:58.9430522Z info: Qq: cloning https://github.com/leanprover-community/quote4
2026-09-05T05:51:58.9430975Z info: Qq: checking out revision '92c15be17b7caf78c2ad767ec40f89052d908d81'
2026-09-05T05:51:58.9431659Z info: batteries: cloning https://github.com/leanprover-community/batteries
2026-09-05T05:51:58.9432367Z info: batteries: checking out revision '4488d40d070b9700d4d5a6aa342f0d40c31b2a2d'
2026-09-05T05:51:58.9432844Z info: Cli: cloning https://github.com/leanprover/lean4-cli
2026-09-05T05:51:58.9433273Z info: Cli: checking out revision '6130a47896ce867c6a4a55373441e59e565bad0f'
2026-09-05T05:51:58.9433859Z ✔ [2/26] Built Cache.Cli (327ms)
2026-09-05T05:51:58.9434154Z ✔ [5/26] Built Cache.Lean (511ms)
2026-09-05T05:51:58.9434449Z ✔ [6/26] Built Cache.Cli:c.o (237ms)
2026-09-05T05:51:58.9434751Z ✔ [7/26] Built Cache.Lean:c.o (241ms)
2026-09-05T05:51:58.9435045Z ✔ [8/26] Built Cache.Infra (578ms)
2026-09-05T05:51:58.9435334Z ✔ [9/26] Built Cache.Infra:c.o (232ms)
2026-09-05T05:51:58.9435680Z ✔ [10/26] Built Batteries.Tactic.OpenPrivate (1.0s)
2026-09-05T05:51:58.9436126Z ✔ [11/26] Built Batteries.Tactic.OpenPrivate:c.o (1.3s)
2026-09-05T05:51:58.9436476Z ✔ [12/26] Built Cache.IO (1.5s)
2026-09-05T05:51:58.9436771Z ✔ [13/26] Built Cache.Hashing (803ms)
2026-09-05T05:51:58.9437235Z ✔ [14/26] Built Cache.Hashing:c.o (713ms)
2026-09-05T05:51:58.9437540Z ✔ [15/26] Built Cache.IO:c.o (2.0s)
2026-09-05T05:51:58.9437828Z ✔ [16/26] Built Cache.Requests (1.0s)
2026-09-05T05:51:58.9438120Z ✔ [17/26] Built Cache.Marker (555ms)
2026-09-05T05:51:58.9438415Z ✔ [18/26] Built Cache.Marker:c.o (190ms)
2026-09-05T05:51:58.9438711Z ✔ [19/26] Built Cache.Query (764ms)
2026-09-05T05:51:58.9438998Z ✔ [20/26] Built Cache.Query:c.o (334ms)
2026-09-05T05:51:58.9439304Z ✔ [21/26] Built Cache.Warning (800ms)
2026-09-05T05:51:58.9439599Z ✔ [22/26] Built Cache.Warning:c.o (428ms)
2026-09-05T05:51:58.9439907Z ✔ [23/26] Built Cache.Requests:c.o (3.2s)
2026-09-05T05:51:58.9440205Z ✔ [24/26] Built Cache.Main (1.3s)
2026-09-05T05:51:58.9440494Z ✔ [25/26] Built Cache.Main:c.o (968ms)
2026-09-05T05:51:58.9440787Z ✔ [26/26] Built cache:exe (703ms)
2026-09-05T05:51:58.9440945Z 
2026-09-05T05:51:58.9441136Z Downloaded: 1 file(s) [attempted 1/2991 = 0%, 102 KB/s], Decompressed: 0
2026-09-05T05:51:58.9441619Z Downloaded: 117 file(s) [attempted 117/2991 = 3%, 708 KB/s], Decompressed: 1
2026-09-05T05:51:58.9442231Z Downloaded: 275 file(s) [attempted 275/2991 = 9%, 572 KB/s], Decompressed: 28
2026-09-05T05:51:58.9442712Z Downloaded: 409 file(s) [attempted 409/2991 = 13%, 1305 KB/s], Decompressed: 28
2026-09-05T05:51:58.9443186Z Downloaded: 511 file(s) [attempted 511/2991 = 17%, 5135 KB/s], Decompressed: 28
2026-09-05T05:51:58.9443651Z Downloaded: 656 file(s) [attempted 656/2991 = 21%, 4659 KB/s], Decompressed: 28
2026-09-05T05:51:58.9444119Z Downloaded: 799 file(s) [attempted 799/2991 = 26%, 1188 KB/s], Decompressed: 28
2026-09-05T05:51:58.9444589Z Downloaded: 895 file(s) [attempted 895/2991 = 29%, 194 KB/s], Decompressed: 28
2026-09-05T05:51:58.9445070Z Downloaded: 1029 file(s) [attempted 1029/2991 = 34%, 1575 KB/s], Decompressed: 28
2026-09-05T05:51:58.9445568Z Downloaded: 1152 file(s) [attempted 1152/2991 = 38%, 1192 KB/s], Decompressed: 188
2026-09-05T05:51:58.9446064Z Downloaded: 1304 file(s) [attempted 1304/2991 = 43%, 195 KB/s], Decompressed: 188
2026-09-05T05:51:58.9446557Z Downloaded: 1453 file(s) [attempted 1453/2991 = 48%, 9628 KB/s], Decompressed: 188
2026-09-05T05:51:58.9447046Z Downloaded: 1607 file(s) [attempted 1607/2991 = 53%, 652 KB/s], Decompressed: 188
2026-09-05T05:51:58.9447529Z Downloaded: 1756 file(s) [attempted 1756/2991 = 58%, 524 KB/s], Decompressed: 188
2026-09-05T05:51:58.9448017Z Downloaded: 1912 file(s) [attempted 1912/2991 = 63%, 5228 KB/s], Decompressed: 188
2026-09-05T05:51:58.9448503Z Downloaded: 2045 file(s) [attempted 2045/2991 = 68%, 864 KB/s], Decompressed: 188
2026-09-05T05:51:58.9448986Z Downloaded: 2170 file(s) [attempted 2170/2991 = 72%, 1766 KB/s], Decompressed: 188
2026-09-05T05:51:58.9449473Z Downloaded: 2322 file(s) [attempted 2322/2991 = 77%, 793 KB/s], Decompressed: 188
2026-09-05T05:51:58.9449958Z Downloaded: 2438 file(s) [attempted 2438/2991 = 81%, 1191 KB/s], Decompressed: 188
2026-09-05T05:51:58.9450587Z Downloaded: 2590 file(s) [attempted 2590/2991 = 86%, 1314 KB/s], Decompressed: 188
2026-09-05T05:51:58.9451094Z Downloaded: 2741 file(s) [attempted 2741/2991 = 91%, 11754 KB/s], Decompressed: 188
2026-09-05T05:51:58.9451591Z Downloaded: 2890 file(s) [attempted 2890/2991 = 96%, 775 KB/s], Decompressed: 188
2026-09-05T05:51:58.9452193Z Downloaded: 2990 file(s) [attempted 2990/2991 = 99%, 3407 KB/s], Decompressed: 188
2026-09-05T05:51:58.9452689Z Downloaded: 2991 file(s) [attempted 2991/2991 = 100%, 3407 KB/s], Decompressed: 188
2026-09-05T05:51:58.9452990Z 
2026-09-05T05:51:58.9453091Z runs/20260905T055031-0330e6f8/stdout.log
2026-09-05T05:51:58.9453464Z ✔ [3006/3020] Built LemmaWeave.Audit.Extract (2.1s)
2026-09-05T05:51:58.9453849Z ✔ [3008/3020] Built LemmaWeave.AllVerified (519ms)
2026-09-05T05:51:58.9454255Z ✔ [3009/3020] Built LemmaWeave.Lemmas.CommonDivisor (1.8s)
2026-09-05T05:51:58.9454651Z ✔ [3010/3020] Built Mathlib.Order.Grade (2.1s)
2026-09-05T05:51:58.9455020Z ✔ [3011/3020] Built Mathlib.Data.Finset.Grade (1.2s)
2026-09-05T05:51:58.9455562Z ✔ [3012/3020] Built Mathlib.Data.Finset.Interval (1.4s)
2026-09-05T05:51:58.9456282Z ⚠ [3013/3020] Built LemmaWeave.Problems.DNC2026M1.Model (1.3s)
2026-09-05T05:51:58.9457462Z warning: LemmaWeave/Problems/DNC2026M1/Model.lean:1:0: 'Mathlib.Data.Real.Sqrt' has been deprecated: please replace this import by
2026-09-05T05:51:58.9458394Z 
2026-09-05T05:51:58.9458587Z import Mathlib.Analysis.Real.Sqrt
2026-09-05T05:51:58.9459590Z ✔ [3014/3020] Built LemmaWeave.Problems.DNC2026M1.Goals (1.2s)
2026-09-05T05:51:58.9460163Z ✔ [3015/3020] Built LemmaWeave.Problems.DNC2026M1.ProofExtrema (1.6s)
2026-09-05T05:51:58.9460730Z ✔ [3016/3020] Built LemmaWeave.Problems.DNC2026M1.ProofInequalities (1.0s)
2026-09-05T05:51:58.9461270Z ✔ [3017/3020] Built LemmaWeave.Problems.DNC2026M1.ProofSets (3.2s)
2026-09-05T05:51:58.9461711Z ✔ [3018/3020] Built LemmaWeave.AllTargets (1.7s)
2026-09-05T05:51:58.9462316Z ✔ [3019/3020] Built LemmaWeave (2.1s)
2026-09-05T05:51:58.9462600Z Build completed successfully (3020 jobs).
2026-09-05T05:51:58.9462820Z 
2026-09-05T05:51:58.9462927Z runs/20260905T055031-0330e6f8/stderr.log
2026-09-05T05:51:58.9463104Z 
2026-09-05T05:51:58.9463198Z runs/20260905T055031-937d7613/stdout.log
2026-09-05T05:51:58.9463538Z All nine dependency commits and toolchain file match their pins.
2026-09-05T05:51:58.9463814Z 
2026-09-05T05:51:58.9463905Z runs/20260905T055031-937d7613/stderr.log
2026-09-05T05:51:58.9464087Z 
2026-09-05T05:51:58.9464177Z runs/20260905T055047-27091cbd/stdout.log
2026-09-05T05:51:58.9464459Z Build completed successfully (2 jobs).
2026-09-05T05:51:58.9464639Z 
2026-09-05T05:51:58.9464732Z runs/20260905T055047-27091cbd/stderr.log
2026-09-05T05:51:58.9464900Z 
2026-09-05T05:51:58.9464995Z runs/20260905T055048-fdf47a8f/stdout.log
2026-09-05T05:51:58.9465377Z ⚠ [1506/1508] Replayed LemmaWeave.Problems.DNC2026M1.Model
2026-09-05T05:51:58.9466029Z warning: LemmaWeave/Problems/DNC2026M1/Model.lean:1:0: 'Mathlib.Data.Real.Sqrt' has been deprecated: please replace this import by
2026-09-05T05:51:58.9466543Z 
2026-09-05T05:51:58.9466653Z import Mathlib.Analysis.Real.Sqrt
2026-09-05T05:51:58.9466938Z Build completed successfully (1508 jobs).
2026-09-05T05:51:58.9467134Z 
2026-09-05T05:51:58.9467229Z runs/20260905T055048-fdf47a8f/stderr.log
2026-09-05T05:51:58.9467410Z 
2026-09-05T05:51:58.9467503Z runs/20260905T055049-85c92f83/stdout.log
2026-09-05T05:51:58.9468040Z 'LemmaWeave.Problems.DNC2026M1.inequalities_solution' depends on axioms: [propext, Classical.choice, Quot.sound]
2026-09-05T05:51:58.9468507Z 
2026-09-05T05:51:58.9468603Z runs/20260905T055049-85c92f83/stderr.log
2026-09-05T05:51:58.9468879Z 
2026-09-05T05:51:58.9468976Z runs/20260905T055112-d2085cfb/stdout.log
2026-09-05T05:51:58.9469357Z ⚠ [1505/1732] Replayed LemmaWeave.Problems.DNC2026M1.Model
2026-09-05T05:51:58.9470015Z warning: LemmaWeave/Problems/DNC2026M1/Model.lean:1:0: 'Mathlib.Data.Real.Sqrt' has been deprecated: please replace this import by
2026-09-05T05:51:58.9470503Z 
2026-09-05T05:51:58.9470609Z import Mathlib.Analysis.Real.Sqrt
2026-09-05T05:51:58.9471060Z Build completed successfully (3013 jobs).
2026-09-05T05:51:58.9471265Z 
2026-09-05T05:51:58.9471358Z runs/20260905T055112-d2085cfb/stderr.log
2026-09-05T05:51:58.9471535Z 
2026-09-05T05:51:58.9471624Z runs/20260905T055114-f8c99d82/stdout.log
2026-09-05T05:51:58.9472389Z 'LemmaWeave.Problems.DNC2026M1.sets_solution' depends on axioms: [propext, Classical.choice, Quot.sound]
2026-09-05T05:51:58.9472841Z 
2026-09-05T05:51:58.9472941Z runs/20260905T055114-f8c99d82/stderr.log
2026-09-05T05:51:58.9473119Z 
2026-09-05T05:51:58.9473214Z runs/20260905T055121-9e5e3620/stdout.log
2026-09-05T05:51:58.9473742Z 'LemmaWeave.Problems.DNC2026M1.parameter_solution' depends on axioms: [propext, Classical.choice, Quot.sound]
2026-09-05T05:51:58.9474194Z 
2026-09-05T05:51:58.9474285Z runs/20260905T055121-9e5e3620/stderr.log
2026-09-05T05:51:58.9474466Z 
2026-09-05T05:51:58.9474556Z runs/20260905T055128-ec0aaa38/stdout.log
2026-09-05T05:51:58.9475051Z 'LemmaWeave.Problems.DNC2026M1.pair_solution' depends on axioms: [propext, Classical.choice, Quot.sound]
2026-09-05T05:51:58.9475609Z 
2026-09-05T05:51:58.9475703Z runs/20260905T055128-ec0aaa38/stderr.log
2026-09-05T05:51:58.9475880Z 
2026-09-05T05:51:58.9475972Z runs/20260905T055134-98a56d42/stdout.log
2026-09-05T05:51:58.9476371Z ⚠ [1506/1508] Replayed LemmaWeave.Problems.DNC2026M1.Model
2026-09-05T05:51:58.9477032Z warning: LemmaWeave/Problems/DNC2026M1/Model.lean:1:0: 'Mathlib.Data.Real.Sqrt' has been deprecated: please replace this import by
2026-09-05T05:51:58.9477521Z 
2026-09-05T05:51:58.9477628Z import Mathlib.Analysis.Real.Sqrt
2026-09-05T05:51:58.9477902Z Build completed successfully (1508 jobs).
2026-09-05T05:51:58.9478150Z 
2026-09-05T05:51:58.9478246Z runs/20260905T055134-98a56d42/stderr.log
2026-09-05T05:51:58.9478420Z 
2026-09-05T05:51:58.9478512Z runs/20260905T055136-2879572c/stdout.log
2026-09-05T05:51:58.9479020Z 'LemmaWeave.Problems.DNC2026M1.extrema_solution' depends on axioms: [propext, Classical.choice, Quot.sound]
2026-09-05T05:51:58.9479472Z 
2026-09-05T05:51:58.9479564Z runs/20260905T055136-2879572c/stderr.log
2026-09-05T05:51:58.9479742Z 
2026-09-05T05:51:58.9479830Z runs/20260905T055151-d55c274f/stdout.log
2026-09-05T05:51:58.9480178Z 'LemmaWeave.Tests.identityGoal' does not depend on any axioms
2026-09-05T05:51:58.9480451Z 
2026-09-05T05:51:58.9480546Z runs/20260905T055151-d55c274f/stderr.log
2026-09-05T05:51:58.9480718Z 
2026-09-05T05:51:58.9480810Z runs/20260905T055152-438e41b5/stdout.log
2026-09-05T05:51:58.9481184Z ✔ [123/123] Built LemmaWeave.Audit.Fixtures.Shared (600ms)
2026-09-05T05:51:58.9481529Z Build completed successfully (123 jobs).
2026-09-05T05:51:58.9481714Z 
2026-09-05T05:51:58.9481801Z runs/20260905T055152-438e41b5/stderr.log
2026-09-05T05:51:58.9482199Z 
2026-09-05T05:51:58.9482299Z runs/20260905T055154-0d3b4c7e/stdout.log
2026-09-05T05:51:58.9482686Z tests/lean/DependencyFixtures.lean:22:8: warning: declaration uses `sorry`
2026-09-05T05:51:58.9483157Z 'LemmaWeave.Tests.wrapper' does not depend on any axioms
2026-09-05T05:51:58.9483620Z 'LemmaWeave.Tests.hiddenForbidden' depends on axioms: [forbiddenFixture]
2026-09-05T05:51:58.9483930Z 
2026-09-05T05:51:58.9484026Z runs/20260905T055154-0d3b4c7e/stderr.log
2026-09-05T05:51:58.9484201Z 
2026-09-05T05:51:58.9484297Z runs/20260905T055157-f5046cc9/stdout.log
2026-09-05T05:51:58.9484541Z {
2026-09-05T05:51:58.9484719Z   "validated_cases": [
2026-09-05T05:51:58.9484923Z     {
2026-09-05T05:51:58.9485113Z       "fixture": "wrapper",
2026-09-05T05:51:58.9485351Z       "nodes": 34,
2026-09-05T05:51:58.9485548Z       "edges": 137,
2026-09-05T05:51:58.9485766Z       "observed_audit": "passed",
2026-09-05T05:51:58.9486028Z       "expectation_passed": true
2026-09-05T05:51:58.9486263Z     },
2026-09-05T05:51:58.9486432Z     {
2026-09-05T05:51:58.9486615Z       "fixture": "type-only",
2026-09-05T05:51:58.9486844Z       "nodes": 8,
2026-09-05T05:51:58.9487042Z       "edges": 15,
2026-09-05T05:51:58.9487255Z       "observed_audit": "passed",
2026-09-05T05:51:58.9487648Z       "expectation_passed": true
2026-09-05T05:51:58.9487892Z     },
2026-09-05T05:51:58.9488058Z     {
2026-09-05T05:51:58.9488233Z       "fixture": "class",
2026-09-05T05:51:58.9488449Z       "nodes": 381,
2026-09-05T05:51:58.9488644Z       "edges": 2829,
2026-09-05T05:51:58.9488853Z       "observed_audit": "passed",
2026-09-05T05:51:58.9489096Z       "expectation_passed": true
2026-09-05T05:51:58.9489324Z     },
2026-09-05T05:51:58.9489494Z     {
2026-09-05T05:51:58.9489671Z       "fixture": "simp",
2026-09-05T05:51:58.9489880Z       "nodes": 43,
2026-09-05T05:51:58.9490070Z       "edges": 151,
2026-09-05T05:51:58.9490274Z       "observed_audit": "passed",
2026-09-05T05:51:58.9490518Z       "expectation_passed": true
2026-09-05T05:51:58.9490745Z     },
2026-09-05T05:51:58.9490915Z     {
2026-09-05T05:51:58.9491094Z       "fixture": "forbidden",
2026-09-05T05:51:58.9491316Z       "nodes": 3,
2026-09-05T05:51:58.9491504Z       "edges": 3,
2026-09-05T05:51:58.9491701Z       "observed_audit": "failed",
2026-09-05T05:51:58.9492293Z       "expectation_passed": true
2026-09-05T05:51:58.9492531Z     },
2026-09-05T05:51:58.9492704Z     {
2026-09-05T05:51:58.9492883Z       "fixture": "shared",
2026-09-05T05:51:58.9493128Z       "nodes": 34,
2026-09-05T05:51:58.9493322Z       "edges": 137,
2026-09-05T05:51:58.9493528Z       "observed_audit": "passed",
2026-09-05T05:51:58.9493782Z       "expectation_passed": true
2026-09-05T05:51:58.9494011Z     },
2026-09-05T05:51:58.9494176Z     {
2026-09-05T05:51:58.9494350Z       "fixture": "mutual",
2026-09-05T05:51:58.9494563Z       "nodes": 29,
2026-09-05T05:51:58.9494751Z       "edges": 135,
2026-09-05T05:51:58.9494950Z       "observed_audit": "passed",
2026-09-05T05:51:58.9495196Z       "expectation_passed": true
2026-09-05T05:51:58.9495424Z     },
2026-09-05T05:51:58.9495588Z     {
2026-09-05T05:51:58.9495763Z       "fixture": "hole",
2026-09-05T05:51:58.9495972Z       "nodes": 324,
2026-09-05T05:51:58.9496168Z       "edges": 2598,
2026-09-05T05:51:58.9496379Z       "observed_audit": "failed",
2026-09-05T05:51:58.9496626Z       "expectation_passed": true
2026-09-05T05:51:58.9496849Z     },
2026-09-05T05:51:58.9497014Z     {
2026-09-05T05:51:58.9497187Z       "fixture": "cutoff",
2026-09-05T05:51:58.9497395Z       "nodes": 1,
2026-09-05T05:51:58.9497581Z       "edges": 9,
2026-09-05T05:51:58.9497782Z       "observed_audit": "partial",
2026-09-05T05:51:58.9498036Z       "expectation_passed": true
2026-09-05T05:51:58.9498262Z     }
2026-09-05T05:51:58.9498426Z   ],
2026-09-05T05:51:58.9498616Z   "suite_status": "partial",
2026-09-05T05:51:58.9498862Z   "remaining_real_lean_fixtures": [
2026-09-05T05:51:58.9499549Z     "naturally erased or unavailable imported proof body (explicitHole exercises same branch with a deliberate sorry, not an unavailable-import reproduction)"
2026-09-05T05:51:58.9500216Z   ],
2026-09-05T05:51:58.9500397Z   "not_exam_proofs": true
2026-09-05T05:51:58.9500612Z }
2026-09-05T05:51:58.9500708Z 
2026-09-05T05:51:58.9500803Z runs/20260905T055157-f5046cc9/stderr.log
2026-09-05T05:51:58.9500998Z 
2026-09-05T05:51:58.9501092Z runs/20260905T055158-76fee2d6/stdout.log
2026-09-05T05:51:58.9501463Z Ledger structure and claimed-state guards passed; no Lean proof inferred.
2026-09-05T05:51:58.9501775Z 
2026-09-05T05:51:58.9501871Z runs/20260905T055158-76fee2d6/stderr.log
2026-09-05T05:51:58.9502247Z 
2026-09-05T05:51:58.9502349Z runs/20260905T055158-fe8a7066/stdout.log
2026-09-05T05:51:58.9502528Z 
2026-09-05T05:51:58.9502623Z runs/20260905T055158-fe8a7066/stderr.log
2026-09-05T05:51:58.9503067Z test_allowed_axiom_is_reported (test_guards.GraphGuards.test_allowed_axiom_is_reported) ... ok
2026-09-05T05:51:58.9503796Z test_allowlist_does_not_allow_unknown_axiom (test_guards.GraphGuards.test_allowlist_does_not_allow_unknown_axiom) ... ok
2026-09-05T05:51:58.9504718Z test_alternative_learning_variants_do_not_form_false_cycle (test_guards.GraphGuards.test_alternative_learning_variants_do_not_form_false_cycle) ... ok
2026-09-05T05:51:58.9505770Z test_cas_command_cannot_substitute_for_lake (test_guards.GraphGuards.test_cas_command_cannot_substitute_for_lake) ... ok
2026-09-05T05:51:58.9506500Z test_erased_body_is_partial (test_guards.GraphGuards.test_erased_body_is_partial) ... ok
2026-09-05T05:51:58.9507094Z test_formal_cycle_terminates (test_guards.GraphGuards.test_formal_cycle_terminates) ... ok
2026-09-05T05:51:58.9507679Z test_hidden_custom_axiom (test_guards.GraphGuards.test_hidden_custom_axiom) ... ok
2026-09-05T05:51:58.9508206Z test_hidden_sorry (test_guards.GraphGuards.test_hidden_sorry) ... ok
2026-09-05T05:51:58.9508699Z test_limit_is_partial (test_guards.GraphGuards.test_limit_is_partial) ... ok
2026-09-05T05:51:58.9509300Z test_missing_reference_is_partial (test_guards.GraphGuards.test_missing_reference_is_partial) ... ok
2026-09-05T05:51:58.9509905Z test_no_empty_freeze (test_guards.GraphGuards.test_no_empty_freeze) ... ok
2026-09-05T05:51:58.9510441Z test_stale_run_is_rejected (test_guards.GraphGuards.test_stale_run_is_rejected) ... ok
2026-09-05T05:51:58.9511212Z test_unrelated_learning_edges_do_not_constrain_order (test_guards.GraphGuards.test_unrelated_learning_edges_do_not_constrain_order) ... ok
2026-09-05T05:51:58.9512177Z 
2026-09-05T05:51:58.9512354Z ----------------------------------------------------------------------
2026-09-05T05:51:58.9512699Z Ran 13 tests in 0.002s
2026-09-05T05:51:58.9512838Z 
2026-09-05T05:51:58.9512910Z OK
2026-09-05T05:51:58.9513009Z 
2026-09-05T05:51:58.9587485Z Node 20 is being deprecated. This workflow is running with Node 24 by default. If you need to temporarily use Node 20, you can set the ACTIONS_ALLOW_USE_UNSECURE_NODE_VERSION=true environment variable. For more information see: https://github.blog/changelog/2025-09-19-deprecation-of-node-20-on-github-actions-runners/
2026-09-05T05:51:58.9589510Z ##[group]Run actions/upload-artifact@ea165f8d65b6e75b540449e92b4886f43607fa02
2026-09-05T05:51:58.9589903Z with:
2026-09-05T05:51:58.9590172Z   name: lean-evidence-9d427137107b16cf0f1ab016a115e5655d3344b4
2026-09-05T05:51:58.9590779Z   path: runs/
work/*-graph.json
work/audit_*.lean
reports/target-run-results.json
reports/extractor-fixtures.json

2026-09-05T05:51:58.9591321Z   retention-days: 14
2026-09-05T05:51:58.9591534Z   if-no-files-found: warn
2026-09-05T05:51:58.9591762Z   compression-level: 6
2026-09-05T05:51:58.9592254Z   overwrite: false
2026-09-05T05:51:58.9592485Z   include-hidden-files: false
2026-09-05T05:51:58.9592825Z ##[endgroup]
2026-09-05T05:51:59.1405569Z (node:3836) [DEP0040] DeprecationWarning: The `punycode` module is deprecated. Please use a userland alternative instead.
2026-09-05T05:51:59.1406335Z (Use `node --trace-deprecation ...` to show where the warning was created)
2026-09-05T05:51:59.1851029Z Multiple search paths detected. Calculating the least common ancestor of all paths
2026-09-05T05:51:59.1854912Z The least common ancestor is /home/runner/work/LemmaWeave/LemmaWeave. This will be the root directory of the artifact
2026-09-05T05:51:59.1856196Z With the provided path, there will be 106 files uploaded
2026-09-05T05:51:59.1858538Z Artifact name is valid!
2026-09-05T05:51:59.1860057Z Root directory input is valid!
2026-09-05T05:51:59.5244218Z Beginning upload of artifact content to blob storage
2026-09-05T05:52:01.2778112Z (node:3836) [DEP0169] DeprecationWarning: `url.parse()` behavior is not standardized and prone to errors that have security implications. Use the WHATWG URL API instead. CVEs are not issued for `url.parse()` vulnerabilities.
2026-09-05T05:52:02.0287018Z Uploaded bytes 8388608
2026-09-05T05:52:02.1569741Z Uploaded bytes 10428596
2026-09-05T05:52:02.2207396Z Finished uploading artifact content to blob storage!
2026-09-05T05:52:02.2212165Z SHA256 digest of uploaded artifact zip is 6b28ac79015ad51d81e82ad577ec11098a2905c1dcbe1f05f7fbc477dd0730a1
2026-09-05T05:52:02.2213346Z Finalizing artifact upload
2026-09-05T05:52:02.4323348Z Artifact lean-evidence-9d427137107b16cf0f1ab016a115e5655d3344b4.zip successfully finalized. Artifact ID 9964010406
2026-09-05T05:52:02.4325098Z Artifact lean-evidence-9d427137107b16cf0f1ab016a115e5655d3344b4 has been successfully uploaded! Final size is 10428596 bytes. Artifact ID is 9964010406
2026-09-05T05:52:02.4332526Z Artifact download URL: https://github.com/tsuji-tomonori/LemmaWeave/actions/runs/33948148236/artifacts/9964010406
2026-09-05T05:52:02.4596766Z Node 20 is being deprecated. This workflow is running with Node 24 by default. If you need to temporarily use Node 20, you can set the ACTIONS_ALLOW_USE_UNSECURE_NODE_VERSION=true environment variable. For more information see: https://github.blog/changelog/2025-09-19-deprecation-of-node-20-on-github-actions-runners/
2026-09-05T05:52:02.4598035Z Post job cleanup.
2026-09-05T05:52:02.5542632Z [command]/usr/bin/git version
2026-09-05T05:52:02.5582544Z git version 2.55.0
2026-09-05T05:52:02.5643180Z Temporarily overriding HOME='/home/runner/work/_temp/6d19d49a-f151-4380-8d6b-980065c08405' before making global git config changes
2026-09-05T05:52:02.5675603Z Adding repository directory to the temporary git global config as a safe directory
2026-09-05T05:52:02.5692928Z [command]/usr/bin/git config --global --add safe.directory /home/runner/work/LemmaWeave/LemmaWeave
2026-09-05T05:52:02.5752999Z [command]/usr/bin/git config --local --name-only --get-regexp core\.sshCommand
2026-09-05T05:52:02.5780888Z [command]/usr/bin/git submodule foreach --recursive sh -c "git config --local --name-only --get-regexp 'core\.sshCommand' && git config --local --unset-all 'core.sshCommand' || :"
2026-09-05T05:52:02.5954688Z [command]/usr/bin/git config --local --name-only --get-regexp http\.https\:\/\/github\.com\/\.extraheader
2026-09-05T05:52:02.5992726Z [command]/usr/bin/git submodule foreach --recursive sh -c "git config --local --name-only --get-regexp 'http\.https\:\/\/github\.com\/\.extraheader' && git config --local --unset-all 'http.https://github.com/.extraheader' || :"
2026-09-05T05:52:02.6416284Z Cleaning up orphan processes
2026-09-05T05:52:02.6744291Z ##[warning]Node.js 20 is deprecated. The following actions target Node.js 20 but are being forced to run on Node.js 24: actions/checkout@11bd71901bbe5b1630ceea73d27597364c9af683, actions/upload-artifact@ea165f8d65b6e75b540449e92b4886f43607fa02. For more information see: https://github.blog/changelog/2025-09-19-deprecation-of-node-20-on-github-actions-runners/

