info: mathlib: cloning https://github.com/leanprover-community/mathlib4.git
info: mathlib: checking out revision '0df444a360eaa60ab8c11dca51a86af692955474'
info: plausible: cloning https://github.com/leanprover-community/plausible
info: plausible: checking out revision 'b7eb3304aeae834b12dda98993a37f6a41f6f0bb'
info: LeanSearchClient: cloning https://github.com/leanprover-community/LeanSearchClient
info: LeanSearchClient: checking out revision '5f4d51b81cbd3f6b32b156bfad9056621a040404'
info: importGraph: cloning https://github.com/leanprover-community/import-graph
info: importGraph: checking out revision '16f02aa7642864af59f1ff0e384a015994db9118'
info: proofwidgets: cloning https://github.com/leanprover-community/ProofWidgets4
info: proofwidgets: checking out revision '4be2e3d5087eeb272cf5a8853b8f9dd025ef5957'
info: aesop: cloning https://github.com/leanprover-community/aesop
info: aesop: checking out revision '3448c0bcc5ce01b2d1546e483ec3620e32df3d0e'
info: Qq: cloning https://github.com/leanprover-community/quote4
info: Qq: checking out revision '92c15be17b7caf78c2ad767ec40f89052d908d81'
info: batteries: cloning https://github.com/leanprover-community/batteries
info: batteries: checking out revision '4488d40d070b9700d4d5a6aa342f0d40c31b2a2d'
info: Cli: cloning https://github.com/leanprover/lean4-cli
info: Cli: checking out revision '6130a47896ce867c6a4a55373441e59e565bad0f'
✔ [1/5] Built Cache.Cli (255ms)
✔ [2/5] Built Cache.Lean (308ms)
✔ [6/26] Built Cache.Cli:c.o (140ms)
✔ [7/26] Built Cache.Lean:c.o (160ms)
✔ [8/26] Built Cache.Infra (368ms)
✔ [9/26] Built Cache.Infra:c.o (169ms)
✔ [10/26] Built Batteries.Tactic.OpenPrivate (773ms)
✔ [11/26] Built Batteries.Tactic.OpenPrivate:c.o (1.1s)
✔ [12/26] Built Cache.IO (1.1s)
✔ [13/26] Built Cache.Hashing (627ms)
✔ [14/26] Built Cache.Hashing:c.o (516ms)
✔ [15/26] Built Cache.IO:c.o (1.5s)
✔ [16/26] Built Cache.Requests (1.6s)
✔ [17/26] Built Cache.Marker (448ms)
✔ [18/26] Built Cache.Marker:c.o (137ms)
✔ [19/26] Built Cache.Query (521ms)
✔ [20/26] Built Cache.Query:c.o (346ms)
✔ [21/26] Built Cache.Warning (535ms)
✔ [22/26] Built Cache.Warning:c.o (295ms)
✔ [23/26] Built Cache.Main (902ms)
✔ [24/26] Built Cache.Requests:c.o (2.6s)
✔ [25/26] Built Cache.Main:c.o (767ms)
✔ [26/26] Built cache:exe (599ms)
Downloaded: 1 file(s) [attempted 1/2991 = 0%, 129 KB/s], Decompressed: 0Downloaded: 294 file(s) [attempted 294/2991 = 9%, 14580 KB/s], Decompressed: 1Downloaded: 695 file(s) [attempted 695/2991 = 23%, 9664 KB/s], Decompressed: 36Downloaded: 1012 file(s) [attempted 1012/2991 = 33%, 3893 KB/s], Decompressed: 36Downloaded: 1336 file(s) [attempted 1336/2991 = 44%, 11204 KB/s], Decompressed: 36Downloaded: 1680 file(s) [attempted 1680/2991 = 56%, 1109 KB/s], Decompressed: 36Downloaded: 1980 file(s) [attempted 1980/2991 = 66%, 1953 KB/s], Decompressed: 36Downloaded: 2164 file(s) [attempted 2164/2991 = 72%, 1283 KB/s], Decompressed: 36Downloaded: 2413 file(s) [attempted 2413/2991 = 80%, 3868 KB/s], Decompressed: 36Downloaded: 2583 file(s) [attempted 2583/2991 = 86%, 10062 KB/s], Decompressed: 36Downloaded: 2920 file(s) [attempted 2920/2991 = 97%, 831 KB/s], Decompressed: 36Downloaded: 2991 file(s) [attempted 2991/2991 = 100%, 831 KB/s], Decompressed: 36
