{
  "registered_problems": 13,
  "candidate_problems": 8,
  "located_sources": 3,
  "fetched_papers": 1,
  "collected_problems": 5,
  "source_visually_checked_problems": 13,
  "semantic_self_review_only_problems": 0,
  "semantic_checked_problems": 5,
  "kernel_checked_problems": 5,
  "axiom_audit_passed_problems": 5,
  "audited_proofs": 5,
  "phase1_complete_problems": 0,
  "phase1_complete_policy": "All AC01-AC12 gates must pass on current evidence.",
  "pilot": {
    "accepted": false,
    "checks": {
      "collected_50": false,
      "collection_domains_6": false,
      "completed_10": false,
      "proof_domains_4": false,
      "modeling_challenge": false
    },
    "collected": 5,
    "collection_domains": [
      "expressions_functions",
      "sets_integers"
    ],
    "complete": 0,
    "proof_domains": []
  },
  "raw_dependency_traversed_problems": 5,
  "dependency_fully_validated_problems": 5,
  "inventory_complete_problems": 0,
  "learning_nodes": 79,
  "unclassified_dependencies": 10949,
  "unclassified_dependencies_reason": "Actual declarations without valid type-bound Japanese card mappings.",
  "classification_errors": [],
  "educational_frontier_status": "partial_with_explicit_unclassified_declarations",
  "target_first_batch": 5,
  "target_first_batch_complete_minimum": 1,
  "target_pilot_collected": 50,
  "target_pilot_complete": 10,
  "overall_verdict": "INCONCLUSIVE"
}
