{
  "validated_cases": [
    {
      "fixture": "wrapper",
      "nodes": 34,
      "edges": 137,
      "observed_audit": "passed",
      "expectation_passed": true
    },
    {
      "fixture": "type-only",
      "nodes": 8,
      "edges": 15,
      "observed_audit": "passed",
      "expectation_passed": true
    },
    {
      "fixture": "class",
      "nodes": 381,
      "edges": 2829,
      "observed_audit": "passed",
      "expectation_passed": true
    },
    {
      "fixture": "simp",
      "nodes": 43,
      "edges": 151,
      "observed_audit": "passed",
      "expectation_passed": true
    },
    {
      "fixture": "forbidden",
      "nodes": 3,
      "edges": 3,
      "observed_audit": "failed",
      "expectation_passed": true
    }
  ],
  "suite_status": "partial",
  "remaining_real_lean_fixtures": [
    "shared lemma from another project module",
    "mutual definitions",
    "unavailable or erased imported proof body"
  ],
  "not_exam_proofs": true
}
