info: mathlib: cloning https://github.com/leanprover-community/mathlib4.git
info: mathlib: checking out revision '0df444a360eaa60ab8c11dca51a86af692955474'
info: plausible: cloning https://github.com/leanprover-community/plausible
info: plausible: checking out revision 'b7eb3304aeae834b12dda98993a37f6a41f6f0bb'
info: LeanSearchClient: cloning https://github.com/leanprover-community/LeanSearchClient
info: LeanSearchClient: checking out revision '5f4d51b81cbd3f6b32b156bfad9056621a040404'
info: importGraph: cloning https://github.com/leanprover-community/import-graph
info: importGraph: checking out revision '16f02aa7642864af59f1ff0e384a015994db9118'
info: proofwidgets: cloning https://github.com/leanprover-community/ProofWidgets4
info: proofwidgets: checking out revision '4be2e3d5087eeb272cf5a8853b8f9dd025ef5957'
info: aesop: cloning https://github.com/leanprover-community/aesop
info: aesop: checking out revision '3448c0bcc5ce01b2d1546e483ec3620e32df3d0e'
info: Qq: cloning https://github.com/leanprover-community/quote4
info: Qq: checking out revision '92c15be17b7caf78c2ad767ec40f89052d908d81'
info: batteries: cloning https://github.com/leanprover-community/batteries
info: batteries: checking out revision '4488d40d070b9700d4d5a6aa342f0d40c31b2a2d'
info: Cli: cloning https://github.com/leanprover/lean4-cli
info: Cli: checking out revision '6130a47896ce867c6a4a55373441e59e565bad0f'
✔ [1/5] Built Cache.Cli (317ms)
✔ [2/5] Built Cache.Lean (408ms)
✔ [6/26] Built Cache.Cli:c.o (202ms)
✔ [7/26] Built Cache.Lean:c.o (274ms)
✔ [8/26] Built Cache.Infra (520ms)
✔ [9/26] Built Cache.Infra:c.o (228ms)
✔ [10/26] Built Batteries.Tactic.OpenPrivate (972ms)
✔ [11/26] Built Cache.IO (1.4s)
✔ [12/26] Built Batteries.Tactic.OpenPrivate:c.o (1.4s)
✔ [13/26] Built Cache.Hashing (778ms)
✔ [14/26] Built Cache.Hashing:c.o (465ms)
✔ [15/26] Built Cache.IO:c.o (1.9s)
✔ [16/26] Built Cache.Requests (2.1s)
✔ [17/26] Built Cache.Marker (539ms)
✔ [18/26] Built Cache.Marker:c.o (204ms)
✔ [19/26] Built Cache.Query (684ms)
✔ [20/26] Built Cache.Query:c.o (416ms)
✔ [21/26] Built Cache.Warning (814ms)
✔ [22/26] Built Cache.Warning:c.o (317ms)
✔ [23/26] Built Cache.Main (1.2s)
✔ [24/26] Built Cache.Requests:c.o (3.3s)
✔ [25/26] Built Cache.Main:c.o (968ms)
✔ [26/26] Built cache:exe (712ms)
Downloaded: 1 file(s) [attempted 1/2991 = 0%, 309 KB/s], Decompressed: 0Downloaded: 17 file(s) [attempted 17/2991 = 0%, 699 KB/s], Decompressed: 11Downloaded: 175 file(s) [attempted 175/2991 = 5%, 4890 KB/s], Decompressed: 17Downloaded: 395 file(s) [attempted 395/2991 = 13%, 15826 KB/s], Decompressed: 51Downloaded: 565 file(s) [attempted 565/2991 = 18%, 1936 KB/s], Decompressed: 51Downloaded: 702 file(s) [attempted 702/2991 = 23%, 1207 KB/s], Decompressed: 51Downloaded: 903 file(s) [attempted 903/2991 = 30%, 1971 KB/s], Decompressed: 51Downloaded: 1101 file(s) [attempted 1101/2991 = 36%, 6203 KB/s], Decompressed: 51Downloaded: 1315 file(s) [attempted 1315/2991 = 43%, 10015 KB/s], Decompressed: 51Downloaded: 1513 file(s) [attempted 1513/2991 = 50%, 8142 KB/s], Decompressed: 51Downloaded: 1734 file(s) [attempted 1734/2991 = 57%, 6030 KB/s], Decompressed: 51Downloaded: 1939 file(s) [attempted 1939/2991 = 64%, 19100 KB/s], Decompressed: 51Downloaded: 2186 file(s) [attempted 2186/2991 = 73%, 1326 KB/s], Decompressed: 51Downloaded: 2414 file(s) [attempted 2414/2991 = 80%, 5116 KB/s], Decompressed: 51Downloaded: 2620 file(s) [attempted 2620/2991 = 87%, 933 KB/s], Decompressed: 51Downloaded: 2822 file(s) [attempted 2822/2991 = 94%, 753 KB/s], Decompressed: 325Downloaded: 2987 file(s) [attempted 2987/2991 = 99%, 20128 KB/s], Decompressed: 325Downloaded: 2991 file(s) [attempted 2991/2991 = 100%, 20128 KB/s], Decompressed: 325
