info: mathlib: cloning https://github.com/leanprover-community/mathlib4.git
info: mathlib: checking out revision '0df444a360eaa60ab8c11dca51a86af692955474'
info: plausible: cloning https://github.com/leanprover-community/plausible
info: plausible: checking out revision 'b7eb3304aeae834b12dda98993a37f6a41f6f0bb'
info: LeanSearchClient: cloning https://github.com/leanprover-community/LeanSearchClient
info: LeanSearchClient: checking out revision '5f4d51b81cbd3f6b32b156bfad9056621a040404'
info: importGraph: cloning https://github.com/leanprover-community/import-graph
info: importGraph: checking out revision '16f02aa7642864af59f1ff0e384a015994db9118'
info: proofwidgets: cloning https://github.com/leanprover-community/ProofWidgets4
info: proofwidgets: checking out revision '4be2e3d5087eeb272cf5a8853b8f9dd025ef5957'
info: aesop: cloning https://github.com/leanprover-community/aesop
info: aesop: checking out revision '3448c0bcc5ce01b2d1546e483ec3620e32df3d0e'
info: Qq: cloning https://github.com/leanprover-community/quote4
info: Qq: checking out revision '92c15be17b7caf78c2ad767ec40f89052d908d81'
info: batteries: cloning https://github.com/leanprover-community/batteries
info: batteries: checking out revision '4488d40d070b9700d4d5a6aa342f0d40c31b2a2d'
info: Cli: cloning https://github.com/leanprover/lean4-cli
info: Cli: checking out revision '6130a47896ce867c6a4a55373441e59e565bad0f'
✔ [1/5] Built Cache.Cli (349ms)
✔ [3/26] Built Cache.Lean (411ms)
✔ [6/26] Built Cache.Cli:c.o (182ms)
✔ [7/26] Built Cache.Lean:c.o (247ms)
✔ [8/26] Built Cache.Infra (537ms)
✔ [9/26] Built Cache.Infra:c.o (210ms)
✔ [10/26] Built Batteries.Tactic.OpenPrivate (958ms)
✔ [11/26] Built Batteries.Tactic.OpenPrivate:c.o (1.2s)
✔ [12/26] Built Cache.IO (1.5s)
✔ [13/26] Built Cache.Hashing (835ms)
✔ [14/26] Built Cache.Hashing:c.o (472ms)
✔ [15/26] Built Cache.IO:c.o (1.8s)
✔ [16/26] Built Cache.Requests (2.1s)
✔ [17/26] Built Cache.Marker (634ms)
✔ [18/26] Built Cache.Marker:c.o (155ms)
✔ [19/26] Built Cache.Query (780ms)
✔ [20/26] Built Cache.Query:c.o (416ms)
✔ [21/26] Built Cache.Warning (820ms)
✔ [22/26] Built Cache.Warning:c.o (361ms)
✔ [23/26] Built Cache.Requests:c.o (2.9s)
✔ [24/26] Built Cache.Main (1.2s)
✔ [25/26] Built Cache.Main:c.o (892ms)
✔ [26/26] Built cache:exe (732ms)
Downloaded: 1 file(s) [attempted 1/2991 = 0%, 220 KB/s], Decompressed: 0Downloaded: 23 file(s) [attempted 23/2991 = 0%, 63 KB/s], Decompressed: 15Downloaded: 206 file(s) [attempted 206/2991 = 6%, 5620 KB/s], Decompressed: 23Downloaded: 361 file(s) [attempted 361/2991 = 12%, 1618 KB/s], Decompressed: 23Downloaded: 574 file(s) [attempted 574/2991 = 19%, 17748 KB/s], Decompressed: 23Downloaded: 679 file(s) [attempted 679/2991 = 22%, 6142 KB/s], Decompressed: 23Downloaded: 907 file(s) [attempted 907/2991 = 30%, 5866 KB/s], Decompressed: 108Downloaded: 1100 file(s) [attempted 1100/2991 = 36%, 3994 KB/s], Decompressed: 108Downloaded: 1275 file(s) [attempted 1275/2991 = 42%, 5170 KB/s], Decompressed: 108Downloaded: 1484 file(s) [attempted 1484/2991 = 49%, 1346 KB/s], Decompressed: 108Downloaded: 1689 file(s) [attempted 1689/2991 = 56%, 10569 KB/s], Decompressed: 108Downloaded: 1969 file(s) [attempted 1969/2991 = 65%, 17509 KB/s], Decompressed: 108Downloaded: 2173 file(s) [attempted 2173/2991 = 72%, 3827 KB/s], Decompressed: 108Downloaded: 2422 file(s) [attempted 2422/2991 = 80%, 5817 KB/s], Decompressed: 108Downloaded: 2662 file(s) [attempted 2662/2991 = 89%, 11250 KB/s], Decompressed: 108Downloaded: 2776 file(s) [attempted 2776/2991 = 92%, 1476 KB/s], Decompressed: 108Downloaded: 2962 file(s) [attempted 2962/2991 = 99%, 18705 KB/s], Decompressed: 108Downloaded: 2991 file(s) [attempted 2991/2991 = 100%, 18705 KB/s], Decompressed: 108
